<?xml version="1.0" encoding="UTF-8"?>
<testsuites>
  <testsuite name="/app/phpunit-ci.xml" tests="517" assertions="13393" errors="0" failures="0" skipped="0" time="122.175801">
    <testsuite name="Unit" tests="130" assertions="135" errors="0" failures="0" skipped="0" time="4.468029">
      <testsuite name="Tests\Unit\Playground\Lead\Api\Http\Requests\Campaign\CreateRequestTest" file="/app/tests/Unit/Http/Requests/Campaign/CreateRequestTest.php" tests="1" assertions="1" errors="0" failures="0" skipped="0" time="0.259647">
        <testcase name="test_request_instance" file="/app/vendor/gammamatrix/playground-test/src/Unit/Http/Requests/RequestCase.php" line="42" class="Tests\Unit\Playground\Lead\Api\Http\Requests\Campaign\CreateRequestTest" classname="Tests.Unit.Playground.Lead.Api.Http.Requests.Campaign.CreateRequestTest" assertions="1" time="0.259647"/>
      </testsuite>
      <testsuite name="Tests\Unit\Playground\Lead\Api\Http\Requests\Campaign\DestroyRequestTest" file="/app/tests/Unit/Http/Requests/Campaign/DestroyRequestTest.php" tests="1" assertions="1" errors="0" failures="0" skipped="0" time="0.035994">
        <testcase name="test_request_instance" file="/app/vendor/gammamatrix/playground-test/src/Unit/Http/Requests/RequestCase.php" line="42" class="Tests\Unit\Playground\Lead\Api\Http\Requests\Campaign\DestroyRequestTest" classname="Tests.Unit.Playground.Lead.Api.Http.Requests.Campaign.DestroyRequestTest" assertions="1" time="0.035994"/>
      </testsuite>
      <testsuite name="Tests\Unit\Playground\Lead\Api\Http\Requests\Campaign\EditRequestTest" file="/app/tests/Unit/Http/Requests/Campaign/EditRequestTest.php" tests="1" assertions="1" errors="0" failures="0" skipped="0" time="0.033068">
        <testcase name="test_request_instance" file="/app/vendor/gammamatrix/playground-test/src/Unit/Http/Requests/RequestCase.php" line="42" class="Tests\Unit\Playground\Lead\Api\Http\Requests\Campaign\EditRequestTest" classname="Tests.Unit.Playground.Lead.Api.Http.Requests.Campaign.EditRequestTest" assertions="1" time="0.033068"/>
      </testsuite>
      <testsuite name="Tests\Unit\Playground\Lead\Api\Http\Requests\Campaign\IndexRequestTest" file="/app/tests/Unit/Http/Requests/Campaign/IndexRequestTest.php" tests="1" assertions="1" errors="0" failures="0" skipped="0" time="0.033215">
        <testcase name="test_request_instance" file="/app/vendor/gammamatrix/playground-test/src/Unit/Http/Requests/RequestCase.php" line="42" class="Tests\Unit\Playground\Lead\Api\Http\Requests\Campaign\IndexRequestTest" classname="Tests.Unit.Playground.Lead.Api.Http.Requests.Campaign.IndexRequestTest" assertions="1" time="0.033215"/>
      </testsuite>
      <testsuite name="Tests\Unit\Playground\Lead\Api\Http\Requests\Campaign\LockRequestTest" file="/app/tests/Unit/Http/Requests/Campaign/LockRequestTest.php" tests="1" assertions="1" errors="0" failures="0" skipped="0" time="0.032097">
        <testcase name="test_request_instance" file="/app/vendor/gammamatrix/playground-test/src/Unit/Http/Requests/RequestCase.php" line="42" class="Tests\Unit\Playground\Lead\Api\Http\Requests\Campaign\LockRequestTest" classname="Tests.Unit.Playground.Lead.Api.Http.Requests.Campaign.LockRequestTest" assertions="1" time="0.032097"/>
      </testsuite>
      <testsuite name="Tests\Unit\Playground\Lead\Api\Http\Requests\Campaign\RestoreRequestTest" file="/app/tests/Unit/Http/Requests/Campaign/RestoreRequestTest.php" tests="1" assertions="1" errors="0" failures="0" skipped="0" time="0.031719">
        <testcase name="test_request_instance" file="/app/vendor/gammamatrix/playground-test/src/Unit/Http/Requests/RequestCase.php" line="42" class="Tests\Unit\Playground\Lead\Api\Http\Requests\Campaign\RestoreRequestTest" classname="Tests.Unit.Playground.Lead.Api.Http.Requests.Campaign.RestoreRequestTest" assertions="1" time="0.031719"/>
      </testsuite>
      <testsuite name="Tests\Unit\Playground\Lead\Api\Http\Requests\Campaign\ShowRequestTest" file="/app/tests/Unit/Http/Requests/Campaign/ShowRequestTest.php" tests="1" assertions="1" errors="0" failures="0" skipped="0" time="0.034712">
        <testcase name="test_request_instance" file="/app/vendor/gammamatrix/playground-test/src/Unit/Http/Requests/RequestCase.php" line="42" class="Tests\Unit\Playground\Lead\Api\Http\Requests\Campaign\ShowRequestTest" classname="Tests.Unit.Playground.Lead.Api.Http.Requests.Campaign.ShowRequestTest" assertions="1" time="0.034712"/>
      </testsuite>
      <testsuite name="Tests\Unit\Playground\Lead\Api\Http\Requests\Campaign\StoreRequestTest" file="/app/tests/Unit/Http/Requests/Campaign/StoreRequestTest.php" tests="1" assertions="1" errors="0" failures="0" skipped="0" time="0.033465">
        <testcase name="test_request_instance" file="/app/vendor/gammamatrix/playground-test/src/Unit/Http/Requests/RequestCase.php" line="42" class="Tests\Unit\Playground\Lead\Api\Http\Requests\Campaign\StoreRequestTest" classname="Tests.Unit.Playground.Lead.Api.Http.Requests.Campaign.StoreRequestTest" assertions="1" time="0.033465"/>
      </testsuite>
      <testsuite name="Tests\Unit\Playground\Lead\Api\Http\Requests\Campaign\UnlockRequestTest" file="/app/tests/Unit/Http/Requests/Campaign/UnlockRequestTest.php" tests="1" assertions="1" errors="0" failures="0" skipped="0" time="0.032622">
        <testcase name="test_request_instance" file="/app/vendor/gammamatrix/playground-test/src/Unit/Http/Requests/RequestCase.php" line="42" class="Tests\Unit\Playground\Lead\Api\Http\Requests\Campaign\UnlockRequestTest" classname="Tests.Unit.Playground.Lead.Api.Http.Requests.Campaign.UnlockRequestTest" assertions="1" time="0.032622"/>
      </testsuite>
      <testsuite name="Tests\Unit\Playground\Lead\Api\Http\Requests\Campaign\UpdateRequestTest" file="/app/tests/Unit/Http/Requests/Campaign/UpdateRequestTest.php" tests="1" assertions="1" errors="0" failures="0" skipped="0" time="0.032619">
        <testcase name="test_request_instance" file="/app/vendor/gammamatrix/playground-test/src/Unit/Http/Requests/RequestCase.php" line="42" class="Tests\Unit\Playground\Lead\Api\Http\Requests\Campaign\UpdateRequestTest" classname="Tests.Unit.Playground.Lead.Api.Http.Requests.Campaign.UpdateRequestTest" assertions="1" time="0.032619"/>
      </testsuite>
      <testsuite name="Tests\Unit\Playground\Lead\Api\Http\Requests\FormRequest\InstanceTest" file="/app/tests/Unit/Http/Requests/FormRequest/InstanceTest.php" tests="5" assertions="6" errors="0" failures="0" skipped="0" time="0.186543">
        <testcase name="test_form_request_authorize_without_user" file="/app/tests/Unit/Http/Requests/FormRequest/InstanceTest.php" line="23" class="Tests\Unit\Playground\Lead\Api\Http\Requests\FormRequest\InstanceTest" classname="Tests.Unit.Playground.Lead.Api.Http.Requests.FormRequest.InstanceTest" assertions="1" time="0.034692"/>
        <testcase name="test_rules_is_empty_by_default" file="/app/tests/Unit/Http/Requests/FormRequest/InstanceTest.php" line="30" class="Tests\Unit\Playground\Lead\Api\Http\Requests\FormRequest\InstanceTest" classname="Tests.Unit.Playground.Lead.Api.Http.Requests.FormRequest.InstanceTest" assertions="2" time="0.032032"/>
        <testcase name="test_user_has_admin_privileges_without_user" file="/app/tests/Unit/Http/Requests/FormRequest/InstanceTest.php" line="38" class="Tests\Unit\Playground\Lead\Api\Http\Requests\FormRequest\InstanceTest" classname="Tests.Unit.Playground.Lead.Api.Http.Requests.FormRequest.InstanceTest" assertions="1" time="0.032309"/>
        <testcase name="test_user_has_admin_privileges_with_admin" file="/app/tests/Unit/Http/Requests/FormRequest/InstanceTest.php" line="45" class="Tests\Unit\Playground\Lead\Api\Http\Requests\FormRequest\InstanceTest" classname="Tests.Unit.Playground.Lead.Api.Http.Requests.FormRequest.InstanceTest" assertions="1" time="0.050956"/>
        <testcase name="test_user_has_admin_privileges_with_default_laravel_user" file="/app/tests/Unit/Http/Requests/FormRequest/InstanceTest.php" line="57" class="Tests\Unit\Playground\Lead\Api\Http\Requests\FormRequest\InstanceTest" classname="Tests.Unit.Playground.Lead.Api.Http.Requests.FormRequest.InstanceTest" assertions="1" time="0.036554"/>
      </testsuite>
      <testsuite name="Tests\Unit\Playground\Lead\Api\Http\Requests\Goal\CreateRequestTest" file="/app/tests/Unit/Http/Requests/Goal/CreateRequestTest.php" tests="1" assertions="1" errors="0" failures="0" skipped="0" time="0.032505">
        <testcase name="test_request_instance" file="/app/vendor/gammamatrix/playground-test/src/Unit/Http/Requests/RequestCase.php" line="42" class="Tests\Unit\Playground\Lead\Api\Http\Requests\Goal\CreateRequestTest" classname="Tests.Unit.Playground.Lead.Api.Http.Requests.Goal.CreateRequestTest" assertions="1" time="0.032505"/>
      </testsuite>
      <testsuite name="Tests\Unit\Playground\Lead\Api\Http\Requests\Goal\DestroyRequestTest" file="/app/tests/Unit/Http/Requests/Goal/DestroyRequestTest.php" tests="1" assertions="1" errors="0" failures="0" skipped="0" time="0.031416">
        <testcase name="test_request_instance" file="/app/vendor/gammamatrix/playground-test/src/Unit/Http/Requests/RequestCase.php" line="42" class="Tests\Unit\Playground\Lead\Api\Http\Requests\Goal\DestroyRequestTest" classname="Tests.Unit.Playground.Lead.Api.Http.Requests.Goal.DestroyRequestTest" assertions="1" time="0.031416"/>
      </testsuite>
      <testsuite name="Tests\Unit\Playground\Lead\Api\Http\Requests\Goal\EditRequestTest" file="/app/tests/Unit/Http/Requests/Goal/EditRequestTest.php" tests="1" assertions="1" errors="0" failures="0" skipped="0" time="0.031165">
        <testcase name="test_request_instance" file="/app/vendor/gammamatrix/playground-test/src/Unit/Http/Requests/RequestCase.php" line="42" class="Tests\Unit\Playground\Lead\Api\Http\Requests\Goal\EditRequestTest" classname="Tests.Unit.Playground.Lead.Api.Http.Requests.Goal.EditRequestTest" assertions="1" time="0.031165"/>
      </testsuite>
      <testsuite name="Tests\Unit\Playground\Lead\Api\Http\Requests\Goal\IndexRequestTest" file="/app/tests/Unit/Http/Requests/Goal/IndexRequestTest.php" tests="1" assertions="1" errors="0" failures="0" skipped="0" time="0.031831">
        <testcase name="test_request_instance" file="/app/vendor/gammamatrix/playground-test/src/Unit/Http/Requests/RequestCase.php" line="42" class="Tests\Unit\Playground\Lead\Api\Http\Requests\Goal\IndexRequestTest" classname="Tests.Unit.Playground.Lead.Api.Http.Requests.Goal.IndexRequestTest" assertions="1" time="0.031831"/>
      </testsuite>
      <testsuite name="Tests\Unit\Playground\Lead\Api\Http\Requests\Goal\LockRequestTest" file="/app/tests/Unit/Http/Requests/Goal/LockRequestTest.php" tests="1" assertions="1" errors="0" failures="0" skipped="0" time="0.032238">
        <testcase name="test_request_instance" file="/app/vendor/gammamatrix/playground-test/src/Unit/Http/Requests/RequestCase.php" line="42" class="Tests\Unit\Playground\Lead\Api\Http\Requests\Goal\LockRequestTest" classname="Tests.Unit.Playground.Lead.Api.Http.Requests.Goal.LockRequestTest" assertions="1" time="0.032238"/>
      </testsuite>
      <testsuite name="Tests\Unit\Playground\Lead\Api\Http\Requests\Goal\RestoreRequestTest" file="/app/tests/Unit/Http/Requests/Goal/RestoreRequestTest.php" tests="1" assertions="1" errors="0" failures="0" skipped="0" time="0.031092">
        <testcase name="test_request_instance" file="/app/vendor/gammamatrix/playground-test/src/Unit/Http/Requests/RequestCase.php" line="42" class="Tests\Unit\Playground\Lead\Api\Http\Requests\Goal\RestoreRequestTest" classname="Tests.Unit.Playground.Lead.Api.Http.Requests.Goal.RestoreRequestTest" assertions="1" time="0.031092"/>
      </testsuite>
      <testsuite name="Tests\Unit\Playground\Lead\Api\Http\Requests\Goal\ShowRequestTest" file="/app/tests/Unit/Http/Requests/Goal/ShowRequestTest.php" tests="1" assertions="1" errors="0" failures="0" skipped="0" time="0.031326">
        <testcase name="test_request_instance" file="/app/vendor/gammamatrix/playground-test/src/Unit/Http/Requests/RequestCase.php" line="42" class="Tests\Unit\Playground\Lead\Api\Http\Requests\Goal\ShowRequestTest" classname="Tests.Unit.Playground.Lead.Api.Http.Requests.Goal.ShowRequestTest" assertions="1" time="0.031326"/>
      </testsuite>
      <testsuite name="Tests\Unit\Playground\Lead\Api\Http\Requests\Goal\StoreRequestTest" file="/app/tests/Unit/Http/Requests/Goal/StoreRequestTest.php" tests="1" assertions="1" errors="0" failures="0" skipped="0" time="0.031129">
        <testcase name="test_request_instance" file="/app/vendor/gammamatrix/playground-test/src/Unit/Http/Requests/RequestCase.php" line="42" class="Tests\Unit\Playground\Lead\Api\Http\Requests\Goal\StoreRequestTest" classname="Tests.Unit.Playground.Lead.Api.Http.Requests.Goal.StoreRequestTest" assertions="1" time="0.031129"/>
      </testsuite>
      <testsuite name="Tests\Unit\Playground\Lead\Api\Http\Requests\Goal\UnlockRequestTest" file="/app/tests/Unit/Http/Requests/Goal/UnlockRequestTest.php" tests="1" assertions="1" errors="0" failures="0" skipped="0" time="0.031025">
        <testcase name="test_request_instance" file="/app/vendor/gammamatrix/playground-test/src/Unit/Http/Requests/RequestCase.php" line="42" class="Tests\Unit\Playground\Lead\Api\Http\Requests\Goal\UnlockRequestTest" classname="Tests.Unit.Playground.Lead.Api.Http.Requests.Goal.UnlockRequestTest" assertions="1" time="0.031025"/>
      </testsuite>
      <testsuite name="Tests\Unit\Playground\Lead\Api\Http\Requests\Goal\UpdateRequestTest" file="/app/tests/Unit/Http/Requests/Goal/UpdateRequestTest.php" tests="1" assertions="1" errors="0" failures="0" skipped="0" time="0.031316">
        <testcase name="test_request_instance" file="/app/vendor/gammamatrix/playground-test/src/Unit/Http/Requests/RequestCase.php" line="42" class="Tests\Unit\Playground\Lead\Api\Http\Requests\Goal\UpdateRequestTest" classname="Tests.Unit.Playground.Lead.Api.Http.Requests.Goal.UpdateRequestTest" assertions="1" time="0.031316"/>
      </testsuite>
      <testsuite name="Tests\Unit\Playground\Lead\Api\Http\Requests\Lead\CreateRequestTest" file="/app/tests/Unit/Http/Requests/Lead/CreateRequestTest.php" tests="1" assertions="1" errors="0" failures="0" skipped="0" time="0.030936">
        <testcase name="test_request_instance" file="/app/vendor/gammamatrix/playground-test/src/Unit/Http/Requests/RequestCase.php" line="42" class="Tests\Unit\Playground\Lead\Api\Http\Requests\Lead\CreateRequestTest" classname="Tests.Unit.Playground.Lead.Api.Http.Requests.Lead.CreateRequestTest" assertions="1" time="0.030936"/>
      </testsuite>
      <testsuite name="Tests\Unit\Playground\Lead\Api\Http\Requests\Lead\DestroyRequestTest" file="/app/tests/Unit/Http/Requests/Lead/DestroyRequestTest.php" tests="1" assertions="1" errors="0" failures="0" skipped="0" time="0.031292">
        <testcase name="test_request_instance" file="/app/vendor/gammamatrix/playground-test/src/Unit/Http/Requests/RequestCase.php" line="42" class="Tests\Unit\Playground\Lead\Api\Http\Requests\Lead\DestroyRequestTest" classname="Tests.Unit.Playground.Lead.Api.Http.Requests.Lead.DestroyRequestTest" assertions="1" time="0.031292"/>
      </testsuite>
      <testsuite name="Tests\Unit\Playground\Lead\Api\Http\Requests\Lead\EditRequestTest" file="/app/tests/Unit/Http/Requests/Lead/EditRequestTest.php" tests="1" assertions="1" errors="0" failures="0" skipped="0" time="0.032378">
        <testcase name="test_request_instance" file="/app/vendor/gammamatrix/playground-test/src/Unit/Http/Requests/RequestCase.php" line="42" class="Tests\Unit\Playground\Lead\Api\Http\Requests\Lead\EditRequestTest" classname="Tests.Unit.Playground.Lead.Api.Http.Requests.Lead.EditRequestTest" assertions="1" time="0.032378"/>
      </testsuite>
      <testsuite name="Tests\Unit\Playground\Lead\Api\Http\Requests\Lead\IndexRequestTest" file="/app/tests/Unit/Http/Requests/Lead/IndexRequestTest.php" tests="1" assertions="1" errors="0" failures="0" skipped="0" time="0.031425">
        <testcase name="test_request_instance" file="/app/vendor/gammamatrix/playground-test/src/Unit/Http/Requests/RequestCase.php" line="42" class="Tests\Unit\Playground\Lead\Api\Http\Requests\Lead\IndexRequestTest" classname="Tests.Unit.Playground.Lead.Api.Http.Requests.Lead.IndexRequestTest" assertions="1" time="0.031425"/>
      </testsuite>
      <testsuite name="Tests\Unit\Playground\Lead\Api\Http\Requests\Lead\LockRequestTest" file="/app/tests/Unit/Http/Requests/Lead/LockRequestTest.php" tests="1" assertions="1" errors="0" failures="0" skipped="0" time="0.030945">
        <testcase name="test_request_instance" file="/app/vendor/gammamatrix/playground-test/src/Unit/Http/Requests/RequestCase.php" line="42" class="Tests\Unit\Playground\Lead\Api\Http\Requests\Lead\LockRequestTest" classname="Tests.Unit.Playground.Lead.Api.Http.Requests.Lead.LockRequestTest" assertions="1" time="0.030945"/>
      </testsuite>
      <testsuite name="Tests\Unit\Playground\Lead\Api\Http\Requests\Lead\RestoreRequestTest" file="/app/tests/Unit/Http/Requests/Lead/RestoreRequestTest.php" tests="1" assertions="1" errors="0" failures="0" skipped="0" time="0.031494">
        <testcase name="test_request_instance" file="/app/vendor/gammamatrix/playground-test/src/Unit/Http/Requests/RequestCase.php" line="42" class="Tests\Unit\Playground\Lead\Api\Http\Requests\Lead\RestoreRequestTest" classname="Tests.Unit.Playground.Lead.Api.Http.Requests.Lead.RestoreRequestTest" assertions="1" time="0.031494"/>
      </testsuite>
      <testsuite name="Tests\Unit\Playground\Lead\Api\Http\Requests\Lead\ShowRequestTest" file="/app/tests/Unit/Http/Requests/Lead/ShowRequestTest.php" tests="1" assertions="1" errors="0" failures="0" skipped="0" time="0.030974">
        <testcase name="test_request_instance" file="/app/vendor/gammamatrix/playground-test/src/Unit/Http/Requests/RequestCase.php" line="42" class="Tests\Unit\Playground\Lead\Api\Http\Requests\Lead\ShowRequestTest" classname="Tests.Unit.Playground.Lead.Api.Http.Requests.Lead.ShowRequestTest" assertions="1" time="0.030974"/>
      </testsuite>
      <testsuite name="Tests\Unit\Playground\Lead\Api\Http\Requests\Lead\StoreRequestTest" file="/app/tests/Unit/Http/Requests/Lead/StoreRequestTest.php" tests="1" assertions="1" errors="0" failures="0" skipped="0" time="0.031971">
        <testcase name="test_request_instance" file="/app/vendor/gammamatrix/playground-test/src/Unit/Http/Requests/RequestCase.php" line="42" class="Tests\Unit\Playground\Lead\Api\Http\Requests\Lead\StoreRequestTest" classname="Tests.Unit.Playground.Lead.Api.Http.Requests.Lead.StoreRequestTest" assertions="1" time="0.031971"/>
      </testsuite>
      <testsuite name="Tests\Unit\Playground\Lead\Api\Http\Requests\Lead\UnlockRequestTest" file="/app/tests/Unit/Http/Requests/Lead/UnlockRequestTest.php" tests="1" assertions="1" errors="0" failures="0" skipped="0" time="0.034385">
        <testcase name="test_request_instance" file="/app/vendor/gammamatrix/playground-test/src/Unit/Http/Requests/RequestCase.php" line="42" class="Tests\Unit\Playground\Lead\Api\Http\Requests\Lead\UnlockRequestTest" classname="Tests.Unit.Playground.Lead.Api.Http.Requests.Lead.UnlockRequestTest" assertions="1" time="0.034385"/>
      </testsuite>
      <testsuite name="Tests\Unit\Playground\Lead\Api\Http\Requests\Lead\UpdateRequestTest" file="/app/tests/Unit/Http/Requests/Lead/UpdateRequestTest.php" tests="1" assertions="1" errors="0" failures="0" skipped="0" time="0.033985">
        <testcase name="test_request_instance" file="/app/vendor/gammamatrix/playground-test/src/Unit/Http/Requests/RequestCase.php" line="42" class="Tests\Unit\Playground\Lead\Api\Http\Requests\Lead\UpdateRequestTest" classname="Tests.Unit.Playground.Lead.Api.Http.Requests.Lead.UpdateRequestTest" assertions="1" time="0.033985"/>
      </testsuite>
      <testsuite name="Tests\Unit\Playground\Lead\Api\Http\Requests\Opportunity\CreateRequestTest" file="/app/tests/Unit/Http/Requests/Opportunity/CreateRequestTest.php" tests="1" assertions="1" errors="0" failures="0" skipped="0" time="0.034921">
        <testcase name="test_request_instance" file="/app/vendor/gammamatrix/playground-test/src/Unit/Http/Requests/RequestCase.php" line="42" class="Tests\Unit\Playground\Lead\Api\Http\Requests\Opportunity\CreateRequestTest" classname="Tests.Unit.Playground.Lead.Api.Http.Requests.Opportunity.CreateRequestTest" assertions="1" time="0.034921"/>
      </testsuite>
      <testsuite name="Tests\Unit\Playground\Lead\Api\Http\Requests\Opportunity\DestroyRequestTest" file="/app/tests/Unit/Http/Requests/Opportunity/DestroyRequestTest.php" tests="1" assertions="1" errors="0" failures="0" skipped="0" time="0.031189">
        <testcase name="test_request_instance" file="/app/vendor/gammamatrix/playground-test/src/Unit/Http/Requests/RequestCase.php" line="42" class="Tests\Unit\Playground\Lead\Api\Http\Requests\Opportunity\DestroyRequestTest" classname="Tests.Unit.Playground.Lead.Api.Http.Requests.Opportunity.DestroyRequestTest" assertions="1" time="0.031189"/>
      </testsuite>
      <testsuite name="Tests\Unit\Playground\Lead\Api\Http\Requests\Opportunity\EditRequestTest" file="/app/tests/Unit/Http/Requests/Opportunity/EditRequestTest.php" tests="1" assertions="1" errors="0" failures="0" skipped="0" time="0.034893">
        <testcase name="test_request_instance" file="/app/vendor/gammamatrix/playground-test/src/Unit/Http/Requests/RequestCase.php" line="42" class="Tests\Unit\Playground\Lead\Api\Http\Requests\Opportunity\EditRequestTest" classname="Tests.Unit.Playground.Lead.Api.Http.Requests.Opportunity.EditRequestTest" assertions="1" time="0.034893"/>
      </testsuite>
      <testsuite name="Tests\Unit\Playground\Lead\Api\Http\Requests\Opportunity\IndexRequestTest" file="/app/tests/Unit/Http/Requests/Opportunity/IndexRequestTest.php" tests="1" assertions="1" errors="0" failures="0" skipped="0" time="0.036719">
        <testcase name="test_request_instance" file="/app/vendor/gammamatrix/playground-test/src/Unit/Http/Requests/RequestCase.php" line="42" class="Tests\Unit\Playground\Lead\Api\Http\Requests\Opportunity\IndexRequestTest" classname="Tests.Unit.Playground.Lead.Api.Http.Requests.Opportunity.IndexRequestTest" assertions="1" time="0.036719"/>
      </testsuite>
      <testsuite name="Tests\Unit\Playground\Lead\Api\Http\Requests\Opportunity\LockRequestTest" file="/app/tests/Unit/Http/Requests/Opportunity/LockRequestTest.php" tests="1" assertions="1" errors="0" failures="0" skipped="0" time="0.033164">
        <testcase name="test_request_instance" file="/app/vendor/gammamatrix/playground-test/src/Unit/Http/Requests/RequestCase.php" line="42" class="Tests\Unit\Playground\Lead\Api\Http\Requests\Opportunity\LockRequestTest" classname="Tests.Unit.Playground.Lead.Api.Http.Requests.Opportunity.LockRequestTest" assertions="1" time="0.033164"/>
      </testsuite>
      <testsuite name="Tests\Unit\Playground\Lead\Api\Http\Requests\Opportunity\RestoreRequestTest" file="/app/tests/Unit/Http/Requests/Opportunity/RestoreRequestTest.php" tests="1" assertions="1" errors="0" failures="0" skipped="0" time="0.031699">
        <testcase name="test_request_instance" file="/app/vendor/gammamatrix/playground-test/src/Unit/Http/Requests/RequestCase.php" line="42" class="Tests\Unit\Playground\Lead\Api\Http\Requests\Opportunity\RestoreRequestTest" classname="Tests.Unit.Playground.Lead.Api.Http.Requests.Opportunity.RestoreRequestTest" assertions="1" time="0.031699"/>
      </testsuite>
      <testsuite name="Tests\Unit\Playground\Lead\Api\Http\Requests\Opportunity\ShowRequestTest" file="/app/tests/Unit/Http/Requests/Opportunity/ShowRequestTest.php" tests="1" assertions="1" errors="0" failures="0" skipped="0" time="0.031777">
        <testcase name="test_request_instance" file="/app/vendor/gammamatrix/playground-test/src/Unit/Http/Requests/RequestCase.php" line="42" class="Tests\Unit\Playground\Lead\Api\Http\Requests\Opportunity\ShowRequestTest" classname="Tests.Unit.Playground.Lead.Api.Http.Requests.Opportunity.ShowRequestTest" assertions="1" time="0.031777"/>
      </testsuite>
      <testsuite name="Tests\Unit\Playground\Lead\Api\Http\Requests\Opportunity\StoreRequestTest" file="/app/tests/Unit/Http/Requests/Opportunity/StoreRequestTest.php" tests="1" assertions="1" errors="0" failures="0" skipped="0" time="0.031154">
        <testcase name="test_request_instance" file="/app/vendor/gammamatrix/playground-test/src/Unit/Http/Requests/RequestCase.php" line="42" class="Tests\Unit\Playground\Lead\Api\Http\Requests\Opportunity\StoreRequestTest" classname="Tests.Unit.Playground.Lead.Api.Http.Requests.Opportunity.StoreRequestTest" assertions="1" time="0.031154"/>
      </testsuite>
      <testsuite name="Tests\Unit\Playground\Lead\Api\Http\Requests\Opportunity\UnlockRequestTest" file="/app/tests/Unit/Http/Requests/Opportunity/UnlockRequestTest.php" tests="1" assertions="1" errors="0" failures="0" skipped="0" time="0.030987">
        <testcase name="test_request_instance" file="/app/vendor/gammamatrix/playground-test/src/Unit/Http/Requests/RequestCase.php" line="42" class="Tests\Unit\Playground\Lead\Api\Http\Requests\Opportunity\UnlockRequestTest" classname="Tests.Unit.Playground.Lead.Api.Http.Requests.Opportunity.UnlockRequestTest" assertions="1" time="0.030987"/>
      </testsuite>
      <testsuite name="Tests\Unit\Playground\Lead\Api\Http\Requests\Opportunity\UpdateRequestTest" file="/app/tests/Unit/Http/Requests/Opportunity/UpdateRequestTest.php" tests="1" assertions="1" errors="0" failures="0" skipped="0" time="0.034935">
        <testcase name="test_request_instance" file="/app/vendor/gammamatrix/playground-test/src/Unit/Http/Requests/RequestCase.php" line="42" class="Tests\Unit\Playground\Lead\Api\Http\Requests\Opportunity\UpdateRequestTest" classname="Tests.Unit.Playground.Lead.Api.Http.Requests.Opportunity.UpdateRequestTest" assertions="1" time="0.034935"/>
      </testsuite>
      <testsuite name="Tests\Unit\Playground\Lead\Api\Http\Requests\Plan\CreateRequestTest" file="/app/tests/Unit/Http/Requests/Plan/CreateRequestTest.php" tests="1" assertions="1" errors="0" failures="0" skipped="0" time="0.035798">
        <testcase name="test_request_instance" file="/app/vendor/gammamatrix/playground-test/src/Unit/Http/Requests/RequestCase.php" line="42" class="Tests\Unit\Playground\Lead\Api\Http\Requests\Plan\CreateRequestTest" classname="Tests.Unit.Playground.Lead.Api.Http.Requests.Plan.CreateRequestTest" assertions="1" time="0.035798"/>
      </testsuite>
      <testsuite name="Tests\Unit\Playground\Lead\Api\Http\Requests\Plan\DestroyRequestTest" file="/app/tests/Unit/Http/Requests/Plan/DestroyRequestTest.php" tests="1" assertions="1" errors="0" failures="0" skipped="0" time="0.035251">
        <testcase name="test_request_instance" file="/app/vendor/gammamatrix/playground-test/src/Unit/Http/Requests/RequestCase.php" line="42" class="Tests\Unit\Playground\Lead\Api\Http\Requests\Plan\DestroyRequestTest" classname="Tests.Unit.Playground.Lead.Api.Http.Requests.Plan.DestroyRequestTest" assertions="1" time="0.035251"/>
      </testsuite>
      <testsuite name="Tests\Unit\Playground\Lead\Api\Http\Requests\Plan\EditRequestTest" file="/app/tests/Unit/Http/Requests/Plan/EditRequestTest.php" tests="1" assertions="1" errors="0" failures="0" skipped="0" time="0.036285">
        <testcase name="test_request_instance" file="/app/vendor/gammamatrix/playground-test/src/Unit/Http/Requests/RequestCase.php" line="42" class="Tests\Unit\Playground\Lead\Api\Http\Requests\Plan\EditRequestTest" classname="Tests.Unit.Playground.Lead.Api.Http.Requests.Plan.EditRequestTest" assertions="1" time="0.036285"/>
      </testsuite>
      <testsuite name="Tests\Unit\Playground\Lead\Api\Http\Requests\Plan\IndexRequestTest" file="/app/tests/Unit/Http/Requests/Plan/IndexRequestTest.php" tests="1" assertions="1" errors="0" failures="0" skipped="0" time="0.034329">
        <testcase name="test_request_instance" file="/app/vendor/gammamatrix/playground-test/src/Unit/Http/Requests/RequestCase.php" line="42" class="Tests\Unit\Playground\Lead\Api\Http\Requests\Plan\IndexRequestTest" classname="Tests.Unit.Playground.Lead.Api.Http.Requests.Plan.IndexRequestTest" assertions="1" time="0.034329"/>
      </testsuite>
      <testsuite name="Tests\Unit\Playground\Lead\Api\Http\Requests\Plan\LockRequestTest" file="/app/tests/Unit/Http/Requests/Plan/LockRequestTest.php" tests="1" assertions="1" errors="0" failures="0" skipped="0" time="0.031053">
        <testcase name="test_request_instance" file="/app/vendor/gammamatrix/playground-test/src/Unit/Http/Requests/RequestCase.php" line="42" class="Tests\Unit\Playground\Lead\Api\Http\Requests\Plan\LockRequestTest" classname="Tests.Unit.Playground.Lead.Api.Http.Requests.Plan.LockRequestTest" assertions="1" time="0.031053"/>
      </testsuite>
      <testsuite name="Tests\Unit\Playground\Lead\Api\Http\Requests\Plan\RestoreRequestTest" file="/app/tests/Unit/Http/Requests/Plan/RestoreRequestTest.php" tests="1" assertions="1" errors="0" failures="0" skipped="0" time="0.031648">
        <testcase name="test_request_instance" file="/app/vendor/gammamatrix/playground-test/src/Unit/Http/Requests/RequestCase.php" line="42" class="Tests\Unit\Playground\Lead\Api\Http\Requests\Plan\RestoreRequestTest" classname="Tests.Unit.Playground.Lead.Api.Http.Requests.Plan.RestoreRequestTest" assertions="1" time="0.031648"/>
      </testsuite>
      <testsuite name="Tests\Unit\Playground\Lead\Api\Http\Requests\Plan\ShowRequestTest" file="/app/tests/Unit/Http/Requests/Plan/ShowRequestTest.php" tests="1" assertions="1" errors="0" failures="0" skipped="0" time="0.031137">
        <testcase name="test_request_instance" file="/app/vendor/gammamatrix/playground-test/src/Unit/Http/Requests/RequestCase.php" line="42" class="Tests\Unit\Playground\Lead\Api\Http\Requests\Plan\ShowRequestTest" classname="Tests.Unit.Playground.Lead.Api.Http.Requests.Plan.ShowRequestTest" assertions="1" time="0.031137"/>
      </testsuite>
      <testsuite name="Tests\Unit\Playground\Lead\Api\Http\Requests\Plan\StoreRequestTest" file="/app/tests/Unit/Http/Requests/Plan/StoreRequestTest.php" tests="1" assertions="1" errors="0" failures="0" skipped="0" time="0.031348">
        <testcase name="test_request_instance" file="/app/vendor/gammamatrix/playground-test/src/Unit/Http/Requests/RequestCase.php" line="42" class="Tests\Unit\Playground\Lead\Api\Http\Requests\Plan\StoreRequestTest" classname="Tests.Unit.Playground.Lead.Api.Http.Requests.Plan.StoreRequestTest" assertions="1" time="0.031348"/>
      </testsuite>
      <testsuite name="Tests\Unit\Playground\Lead\Api\Http\Requests\Plan\UnlockRequestTest" file="/app/tests/Unit/Http/Requests/Plan/UnlockRequestTest.php" tests="1" assertions="1" errors="0" failures="0" skipped="0" time="0.031014">
        <testcase name="test_request_instance" file="/app/vendor/gammamatrix/playground-test/src/Unit/Http/Requests/RequestCase.php" line="42" class="Tests\Unit\Playground\Lead\Api\Http\Requests\Plan\UnlockRequestTest" classname="Tests.Unit.Playground.Lead.Api.Http.Requests.Plan.UnlockRequestTest" assertions="1" time="0.031014"/>
      </testsuite>
      <testsuite name="Tests\Unit\Playground\Lead\Api\Http\Requests\Plan\UpdateRequestTest" file="/app/tests/Unit/Http/Requests/Plan/UpdateRequestTest.php" tests="1" assertions="1" errors="0" failures="0" skipped="0" time="0.031706">
        <testcase name="test_request_instance" file="/app/vendor/gammamatrix/playground-test/src/Unit/Http/Requests/RequestCase.php" line="42" class="Tests\Unit\Playground\Lead\Api\Http\Requests\Plan\UpdateRequestTest" classname="Tests.Unit.Playground.Lead.Api.Http.Requests.Plan.UpdateRequestTest" assertions="1" time="0.031706"/>
      </testsuite>
      <testsuite name="Tests\Unit\Playground\Lead\Api\Http\Requests\Region\CreateRequestTest" file="/app/tests/Unit/Http/Requests/Region/CreateRequestTest.php" tests="1" assertions="1" errors="0" failures="0" skipped="0" time="0.034495">
        <testcase name="test_request_instance" file="/app/vendor/gammamatrix/playground-test/src/Unit/Http/Requests/RequestCase.php" line="42" class="Tests\Unit\Playground\Lead\Api\Http\Requests\Region\CreateRequestTest" classname="Tests.Unit.Playground.Lead.Api.Http.Requests.Region.CreateRequestTest" assertions="1" time="0.034495"/>
      </testsuite>
      <testsuite name="Tests\Unit\Playground\Lead\Api\Http\Requests\Region\DestroyRequestTest" file="/app/tests/Unit/Http/Requests/Region/DestroyRequestTest.php" tests="1" assertions="1" errors="0" failures="0" skipped="0" time="0.036177">
        <testcase name="test_request_instance" file="/app/vendor/gammamatrix/playground-test/src/Unit/Http/Requests/RequestCase.php" line="42" class="Tests\Unit\Playground\Lead\Api\Http\Requests\Region\DestroyRequestTest" classname="Tests.Unit.Playground.Lead.Api.Http.Requests.Region.DestroyRequestTest" assertions="1" time="0.036177"/>
      </testsuite>
      <testsuite name="Tests\Unit\Playground\Lead\Api\Http\Requests\Region\EditRequestTest" file="/app/tests/Unit/Http/Requests/Region/EditRequestTest.php" tests="1" assertions="1" errors="0" failures="0" skipped="0" time="0.033297">
        <testcase name="test_request_instance" file="/app/vendor/gammamatrix/playground-test/src/Unit/Http/Requests/RequestCase.php" line="42" class="Tests\Unit\Playground\Lead\Api\Http\Requests\Region\EditRequestTest" classname="Tests.Unit.Playground.Lead.Api.Http.Requests.Region.EditRequestTest" assertions="1" time="0.033297"/>
      </testsuite>
      <testsuite name="Tests\Unit\Playground\Lead\Api\Http\Requests\Region\IndexRequestTest" file="/app/tests/Unit/Http/Requests/Region/IndexRequestTest.php" tests="1" assertions="1" errors="0" failures="0" skipped="0" time="0.031585">
        <testcase name="test_request_instance" file="/app/vendor/gammamatrix/playground-test/src/Unit/Http/Requests/RequestCase.php" line="42" class="Tests\Unit\Playground\Lead\Api\Http\Requests\Region\IndexRequestTest" classname="Tests.Unit.Playground.Lead.Api.Http.Requests.Region.IndexRequestTest" assertions="1" time="0.031585"/>
      </testsuite>
      <testsuite name="Tests\Unit\Playground\Lead\Api\Http\Requests\Region\LockRequestTest" file="/app/tests/Unit/Http/Requests/Region/LockRequestTest.php" tests="1" assertions="1" errors="0" failures="0" skipped="0" time="0.031362">
        <testcase name="test_request_instance" file="/app/vendor/gammamatrix/playground-test/src/Unit/Http/Requests/RequestCase.php" line="42" class="Tests\Unit\Playground\Lead\Api\Http\Requests\Region\LockRequestTest" classname="Tests.Unit.Playground.Lead.Api.Http.Requests.Region.LockRequestTest" assertions="1" time="0.031362"/>
      </testsuite>
      <testsuite name="Tests\Unit\Playground\Lead\Api\Http\Requests\Region\RestoreRequestTest" file="/app/tests/Unit/Http/Requests/Region/RestoreRequestTest.php" tests="1" assertions="1" errors="0" failures="0" skipped="0" time="0.031506">
        <testcase name="test_request_instance" file="/app/vendor/gammamatrix/playground-test/src/Unit/Http/Requests/RequestCase.php" line="42" class="Tests\Unit\Playground\Lead\Api\Http\Requests\Region\RestoreRequestTest" classname="Tests.Unit.Playground.Lead.Api.Http.Requests.Region.RestoreRequestTest" assertions="1" time="0.031506"/>
      </testsuite>
      <testsuite name="Tests\Unit\Playground\Lead\Api\Http\Requests\Region\ShowRequestTest" file="/app/tests/Unit/Http/Requests/Region/ShowRequestTest.php" tests="1" assertions="1" errors="0" failures="0" skipped="0" time="0.033377">
        <testcase name="test_request_instance" file="/app/vendor/gammamatrix/playground-test/src/Unit/Http/Requests/RequestCase.php" line="42" class="Tests\Unit\Playground\Lead\Api\Http\Requests\Region\ShowRequestTest" classname="Tests.Unit.Playground.Lead.Api.Http.Requests.Region.ShowRequestTest" assertions="1" time="0.033377"/>
      </testsuite>
      <testsuite name="Tests\Unit\Playground\Lead\Api\Http\Requests\Region\StoreRequestTest" file="/app/tests/Unit/Http/Requests/Region/StoreRequestTest.php" tests="1" assertions="1" errors="0" failures="0" skipped="0" time="0.031467">
        <testcase name="test_request_instance" file="/app/vendor/gammamatrix/playground-test/src/Unit/Http/Requests/RequestCase.php" line="42" class="Tests\Unit\Playground\Lead\Api\Http\Requests\Region\StoreRequestTest" classname="Tests.Unit.Playground.Lead.Api.Http.Requests.Region.StoreRequestTest" assertions="1" time="0.031467"/>
      </testsuite>
      <testsuite name="Tests\Unit\Playground\Lead\Api\Http\Requests\Region\UnlockRequestTest" file="/app/tests/Unit/Http/Requests/Region/UnlockRequestTest.php" tests="1" assertions="1" errors="0" failures="0" skipped="0" time="0.031373">
        <testcase name="test_request_instance" file="/app/vendor/gammamatrix/playground-test/src/Unit/Http/Requests/RequestCase.php" line="42" class="Tests\Unit\Playground\Lead\Api\Http\Requests\Region\UnlockRequestTest" classname="Tests.Unit.Playground.Lead.Api.Http.Requests.Region.UnlockRequestTest" assertions="1" time="0.031373"/>
      </testsuite>
      <testsuite name="Tests\Unit\Playground\Lead\Api\Http\Requests\Region\UpdateRequestTest" file="/app/tests/Unit/Http/Requests/Region/UpdateRequestTest.php" tests="1" assertions="1" errors="0" failures="0" skipped="0" time="0.031143">
        <testcase name="test_request_instance" file="/app/vendor/gammamatrix/playground-test/src/Unit/Http/Requests/RequestCase.php" line="42" class="Tests\Unit\Playground\Lead\Api\Http\Requests\Region\UpdateRequestTest" classname="Tests.Unit.Playground.Lead.Api.Http.Requests.Region.UpdateRequestTest" assertions="1" time="0.031143"/>
      </testsuite>
      <testsuite name="Tests\Unit\Playground\Lead\Api\Http\Requests\Report\CreateRequestTest" file="/app/tests/Unit/Http/Requests/Report/CreateRequestTest.php" tests="1" assertions="1" errors="0" failures="0" skipped="0" time="0.035160">
        <testcase name="test_request_instance" file="/app/vendor/gammamatrix/playground-test/src/Unit/Http/Requests/RequestCase.php" line="42" class="Tests\Unit\Playground\Lead\Api\Http\Requests\Report\CreateRequestTest" classname="Tests.Unit.Playground.Lead.Api.Http.Requests.Report.CreateRequestTest" assertions="1" time="0.035160"/>
      </testsuite>
      <testsuite name="Tests\Unit\Playground\Lead\Api\Http\Requests\Report\DestroyRequestTest" file="/app/tests/Unit/Http/Requests/Report/DestroyRequestTest.php" tests="1" assertions="1" errors="0" failures="0" skipped="0" time="0.031123">
        <testcase name="test_request_instance" file="/app/vendor/gammamatrix/playground-test/src/Unit/Http/Requests/RequestCase.php" line="42" class="Tests\Unit\Playground\Lead\Api\Http\Requests\Report\DestroyRequestTest" classname="Tests.Unit.Playground.Lead.Api.Http.Requests.Report.DestroyRequestTest" assertions="1" time="0.031123"/>
      </testsuite>
      <testsuite name="Tests\Unit\Playground\Lead\Api\Http\Requests\Report\EditRequestTest" file="/app/tests/Unit/Http/Requests/Report/EditRequestTest.php" tests="1" assertions="1" errors="0" failures="0" skipped="0" time="0.032089">
        <testcase name="test_request_instance" file="/app/vendor/gammamatrix/playground-test/src/Unit/Http/Requests/RequestCase.php" line="42" class="Tests\Unit\Playground\Lead\Api\Http\Requests\Report\EditRequestTest" classname="Tests.Unit.Playground.Lead.Api.Http.Requests.Report.EditRequestTest" assertions="1" time="0.032089"/>
      </testsuite>
      <testsuite name="Tests\Unit\Playground\Lead\Api\Http\Requests\Report\IndexRequestTest" file="/app/tests/Unit/Http/Requests/Report/IndexRequestTest.php" tests="1" assertions="1" errors="0" failures="0" skipped="0" time="0.034056">
        <testcase name="test_request_instance" file="/app/vendor/gammamatrix/playground-test/src/Unit/Http/Requests/RequestCase.php" line="42" class="Tests\Unit\Playground\Lead\Api\Http\Requests\Report\IndexRequestTest" classname="Tests.Unit.Playground.Lead.Api.Http.Requests.Report.IndexRequestTest" assertions="1" time="0.034056"/>
      </testsuite>
      <testsuite name="Tests\Unit\Playground\Lead\Api\Http\Requests\Report\LockRequestTest" file="/app/tests/Unit/Http/Requests/Report/LockRequestTest.php" tests="1" assertions="1" errors="0" failures="0" skipped="0" time="0.031905">
        <testcase name="test_request_instance" file="/app/vendor/gammamatrix/playground-test/src/Unit/Http/Requests/RequestCase.php" line="42" class="Tests\Unit\Playground\Lead\Api\Http\Requests\Report\LockRequestTest" classname="Tests.Unit.Playground.Lead.Api.Http.Requests.Report.LockRequestTest" assertions="1" time="0.031905"/>
      </testsuite>
      <testsuite name="Tests\Unit\Playground\Lead\Api\Http\Requests\Report\RestoreRequestTest" file="/app/tests/Unit/Http/Requests/Report/RestoreRequestTest.php" tests="1" assertions="1" errors="0" failures="0" skipped="0" time="0.033493">
        <testcase name="test_request_instance" file="/app/vendor/gammamatrix/playground-test/src/Unit/Http/Requests/RequestCase.php" line="42" class="Tests\Unit\Playground\Lead\Api\Http\Requests\Report\RestoreRequestTest" classname="Tests.Unit.Playground.Lead.Api.Http.Requests.Report.RestoreRequestTest" assertions="1" time="0.033493"/>
      </testsuite>
      <testsuite name="Tests\Unit\Playground\Lead\Api\Http\Requests\Report\ShowRequestTest" file="/app/tests/Unit/Http/Requests/Report/ShowRequestTest.php" tests="1" assertions="1" errors="0" failures="0" skipped="0" time="0.031563">
        <testcase name="test_request_instance" file="/app/vendor/gammamatrix/playground-test/src/Unit/Http/Requests/RequestCase.php" line="42" class="Tests\Unit\Playground\Lead\Api\Http\Requests\Report\ShowRequestTest" classname="Tests.Unit.Playground.Lead.Api.Http.Requests.Report.ShowRequestTest" assertions="1" time="0.031563"/>
      </testsuite>
      <testsuite name="Tests\Unit\Playground\Lead\Api\Http\Requests\Report\StoreRequestTest" file="/app/tests/Unit/Http/Requests/Report/StoreRequestTest.php" tests="1" assertions="1" errors="0" failures="0" skipped="0" time="0.032523">
        <testcase name="test_request_instance" file="/app/vendor/gammamatrix/playground-test/src/Unit/Http/Requests/RequestCase.php" line="42" class="Tests\Unit\Playground\Lead\Api\Http\Requests\Report\StoreRequestTest" classname="Tests.Unit.Playground.Lead.Api.Http.Requests.Report.StoreRequestTest" assertions="1" time="0.032523"/>
      </testsuite>
      <testsuite name="Tests\Unit\Playground\Lead\Api\Http\Requests\Report\UnlockRequestTest" file="/app/tests/Unit/Http/Requests/Report/UnlockRequestTest.php" tests="1" assertions="1" errors="0" failures="0" skipped="0" time="0.032724">
        <testcase name="test_request_instance" file="/app/vendor/gammamatrix/playground-test/src/Unit/Http/Requests/RequestCase.php" line="42" class="Tests\Unit\Playground\Lead\Api\Http\Requests\Report\UnlockRequestTest" classname="Tests.Unit.Playground.Lead.Api.Http.Requests.Report.UnlockRequestTest" assertions="1" time="0.032724"/>
      </testsuite>
      <testsuite name="Tests\Unit\Playground\Lead\Api\Http\Requests\Report\UpdateRequestTest" file="/app/tests/Unit/Http/Requests/Report/UpdateRequestTest.php" tests="1" assertions="1" errors="0" failures="0" skipped="0" time="0.032015">
        <testcase name="test_request_instance" file="/app/vendor/gammamatrix/playground-test/src/Unit/Http/Requests/RequestCase.php" line="42" class="Tests\Unit\Playground\Lead\Api\Http\Requests\Report\UpdateRequestTest" classname="Tests.Unit.Playground.Lead.Api.Http.Requests.Report.UpdateRequestTest" assertions="1" time="0.032015"/>
      </testsuite>
      <testsuite name="Tests\Unit\Playground\Lead\Api\Http\Requests\Source\CreateRequestTest" file="/app/tests/Unit/Http/Requests/Source/CreateRequestTest.php" tests="1" assertions="1" errors="0" failures="0" skipped="0" time="0.031599">
        <testcase name="test_request_instance" file="/app/vendor/gammamatrix/playground-test/src/Unit/Http/Requests/RequestCase.php" line="42" class="Tests\Unit\Playground\Lead\Api\Http\Requests\Source\CreateRequestTest" classname="Tests.Unit.Playground.Lead.Api.Http.Requests.Source.CreateRequestTest" assertions="1" time="0.031599"/>
      </testsuite>
      <testsuite name="Tests\Unit\Playground\Lead\Api\Http\Requests\Source\DestroyRequestTest" file="/app/tests/Unit/Http/Requests/Source/DestroyRequestTest.php" tests="1" assertions="1" errors="0" failures="0" skipped="0" time="0.031537">
        <testcase name="test_request_instance" file="/app/vendor/gammamatrix/playground-test/src/Unit/Http/Requests/RequestCase.php" line="42" class="Tests\Unit\Playground\Lead\Api\Http\Requests\Source\DestroyRequestTest" classname="Tests.Unit.Playground.Lead.Api.Http.Requests.Source.DestroyRequestTest" assertions="1" time="0.031537"/>
      </testsuite>
      <testsuite name="Tests\Unit\Playground\Lead\Api\Http\Requests\Source\EditRequestTest" file="/app/tests/Unit/Http/Requests/Source/EditRequestTest.php" tests="1" assertions="1" errors="0" failures="0" skipped="0" time="0.032142">
        <testcase name="test_request_instance" file="/app/vendor/gammamatrix/playground-test/src/Unit/Http/Requests/RequestCase.php" line="42" class="Tests\Unit\Playground\Lead\Api\Http\Requests\Source\EditRequestTest" classname="Tests.Unit.Playground.Lead.Api.Http.Requests.Source.EditRequestTest" assertions="1" time="0.032142"/>
      </testsuite>
      <testsuite name="Tests\Unit\Playground\Lead\Api\Http\Requests\Source\IndexRequestTest" file="/app/tests/Unit/Http/Requests/Source/IndexRequestTest.php" tests="1" assertions="1" errors="0" failures="0" skipped="0" time="0.031522">
        <testcase name="test_request_instance" file="/app/vendor/gammamatrix/playground-test/src/Unit/Http/Requests/RequestCase.php" line="42" class="Tests\Unit\Playground\Lead\Api\Http\Requests\Source\IndexRequestTest" classname="Tests.Unit.Playground.Lead.Api.Http.Requests.Source.IndexRequestTest" assertions="1" time="0.031522"/>
      </testsuite>
      <testsuite name="Tests\Unit\Playground\Lead\Api\Http\Requests\Source\LockRequestTest" file="/app/tests/Unit/Http/Requests/Source/LockRequestTest.php" tests="1" assertions="1" errors="0" failures="0" skipped="0" time="0.032920">
        <testcase name="test_request_instance" file="/app/vendor/gammamatrix/playground-test/src/Unit/Http/Requests/RequestCase.php" line="42" class="Tests\Unit\Playground\Lead\Api\Http\Requests\Source\LockRequestTest" classname="Tests.Unit.Playground.Lead.Api.Http.Requests.Source.LockRequestTest" assertions="1" time="0.032920"/>
      </testsuite>
      <testsuite name="Tests\Unit\Playground\Lead\Api\Http\Requests\Source\RestoreRequestTest" file="/app/tests/Unit/Http/Requests/Source/RestoreRequestTest.php" tests="1" assertions="1" errors="0" failures="0" skipped="0" time="0.031215">
        <testcase name="test_request_instance" file="/app/vendor/gammamatrix/playground-test/src/Unit/Http/Requests/RequestCase.php" line="42" class="Tests\Unit\Playground\Lead\Api\Http\Requests\Source\RestoreRequestTest" classname="Tests.Unit.Playground.Lead.Api.Http.Requests.Source.RestoreRequestTest" assertions="1" time="0.031215"/>
      </testsuite>
      <testsuite name="Tests\Unit\Playground\Lead\Api\Http\Requests\Source\ShowRequestTest" file="/app/tests/Unit/Http/Requests/Source/ShowRequestTest.php" tests="1" assertions="1" errors="0" failures="0" skipped="0" time="0.031572">
        <testcase name="test_request_instance" file="/app/vendor/gammamatrix/playground-test/src/Unit/Http/Requests/RequestCase.php" line="42" class="Tests\Unit\Playground\Lead\Api\Http\Requests\Source\ShowRequestTest" classname="Tests.Unit.Playground.Lead.Api.Http.Requests.Source.ShowRequestTest" assertions="1" time="0.031572"/>
      </testsuite>
      <testsuite name="Tests\Unit\Playground\Lead\Api\Http\Requests\Source\StoreRequestTest" file="/app/tests/Unit/Http/Requests/Source/StoreRequestTest.php" tests="1" assertions="1" errors="0" failures="0" skipped="0" time="0.032435">
        <testcase name="test_request_instance" file="/app/vendor/gammamatrix/playground-test/src/Unit/Http/Requests/RequestCase.php" line="42" class="Tests\Unit\Playground\Lead\Api\Http\Requests\Source\StoreRequestTest" classname="Tests.Unit.Playground.Lead.Api.Http.Requests.Source.StoreRequestTest" assertions="1" time="0.032435"/>
      </testsuite>
      <testsuite name="Tests\Unit\Playground\Lead\Api\Http\Requests\Source\UnlockRequestTest" file="/app/tests/Unit/Http/Requests/Source/UnlockRequestTest.php" tests="1" assertions="1" errors="0" failures="0" skipped="0" time="0.031260">
        <testcase name="test_request_instance" file="/app/vendor/gammamatrix/playground-test/src/Unit/Http/Requests/RequestCase.php" line="42" class="Tests\Unit\Playground\Lead\Api\Http\Requests\Source\UnlockRequestTest" classname="Tests.Unit.Playground.Lead.Api.Http.Requests.Source.UnlockRequestTest" assertions="1" time="0.031260"/>
      </testsuite>
      <testsuite name="Tests\Unit\Playground\Lead\Api\Http\Requests\Source\UpdateRequestTest" file="/app/tests/Unit/Http/Requests/Source/UpdateRequestTest.php" tests="1" assertions="1" errors="0" failures="0" skipped="0" time="0.031341">
        <testcase name="test_request_instance" file="/app/vendor/gammamatrix/playground-test/src/Unit/Http/Requests/RequestCase.php" line="42" class="Tests\Unit\Playground\Lead\Api\Http\Requests\Source\UpdateRequestTest" classname="Tests.Unit.Playground.Lead.Api.Http.Requests.Source.UpdateRequestTest" assertions="1" time="0.031341"/>
      </testsuite>
      <testsuite name="Tests\Unit\Playground\Lead\Api\Http\Requests\Task\CreateRequestTest" file="/app/tests/Unit/Http/Requests/Task/CreateRequestTest.php" tests="1" assertions="1" errors="0" failures="0" skipped="0" time="0.031356">
        <testcase name="test_request_instance" file="/app/vendor/gammamatrix/playground-test/src/Unit/Http/Requests/RequestCase.php" line="42" class="Tests\Unit\Playground\Lead\Api\Http\Requests\Task\CreateRequestTest" classname="Tests.Unit.Playground.Lead.Api.Http.Requests.Task.CreateRequestTest" assertions="1" time="0.031356"/>
      </testsuite>
      <testsuite name="Tests\Unit\Playground\Lead\Api\Http\Requests\Task\DestroyRequestTest" file="/app/tests/Unit/Http/Requests/Task/DestroyRequestTest.php" tests="1" assertions="1" errors="0" failures="0" skipped="0" time="0.032647">
        <testcase name="test_request_instance" file="/app/vendor/gammamatrix/playground-test/src/Unit/Http/Requests/RequestCase.php" line="42" class="Tests\Unit\Playground\Lead\Api\Http\Requests\Task\DestroyRequestTest" classname="Tests.Unit.Playground.Lead.Api.Http.Requests.Task.DestroyRequestTest" assertions="1" time="0.032647"/>
      </testsuite>
      <testsuite name="Tests\Unit\Playground\Lead\Api\Http\Requests\Task\EditRequestTest" file="/app/tests/Unit/Http/Requests/Task/EditRequestTest.php" tests="1" assertions="1" errors="0" failures="0" skipped="0" time="0.031585">
        <testcase name="test_request_instance" file="/app/vendor/gammamatrix/playground-test/src/Unit/Http/Requests/RequestCase.php" line="42" class="Tests\Unit\Playground\Lead\Api\Http\Requests\Task\EditRequestTest" classname="Tests.Unit.Playground.Lead.Api.Http.Requests.Task.EditRequestTest" assertions="1" time="0.031585"/>
      </testsuite>
      <testsuite name="Tests\Unit\Playground\Lead\Api\Http\Requests\Task\IndexRequestTest" file="/app/tests/Unit/Http/Requests/Task/IndexRequestTest.php" tests="1" assertions="1" errors="0" failures="0" skipped="0" time="0.031672">
        <testcase name="test_request_instance" file="/app/vendor/gammamatrix/playground-test/src/Unit/Http/Requests/RequestCase.php" line="42" class="Tests\Unit\Playground\Lead\Api\Http\Requests\Task\IndexRequestTest" classname="Tests.Unit.Playground.Lead.Api.Http.Requests.Task.IndexRequestTest" assertions="1" time="0.031672"/>
      </testsuite>
      <testsuite name="Tests\Unit\Playground\Lead\Api\Http\Requests\Task\LockRequestTest" file="/app/tests/Unit/Http/Requests/Task/LockRequestTest.php" tests="1" assertions="1" errors="0" failures="0" skipped="0" time="0.031424">
        <testcase name="test_request_instance" file="/app/vendor/gammamatrix/playground-test/src/Unit/Http/Requests/RequestCase.php" line="42" class="Tests\Unit\Playground\Lead\Api\Http\Requests\Task\LockRequestTest" classname="Tests.Unit.Playground.Lead.Api.Http.Requests.Task.LockRequestTest" assertions="1" time="0.031424"/>
      </testsuite>
      <testsuite name="Tests\Unit\Playground\Lead\Api\Http\Requests\Task\RestoreRequestTest" file="/app/tests/Unit/Http/Requests/Task/RestoreRequestTest.php" tests="1" assertions="1" errors="0" failures="0" skipped="0" time="0.035255">
        <testcase name="test_request_instance" file="/app/vendor/gammamatrix/playground-test/src/Unit/Http/Requests/RequestCase.php" line="42" class="Tests\Unit\Playground\Lead\Api\Http\Requests\Task\RestoreRequestTest" classname="Tests.Unit.Playground.Lead.Api.Http.Requests.Task.RestoreRequestTest" assertions="1" time="0.035255"/>
      </testsuite>
      <testsuite name="Tests\Unit\Playground\Lead\Api\Http\Requests\Task\ShowRequestTest" file="/app/tests/Unit/Http/Requests/Task/ShowRequestTest.php" tests="1" assertions="1" errors="0" failures="0" skipped="0" time="0.034260">
        <testcase name="test_request_instance" file="/app/vendor/gammamatrix/playground-test/src/Unit/Http/Requests/RequestCase.php" line="42" class="Tests\Unit\Playground\Lead\Api\Http\Requests\Task\ShowRequestTest" classname="Tests.Unit.Playground.Lead.Api.Http.Requests.Task.ShowRequestTest" assertions="1" time="0.034260"/>
      </testsuite>
      <testsuite name="Tests\Unit\Playground\Lead\Api\Http\Requests\Task\StoreRequestTest" file="/app/tests/Unit/Http/Requests/Task/StoreRequestTest.php" tests="1" assertions="1" errors="0" failures="0" skipped="0" time="0.037265">
        <testcase name="test_request_instance" file="/app/vendor/gammamatrix/playground-test/src/Unit/Http/Requests/RequestCase.php" line="42" class="Tests\Unit\Playground\Lead\Api\Http\Requests\Task\StoreRequestTest" classname="Tests.Unit.Playground.Lead.Api.Http.Requests.Task.StoreRequestTest" assertions="1" time="0.037265"/>
      </testsuite>
      <testsuite name="Tests\Unit\Playground\Lead\Api\Http\Requests\Task\UnlockRequestTest" file="/app/tests/Unit/Http/Requests/Task/UnlockRequestTest.php" tests="1" assertions="1" errors="0" failures="0" skipped="0" time="0.031455">
        <testcase name="test_request_instance" file="/app/vendor/gammamatrix/playground-test/src/Unit/Http/Requests/RequestCase.php" line="42" class="Tests\Unit\Playground\Lead\Api\Http\Requests\Task\UnlockRequestTest" classname="Tests.Unit.Playground.Lead.Api.Http.Requests.Task.UnlockRequestTest" assertions="1" time="0.031455"/>
      </testsuite>
      <testsuite name="Tests\Unit\Playground\Lead\Api\Http\Requests\Task\UpdateRequestTest" file="/app/tests/Unit/Http/Requests/Task/UpdateRequestTest.php" tests="1" assertions="1" errors="0" failures="0" skipped="0" time="0.032800">
        <testcase name="test_request_instance" file="/app/vendor/gammamatrix/playground-test/src/Unit/Http/Requests/RequestCase.php" line="42" class="Tests\Unit\Playground\Lead\Api\Http\Requests\Task\UpdateRequestTest" classname="Tests.Unit.Playground.Lead.Api.Http.Requests.Task.UpdateRequestTest" assertions="1" time="0.032800"/>
      </testsuite>
      <testsuite name="Tests\Unit\Playground\Lead\Api\Http\Requests\Team\CreateRequestTest" file="/app/tests/Unit/Http/Requests/Team/CreateRequestTest.php" tests="1" assertions="1" errors="0" failures="0" skipped="0" time="0.031653">
        <testcase name="test_request_instance" file="/app/vendor/gammamatrix/playground-test/src/Unit/Http/Requests/RequestCase.php" line="42" class="Tests\Unit\Playground\Lead\Api\Http\Requests\Team\CreateRequestTest" classname="Tests.Unit.Playground.Lead.Api.Http.Requests.Team.CreateRequestTest" assertions="1" time="0.031653"/>
      </testsuite>
      <testsuite name="Tests\Unit\Playground\Lead\Api\Http\Requests\Team\DestroyRequestTest" file="/app/tests/Unit/Http/Requests/Team/DestroyRequestTest.php" tests="1" assertions="1" errors="0" failures="0" skipped="0" time="0.031787">
        <testcase name="test_request_instance" file="/app/vendor/gammamatrix/playground-test/src/Unit/Http/Requests/RequestCase.php" line="42" class="Tests\Unit\Playground\Lead\Api\Http\Requests\Team\DestroyRequestTest" classname="Tests.Unit.Playground.Lead.Api.Http.Requests.Team.DestroyRequestTest" assertions="1" time="0.031787"/>
      </testsuite>
      <testsuite name="Tests\Unit\Playground\Lead\Api\Http\Requests\Team\EditRequestTest" file="/app/tests/Unit/Http/Requests/Team/EditRequestTest.php" tests="1" assertions="1" errors="0" failures="0" skipped="0" time="0.031404">
        <testcase name="test_request_instance" file="/app/vendor/gammamatrix/playground-test/src/Unit/Http/Requests/RequestCase.php" line="42" class="Tests\Unit\Playground\Lead\Api\Http\Requests\Team\EditRequestTest" classname="Tests.Unit.Playground.Lead.Api.Http.Requests.Team.EditRequestTest" assertions="1" time="0.031404"/>
      </testsuite>
      <testsuite name="Tests\Unit\Playground\Lead\Api\Http\Requests\Team\IndexRequestTest" file="/app/tests/Unit/Http/Requests/Team/IndexRequestTest.php" tests="1" assertions="1" errors="0" failures="0" skipped="0" time="0.033025">
        <testcase name="test_request_instance" file="/app/vendor/gammamatrix/playground-test/src/Unit/Http/Requests/RequestCase.php" line="42" class="Tests\Unit\Playground\Lead\Api\Http\Requests\Team\IndexRequestTest" classname="Tests.Unit.Playground.Lead.Api.Http.Requests.Team.IndexRequestTest" assertions="1" time="0.033025"/>
      </testsuite>
      <testsuite name="Tests\Unit\Playground\Lead\Api\Http\Requests\Team\LockRequestTest" file="/app/tests/Unit/Http/Requests/Team/LockRequestTest.php" tests="1" assertions="1" errors="0" failures="0" skipped="0" time="0.030834">
        <testcase name="test_request_instance" file="/app/vendor/gammamatrix/playground-test/src/Unit/Http/Requests/RequestCase.php" line="42" class="Tests\Unit\Playground\Lead\Api\Http\Requests\Team\LockRequestTest" classname="Tests.Unit.Playground.Lead.Api.Http.Requests.Team.LockRequestTest" assertions="1" time="0.030834"/>
      </testsuite>
      <testsuite name="Tests\Unit\Playground\Lead\Api\Http\Requests\Team\RestoreRequestTest" file="/app/tests/Unit/Http/Requests/Team/RestoreRequestTest.php" tests="1" assertions="1" errors="0" failures="0" skipped="0" time="0.031467">
        <testcase name="test_request_instance" file="/app/vendor/gammamatrix/playground-test/src/Unit/Http/Requests/RequestCase.php" line="42" class="Tests\Unit\Playground\Lead\Api\Http\Requests\Team\RestoreRequestTest" classname="Tests.Unit.Playground.Lead.Api.Http.Requests.Team.RestoreRequestTest" assertions="1" time="0.031467"/>
      </testsuite>
      <testsuite name="Tests\Unit\Playground\Lead\Api\Http\Requests\Team\ShowRequestTest" file="/app/tests/Unit/Http/Requests/Team/ShowRequestTest.php" tests="1" assertions="1" errors="0" failures="0" skipped="0" time="0.033366">
        <testcase name="test_request_instance" file="/app/vendor/gammamatrix/playground-test/src/Unit/Http/Requests/RequestCase.php" line="42" class="Tests\Unit\Playground\Lead\Api\Http\Requests\Team\ShowRequestTest" classname="Tests.Unit.Playground.Lead.Api.Http.Requests.Team.ShowRequestTest" assertions="1" time="0.033366"/>
      </testsuite>
      <testsuite name="Tests\Unit\Playground\Lead\Api\Http\Requests\Team\StoreRequestTest" file="/app/tests/Unit/Http/Requests/Team/StoreRequestTest.php" tests="1" assertions="1" errors="0" failures="0" skipped="0" time="0.031470">
        <testcase name="test_request_instance" file="/app/vendor/gammamatrix/playground-test/src/Unit/Http/Requests/RequestCase.php" line="42" class="Tests\Unit\Playground\Lead\Api\Http\Requests\Team\StoreRequestTest" classname="Tests.Unit.Playground.Lead.Api.Http.Requests.Team.StoreRequestTest" assertions="1" time="0.031470"/>
      </testsuite>
      <testsuite name="Tests\Unit\Playground\Lead\Api\Http\Requests\Team\UnlockRequestTest" file="/app/tests/Unit/Http/Requests/Team/UnlockRequestTest.php" tests="1" assertions="1" errors="0" failures="0" skipped="0" time="0.033141">
        <testcase name="test_request_instance" file="/app/vendor/gammamatrix/playground-test/src/Unit/Http/Requests/RequestCase.php" line="42" class="Tests\Unit\Playground\Lead\Api\Http\Requests\Team\UnlockRequestTest" classname="Tests.Unit.Playground.Lead.Api.Http.Requests.Team.UnlockRequestTest" assertions="1" time="0.033141"/>
      </testsuite>
      <testsuite name="Tests\Unit\Playground\Lead\Api\Http\Requests\Team\UpdateRequestTest" file="/app/tests/Unit/Http/Requests/Team/UpdateRequestTest.php" tests="1" assertions="1" errors="0" failures="0" skipped="0" time="0.031507">
        <testcase name="test_request_instance" file="/app/vendor/gammamatrix/playground-test/src/Unit/Http/Requests/RequestCase.php" line="42" class="Tests\Unit\Playground\Lead\Api\Http\Requests\Team\UpdateRequestTest" classname="Tests.Unit.Playground.Lead.Api.Http.Requests.Team.UpdateRequestTest" assertions="1" time="0.031507"/>
      </testsuite>
      <testsuite name="Tests\Unit\Playground\Lead\Api\Http\Requests\Teammate\CreateRequestTest" file="/app/tests/Unit/Http/Requests/Teammate/CreateRequestTest.php" tests="1" assertions="1" errors="0" failures="0" skipped="0" time="0.032164">
        <testcase name="test_request_instance" file="/app/vendor/gammamatrix/playground-test/src/Unit/Http/Requests/RequestCase.php" line="42" class="Tests\Unit\Playground\Lead\Api\Http\Requests\Teammate\CreateRequestTest" classname="Tests.Unit.Playground.Lead.Api.Http.Requests.Teammate.CreateRequestTest" assertions="1" time="0.032164"/>
      </testsuite>
      <testsuite name="Tests\Unit\Playground\Lead\Api\Http\Requests\Teammate\DestroyRequestTest" file="/app/tests/Unit/Http/Requests/Teammate/DestroyRequestTest.php" tests="1" assertions="1" errors="0" failures="0" skipped="0" time="0.031343">
        <testcase name="test_request_instance" file="/app/vendor/gammamatrix/playground-test/src/Unit/Http/Requests/RequestCase.php" line="42" class="Tests\Unit\Playground\Lead\Api\Http\Requests\Teammate\DestroyRequestTest" classname="Tests.Unit.Playground.Lead.Api.Http.Requests.Teammate.DestroyRequestTest" assertions="1" time="0.031343"/>
      </testsuite>
      <testsuite name="Tests\Unit\Playground\Lead\Api\Http\Requests\Teammate\EditRequestTest" file="/app/tests/Unit/Http/Requests/Teammate/EditRequestTest.php" tests="1" assertions="1" errors="0" failures="0" skipped="0" time="0.031177">
        <testcase name="test_request_instance" file="/app/vendor/gammamatrix/playground-test/src/Unit/Http/Requests/RequestCase.php" line="42" class="Tests\Unit\Playground\Lead\Api\Http\Requests\Teammate\EditRequestTest" classname="Tests.Unit.Playground.Lead.Api.Http.Requests.Teammate.EditRequestTest" assertions="1" time="0.031177"/>
      </testsuite>
      <testsuite name="Tests\Unit\Playground\Lead\Api\Http\Requests\Teammate\IndexRequestTest" file="/app/tests/Unit/Http/Requests/Teammate/IndexRequestTest.php" tests="1" assertions="1" errors="0" failures="0" skipped="0" time="0.032551">
        <testcase name="test_request_instance" file="/app/vendor/gammamatrix/playground-test/src/Unit/Http/Requests/RequestCase.php" line="42" class="Tests\Unit\Playground\Lead\Api\Http\Requests\Teammate\IndexRequestTest" classname="Tests.Unit.Playground.Lead.Api.Http.Requests.Teammate.IndexRequestTest" assertions="1" time="0.032551"/>
      </testsuite>
      <testsuite name="Tests\Unit\Playground\Lead\Api\Http\Requests\Teammate\LockRequestTest" file="/app/tests/Unit/Http/Requests/Teammate/LockRequestTest.php" tests="1" assertions="1" errors="0" failures="0" skipped="0" time="0.031116">
        <testcase name="test_request_instance" file="/app/vendor/gammamatrix/playground-test/src/Unit/Http/Requests/RequestCase.php" line="42" class="Tests\Unit\Playground\Lead\Api\Http\Requests\Teammate\LockRequestTest" classname="Tests.Unit.Playground.Lead.Api.Http.Requests.Teammate.LockRequestTest" assertions="1" time="0.031116"/>
      </testsuite>
      <testsuite name="Tests\Unit\Playground\Lead\Api\Http\Requests\Teammate\RestoreRequestTest" file="/app/tests/Unit/Http/Requests/Teammate/RestoreRequestTest.php" tests="1" assertions="1" errors="0" failures="0" skipped="0" time="0.032991">
        <testcase name="test_request_instance" file="/app/vendor/gammamatrix/playground-test/src/Unit/Http/Requests/RequestCase.php" line="42" class="Tests\Unit\Playground\Lead\Api\Http\Requests\Teammate\RestoreRequestTest" classname="Tests.Unit.Playground.Lead.Api.Http.Requests.Teammate.RestoreRequestTest" assertions="1" time="0.032991"/>
      </testsuite>
      <testsuite name="Tests\Unit\Playground\Lead\Api\Http\Requests\Teammate\ShowRequestTest" file="/app/tests/Unit/Http/Requests/Teammate/ShowRequestTest.php" tests="1" assertions="1" errors="0" failures="0" skipped="0" time="0.034268">
        <testcase name="test_request_instance" file="/app/vendor/gammamatrix/playground-test/src/Unit/Http/Requests/RequestCase.php" line="42" class="Tests\Unit\Playground\Lead\Api\Http\Requests\Teammate\ShowRequestTest" classname="Tests.Unit.Playground.Lead.Api.Http.Requests.Teammate.ShowRequestTest" assertions="1" time="0.034268"/>
      </testsuite>
      <testsuite name="Tests\Unit\Playground\Lead\Api\Http\Requests\Teammate\StoreRequestTest" file="/app/tests/Unit/Http/Requests/Teammate/StoreRequestTest.php" tests="1" assertions="1" errors="0" failures="0" skipped="0" time="0.035681">
        <testcase name="test_request_instance" file="/app/vendor/gammamatrix/playground-test/src/Unit/Http/Requests/RequestCase.php" line="42" class="Tests\Unit\Playground\Lead\Api\Http\Requests\Teammate\StoreRequestTest" classname="Tests.Unit.Playground.Lead.Api.Http.Requests.Teammate.StoreRequestTest" assertions="1" time="0.035681"/>
      </testsuite>
      <testsuite name="Tests\Unit\Playground\Lead\Api\Http\Requests\Teammate\UnlockRequestTest" file="/app/tests/Unit/Http/Requests/Teammate/UnlockRequestTest.php" tests="1" assertions="1" errors="0" failures="0" skipped="0" time="0.032147">
        <testcase name="test_request_instance" file="/app/vendor/gammamatrix/playground-test/src/Unit/Http/Requests/RequestCase.php" line="42" class="Tests\Unit\Playground\Lead\Api\Http\Requests\Teammate\UnlockRequestTest" classname="Tests.Unit.Playground.Lead.Api.Http.Requests.Teammate.UnlockRequestTest" assertions="1" time="0.032147"/>
      </testsuite>
      <testsuite name="Tests\Unit\Playground\Lead\Api\Http\Requests\Teammate\UpdateRequestTest" file="/app/tests/Unit/Http/Requests/Teammate/UpdateRequestTest.php" tests="1" assertions="1" errors="0" failures="0" skipped="0" time="0.031338">
        <testcase name="test_request_instance" file="/app/vendor/gammamatrix/playground-test/src/Unit/Http/Requests/RequestCase.php" line="42" class="Tests\Unit\Playground\Lead\Api\Http\Requests\Teammate\UpdateRequestTest" classname="Tests.Unit.Playground.Lead.Api.Http.Requests.Teammate.UpdateRequestTest" assertions="1" time="0.031338"/>
      </testsuite>
      <testsuite name="Tests\Unit\Playground\Lead\Api\Policies\CampaignPolicy\PolicyTest" file="/app/tests/Unit/Policies/CampaignPolicy/PolicyTest.php" tests="1" assertions="1" errors="0" failures="0" skipped="0" time="0.030964">
        <testcase name="test_policy_instance" file="/app/tests/Unit/Policies/CampaignPolicy/PolicyTest.php" line="21" class="Tests\Unit\Playground\Lead\Api\Policies\CampaignPolicy\PolicyTest" classname="Tests.Unit.Playground.Lead.Api.Policies.CampaignPolicy.PolicyTest" assertions="1" time="0.030964"/>
      </testsuite>
      <testsuite name="Tests\Unit\Playground\Lead\Api\Policies\GoalPolicy\PolicyTest" file="/app/tests/Unit/Policies/GoalPolicy/PolicyTest.php" tests="1" assertions="1" errors="0" failures="0" skipped="0" time="0.030906">
        <testcase name="test_policy_instance" file="/app/tests/Unit/Policies/GoalPolicy/PolicyTest.php" line="21" class="Tests\Unit\Playground\Lead\Api\Policies\GoalPolicy\PolicyTest" classname="Tests.Unit.Playground.Lead.Api.Policies.GoalPolicy.PolicyTest" assertions="1" time="0.030906"/>
      </testsuite>
      <testsuite name="Tests\Unit\Playground\Lead\Api\Policies\LeadPolicy\PolicyTest" file="/app/tests/Unit/Policies/LeadPolicy/PolicyTest.php" tests="1" assertions="1" errors="0" failures="0" skipped="0" time="0.031373">
        <testcase name="test_policy_instance" file="/app/tests/Unit/Policies/LeadPolicy/PolicyTest.php" line="21" class="Tests\Unit\Playground\Lead\Api\Policies\LeadPolicy\PolicyTest" classname="Tests.Unit.Playground.Lead.Api.Policies.LeadPolicy.PolicyTest" assertions="1" time="0.031373"/>
      </testsuite>
      <testsuite name="Tests\Unit\Playground\Lead\Api\Policies\OpportunityPolicy\PolicyTest" file="/app/tests/Unit/Policies/OpportunityPolicy/PolicyTest.php" tests="1" assertions="1" errors="0" failures="0" skipped="0" time="0.033754">
        <testcase name="test_policy_instance" file="/app/tests/Unit/Policies/OpportunityPolicy/PolicyTest.php" line="21" class="Tests\Unit\Playground\Lead\Api\Policies\OpportunityPolicy\PolicyTest" classname="Tests.Unit.Playground.Lead.Api.Policies.OpportunityPolicy.PolicyTest" assertions="1" time="0.033754"/>
      </testsuite>
      <testsuite name="Tests\Unit\Playground\Lead\Api\Policies\PlanPolicy\PolicyTest" file="/app/tests/Unit/Policies/PlanPolicy/PolicyTest.php" tests="1" assertions="1" errors="0" failures="0" skipped="0" time="0.036484">
        <testcase name="test_policy_instance" file="/app/tests/Unit/Policies/PlanPolicy/PolicyTest.php" line="21" class="Tests\Unit\Playground\Lead\Api\Policies\PlanPolicy\PolicyTest" classname="Tests.Unit.Playground.Lead.Api.Policies.PlanPolicy.PolicyTest" assertions="1" time="0.036484"/>
      </testsuite>
      <testsuite name="Tests\Unit\Playground\Lead\Api\Policies\RegionPolicy\PolicyTest" file="/app/tests/Unit/Policies/RegionPolicy/PolicyTest.php" tests="1" assertions="1" errors="0" failures="0" skipped="0" time="0.031374">
        <testcase name="test_policy_instance" file="/app/tests/Unit/Policies/RegionPolicy/PolicyTest.php" line="21" class="Tests\Unit\Playground\Lead\Api\Policies\RegionPolicy\PolicyTest" classname="Tests.Unit.Playground.Lead.Api.Policies.RegionPolicy.PolicyTest" assertions="1" time="0.031374"/>
      </testsuite>
      <testsuite name="Tests\Unit\Playground\Lead\Api\Policies\ReportPolicy\PolicyTest" file="/app/tests/Unit/Policies/ReportPolicy/PolicyTest.php" tests="1" assertions="1" errors="0" failures="0" skipped="0" time="0.031446">
        <testcase name="test_policy_instance" file="/app/tests/Unit/Policies/ReportPolicy/PolicyTest.php" line="21" class="Tests\Unit\Playground\Lead\Api\Policies\ReportPolicy\PolicyTest" classname="Tests.Unit.Playground.Lead.Api.Policies.ReportPolicy.PolicyTest" assertions="1" time="0.031446"/>
      </testsuite>
      <testsuite name="Tests\Unit\Playground\Lead\Api\Policies\SourcePolicy\PolicyTest" file="/app/tests/Unit/Policies/SourcePolicy/PolicyTest.php" tests="1" assertions="1" errors="0" failures="0" skipped="0" time="0.031543">
        <testcase name="test_policy_instance" file="/app/tests/Unit/Policies/SourcePolicy/PolicyTest.php" line="21" class="Tests\Unit\Playground\Lead\Api\Policies\SourcePolicy\PolicyTest" classname="Tests.Unit.Playground.Lead.Api.Policies.SourcePolicy.PolicyTest" assertions="1" time="0.031543"/>
      </testsuite>
      <testsuite name="Tests\Unit\Playground\Lead\Api\Policies\TaskPolicy\PolicyTest" file="/app/tests/Unit/Policies/TaskPolicy/PolicyTest.php" tests="1" assertions="1" errors="0" failures="0" skipped="0" time="0.032576">
        <testcase name="test_policy_instance" file="/app/tests/Unit/Policies/TaskPolicy/PolicyTest.php" line="21" class="Tests\Unit\Playground\Lead\Api\Policies\TaskPolicy\PolicyTest" classname="Tests.Unit.Playground.Lead.Api.Policies.TaskPolicy.PolicyTest" assertions="1" time="0.032576"/>
      </testsuite>
      <testsuite name="Tests\Unit\Playground\Lead\Api\Policies\TeamPolicy\PolicyTest" file="/app/tests/Unit/Policies/TeamPolicy/PolicyTest.php" tests="1" assertions="1" errors="0" failures="0" skipped="0" time="0.031294">
        <testcase name="test_policy_instance" file="/app/tests/Unit/Policies/TeamPolicy/PolicyTest.php" line="21" class="Tests\Unit\Playground\Lead\Api\Policies\TeamPolicy\PolicyTest" classname="Tests.Unit.Playground.Lead.Api.Policies.TeamPolicy.PolicyTest" assertions="1" time="0.031294"/>
      </testsuite>
      <testsuite name="Tests\Unit\Playground\Lead\Api\Policies\TeammatePolicy\PolicyTest" file="/app/tests/Unit/Policies/TeammatePolicy/PolicyTest.php" tests="1" assertions="1" errors="0" failures="0" skipped="0" time="0.032279">
        <testcase name="test_policy_instance" file="/app/tests/Unit/Policies/TeammatePolicy/PolicyTest.php" line="21" class="Tests\Unit\Playground\Lead\Api\Policies\TeammatePolicy\PolicyTest" classname="Tests.Unit.Playground.Lead.Api.Policies.TeammatePolicy.PolicyTest" assertions="1" time="0.032279"/>
      </testsuite>
      <testsuite name="Tests\Unit\Playground\Lead\Api\ServiceProvider\InstanceTest" file="/app/tests/Unit/ServiceProvider/InstanceTest.php" tests="4" assertions="8" errors="0" failures="0" skipped="0" time="0.128376">
        <testcase name="test_version_matches" file="/app/tests/Unit/ServiceProvider/InstanceTest.php" line="22" class="Tests\Unit\Playground\Lead\Api\ServiceProvider\InstanceTest" classname="Tests.Unit.Playground.Lead.Api.ServiceProvider.InstanceTest" assertions="3" time="0.030946"/>
        <testcase name="test_set_policies_with_empty_array" file="/app/tests/Unit/ServiceProvider/InstanceTest.php" line="32" class="Tests\Unit\Playground\Lead\Api\ServiceProvider\InstanceTest" classname="Tests.Unit.Playground.Lead.Api.ServiceProvider.InstanceTest" assertions="1" time="0.031687"/>
        <testcase name="test_set_policies_with_invalid_model" file="/app/tests/Unit/ServiceProvider/InstanceTest.php" line="46" class="Tests\Unit\Playground\Lead\Api\ServiceProvider\InstanceTest" classname="Tests.Unit.Playground.Lead.Api.ServiceProvider.InstanceTest" assertions="2" time="0.033017"/>
        <testcase name="test_set_policies_with_invalid_policy" file="/app/tests/Unit/ServiceProvider/InstanceTest.php" line="77" class="Tests\Unit\Playground\Lead\Api\ServiceProvider\InstanceTest" classname="Tests.Unit.Playground.Lead.Api.ServiceProvider.InstanceTest" assertions="2" time="0.032726"/>
      </testsuite>
    </testsuite>
    <testsuite name="Feature" tests="387" assertions="13258" errors="0" failures="0" skipped="0" time="117.707772">
      <testsuite name="Tests\Feature\Playground\Lead\Api\Console\Commands\About\CommandTest" file="/app/tests/Feature/Console/Commands/About/CommandTest.php" tests="1" assertions="2" errors="0" failures="0" skipped="0" time="0.473388">
        <testcase name="test_command_about_displays_package_information_and_succeed" file="/app/tests/Feature/Console/Commands/About/CommandTest.php" line="23" class="Tests\Feature\Playground\Lead\Api\Console\Commands\About\CommandTest" classname="Tests.Feature.Playground.Lead.Api.Console.Commands.About.CommandTest" assertions="2" time="0.473388"/>
      </testsuite>
      <testsuite name="Tests\Feature\Playground\Lead\Api\Http\Controllers\Playground\CampaignRouteTest" file="/app/tests/Feature/Http/Controllers/Playground/CampaignRouteTest.php" tests="35" assertions="1205" errors="0" failures="0" skipped="0" time="10.787180">
        <testcase name="test_json_guest_cannot_get_create_info" file="/app/vendor/gammamatrix/playground-test/src/Feature/Http/Controllers/Resource/Playground/CreateJsonTrait.php" line="39" class="Tests\Feature\Playground\Lead\Api\Http\Controllers\Playground\CampaignRouteTest" classname="Tests.Feature.Playground.Lead.Api.Http.Controllers.Playground.CampaignRouteTest" assertions="1" time="0.297709"/>
        <testcase name="test_json_admin_can_get_create_info" file="/app/vendor/gammamatrix/playground-test/src/Feature/Http/Controllers/Resource/Playground/CreateJsonTrait.php" line="54" class="Tests\Feature\Playground\Lead\Api\Http\Controllers\Playground\CampaignRouteTest" classname="Tests.Feature.Playground.Lead.Api.Http.Controllers.Playground.CampaignRouteTest" assertions="123" time="0.304173"/>
        <testcase name="test_json_get_create_info_as_admin_with_invalid_parameter_and_fail_validation" file="/app/vendor/gammamatrix/playground-test/src/Feature/Http/Controllers/Resource/Playground/CreateJsonTrait.php" line="74" class="Tests\Feature\Playground\Lead\Api\Http\Controllers\Playground\CampaignRouteTest" classname="Tests.Feature.Playground.Lead.Api.Http.Controllers.Playground.CampaignRouteTest" assertions="4" time="0.288504"/>
        <testcase name="test_json_guest_cannot_destroy" file="/app/vendor/gammamatrix/playground-test/src/Feature/Http/Controllers/Resource/Playground/DestroyJsonTrait.php" line="32" class="Tests\Feature\Playground\Lead\Api\Http\Controllers\Playground\CampaignRouteTest" classname="Tests.Feature.Playground.Lead.Api.Http.Controllers.Playground.CampaignRouteTest" assertions="3" time="0.298116"/>
        <testcase name="test_json_destroy_as_admin_and_succeed" file="/app/vendor/gammamatrix/playground-test/src/Feature/Http/Controllers/Resource/Playground/DestroyJsonTrait.php" line="62" class="Tests\Feature\Playground\Lead\Api\Http\Controllers\Playground\CampaignRouteTest" classname="Tests.Feature.Playground.Lead.Api.Http.Controllers.Playground.CampaignRouteTest" assertions="5" time="0.312379"/>
        <testcase name="test_json_destroy_as_admin_and_succeed_with_force_delete" file="/app/vendor/gammamatrix/playground-test/src/Feature/Http/Controllers/Resource/Playground/DestroyJsonTrait.php" line="101" class="Tests\Feature\Playground\Lead\Api\Http\Controllers\Playground\CampaignRouteTest" classname="Tests.Feature.Playground.Lead.Api.Http.Controllers.Playground.CampaignRouteTest" assertions="4" time="0.289953"/>
        <testcase name="test_json_destroy_as_admin_and_succeed_with_no_content" file="/app/vendor/gammamatrix/playground-test/src/Feature/Http/Controllers/Resource/Playground/DestroyJsonTrait.php" line="133" class="Tests\Feature\Playground\Lead\Api\Http\Controllers\Playground\CampaignRouteTest" classname="Tests.Feature.Playground.Lead.Api.Http.Controllers.Playground.CampaignRouteTest" assertions="5" time="0.291175"/>
        <testcase name="test_json_destroy_as_admin_and_succeed_and_ignore_redirect" file="/app/vendor/gammamatrix/playground-test/src/Feature/Http/Controllers/Resource/Playground/DestroyJsonTrait.php" line="168" class="Tests\Feature\Playground\Lead\Api\Http\Controllers\Playground\CampaignRouteTest" classname="Tests.Feature.Playground.Lead.Api.Http.Controllers.Playground.CampaignRouteTest" assertions="5" time="0.290973"/>
        <testcase name="test_json_destroy_as_user_and_get_denied_and_no_force_delete_allowed" file="/app/vendor/gammamatrix/playground-test/src/Feature/Http/Controllers/Resource/Playground/DestroyJsonTrait.php" line="210" class="Tests\Feature\Playground\Lead\Api\Http\Controllers\Playground\CampaignRouteTest" classname="Tests.Feature.Playground.Lead.Api.Http.Controllers.Playground.CampaignRouteTest" assertions="3" time="0.292831"/>
        <testcase name="test_json_guest_cannot_get_edit_info" file="/app/vendor/gammamatrix/playground-test/src/Feature/Http/Controllers/Resource/Playground/EditJsonTrait.php" line="39" class="Tests\Feature\Playground\Lead\Api\Http\Controllers\Playground\CampaignRouteTest" classname="Tests.Feature.Playground.Lead.Api.Http.Controllers.Playground.CampaignRouteTest" assertions="1" time="0.289178"/>
        <testcase name="test_json_admin_can_get_edit_info" file="/app/vendor/gammamatrix/playground-test/src/Feature/Http/Controllers/Resource/Playground/EditJsonTrait.php" line="59" class="Tests\Feature\Playground\Lead\Api\Http\Controllers\Playground\CampaignRouteTest" classname="Tests.Feature.Playground.Lead.Api.Http.Controllers.Playground.CampaignRouteTest" assertions="4" time="0.305683"/>
        <testcase name="test_json_edit_as_admin_and_fail_validation_with_invalid_parameter" file="/app/vendor/gammamatrix/playground-test/src/Feature/Http/Controllers/Resource/Playground/EditJsonTrait.php" line="88" class="Tests\Feature\Playground\Lead\Api\Http\Controllers\Playground\CampaignRouteTest" classname="Tests.Feature.Playground.Lead.Api.Http.Controllers.Playground.CampaignRouteTest" assertions="4" time="0.307886"/>
        <testcase name="test_json_guest_cannot_get_index" file="/app/vendor/gammamatrix/playground-test/src/Feature/Http/Controllers/Resource/Playground/IndexJsonTrait.php" line="35" class="Tests\Feature\Playground\Lead\Api\Http\Controllers\Playground\CampaignRouteTest" classname="Tests.Feature.Playground.Lead.Api.Http.Controllers.Playground.CampaignRouteTest" assertions="1" time="0.275890"/>
        <testcase name="test_json_admin_can_get_index" file="/app/vendor/gammamatrix/playground-test/src/Feature/Http/Controllers/Resource/Playground/IndexJsonTrait.php" line="50" class="Tests\Feature\Playground\Lead\Api\Http\Controllers\Playground\CampaignRouteTest" classname="Tests.Feature.Playground.Lead.Api.Http.Controllers.Playground.CampaignRouteTest" assertions="127" time="0.309529"/>
        <testcase name="test_json_admin_can_get_index_with_filters" file="/app/vendor/gammamatrix/playground-test/src/Feature/Http/Controllers/Resource/Playground/IndexJsonTrait.php" line="86" class="Tests\Feature\Playground\Lead\Api\Http\Controllers\Playground\CampaignRouteTest" classname="Tests.Feature.Playground.Lead.Api.Http.Controllers.Playground.CampaignRouteTest" assertions="3" time="0.300533"/>
        <testcase name="test_json_guest_cannot_lock" file="/app/vendor/gammamatrix/playground-test/src/Feature/Http/Controllers/Resource/Playground/LockJsonTrait.php" line="37" class="Tests\Feature\Playground\Lead\Api\Http\Controllers\Playground\CampaignRouteTest" classname="Tests.Feature.Playground.Lead.Api.Http.Controllers.Playground.CampaignRouteTest" assertions="3" time="0.326130"/>
        <testcase name="test_json_lock_as_admin_and_succeed" file="/app/vendor/gammamatrix/playground-test/src/Feature/Http/Controllers/Resource/Playground/LockJsonTrait.php" line="67" class="Tests\Feature\Playground\Lead\Api\Http\Controllers\Playground\CampaignRouteTest" classname="Tests.Feature.Playground.Lead.Api.Http.Controllers.Playground.CampaignRouteTest" assertions="3" time="0.343085"/>
        <testcase name="test_json_lock_as_admin_and_succeed_with_no_redirect" file="/app/vendor/gammamatrix/playground-test/src/Feature/Http/Controllers/Resource/Playground/LockJsonTrait.php" line="99" class="Tests\Feature\Playground\Lead\Api\Http\Controllers\Playground\CampaignRouteTest" classname="Tests.Feature.Playground.Lead.Api.Http.Controllers.Playground.CampaignRouteTest" assertions="125" time="0.330999"/>
        <testcase name="test_json_lock_as_user_and_get_denied" file="/app/vendor/gammamatrix/playground-test/src/Feature/Http/Controllers/Resource/Playground/LockJsonTrait.php" line="144" class="Tests\Feature\Playground\Lead\Api\Http\Controllers\Playground\CampaignRouteTest" classname="Tests.Feature.Playground.Lead.Api.Http.Controllers.Playground.CampaignRouteTest" assertions="3" time="0.310962"/>
        <testcase name="test_json_guest_cannot_restore" file="/app/vendor/gammamatrix/playground-test/src/Feature/Http/Controllers/Resource/Playground/RestoreJsonTrait.php" line="33" class="Tests\Feature\Playground\Lead\Api\Http\Controllers\Playground\CampaignRouteTest" classname="Tests.Feature.Playground.Lead.Api.Http.Controllers.Playground.CampaignRouteTest" assertions="3" time="0.281901"/>
        <testcase name="test_json_restore_as_admin_and_succeed" file="/app/vendor/gammamatrix/playground-test/src/Feature/Http/Controllers/Resource/Playground/RestoreJsonTrait.php" line="65" class="Tests\Feature\Playground\Lead\Api\Http\Controllers\Playground\CampaignRouteTest" classname="Tests.Feature.Playground.Lead.Api.Http.Controllers.Playground.CampaignRouteTest" assertions="125" time="0.315269"/>
        <testcase name="test_json_restore_as_admin_and_succeed_with_no_redirect" file="/app/vendor/gammamatrix/playground-test/src/Feature/Http/Controllers/Resource/Playground/RestoreJsonTrait.php" line="101" class="Tests\Feature\Playground\Lead\Api\Http\Controllers\Playground\CampaignRouteTest" classname="Tests.Feature.Playground.Lead.Api.Http.Controllers.Playground.CampaignRouteTest" assertions="125" time="0.299295"/>
        <testcase name="test_json_restore_as_user_and_get_denied" file="/app/vendor/gammamatrix/playground-test/src/Feature/Http/Controllers/Resource/Playground/RestoreJsonTrait.php" line="144" class="Tests\Feature\Playground\Lead\Api\Http\Controllers\Playground\CampaignRouteTest" classname="Tests.Feature.Playground.Lead.Api.Http.Controllers.Playground.CampaignRouteTest" assertions="3" time="0.302184"/>
        <testcase name="test_json_guest_cannot_see_info" file="/app/vendor/gammamatrix/playground-test/src/Feature/Http/Controllers/Resource/Playground/ShowJsonTrait.php" line="30" class="Tests\Feature\Playground\Lead\Api\Http\Controllers\Playground\CampaignRouteTest" classname="Tests.Feature.Playground.Lead.Api.Http.Controllers.Playground.CampaignRouteTest" assertions="1" time="0.287931"/>
        <testcase name="test_json_show_info_for_admin" file="/app/vendor/gammamatrix/playground-test/src/Feature/Http/Controllers/Resource/Playground/ShowJsonTrait.php" line="50" class="Tests\Feature\Playground\Lead\Api\Http\Controllers\Playground\CampaignRouteTest" classname="Tests.Feature.Playground.Lead.Api.Http.Controllers.Playground.CampaignRouteTest" assertions="124" time="0.308309"/>
        <testcase name="test_json_guest_cannot_store" file="/app/vendor/gammamatrix/playground-test/src/Feature/Http/Controllers/Resource/Playground/StoreJsonTrait.php" line="44" class="Tests\Feature\Playground\Lead\Api\Http\Controllers\Playground\CampaignRouteTest" classname="Tests.Feature.Playground.Lead.Api.Http.Controllers.Playground.CampaignRouteTest" assertions="3" time="0.290942"/>
        <testcase name="test_json_store_as_admin_without_payload_and_fail_validation" file="/app/vendor/gammamatrix/playground-test/src/Feature/Http/Controllers/Resource/Playground/StoreJsonTrait.php" line="67" class="Tests\Feature\Playground\Lead\Api\Http\Controllers\Playground\CampaignRouteTest" classname="Tests.Feature.Playground.Lead.Api.Http.Controllers.Playground.CampaignRouteTest" assertions="5" time="0.345182"/>
        <testcase name="test_json_store_as_admin_and_succeed" file="/app/vendor/gammamatrix/playground-test/src/Feature/Http/Controllers/Resource/Playground/StoreJsonTrait.php" line="93" class="Tests\Feature\Playground\Lead\Api\Http\Controllers\Playground\CampaignRouteTest" classname="Tests.Feature.Playground.Lead.Api.Http.Controllers.Playground.CampaignRouteTest" assertions="3" time="0.393661"/>
        <testcase name="test_json_guest_cannot_unlock" file="/app/vendor/gammamatrix/playground-test/src/Feature/Http/Controllers/Resource/Playground/UnlockJsonTrait.php" line="37" class="Tests\Feature\Playground\Lead\Api\Http\Controllers\Playground\CampaignRouteTest" classname="Tests.Feature.Playground.Lead.Api.Http.Controllers.Playground.CampaignRouteTest" assertions="3" time="0.303754"/>
        <testcase name="test_json_unlock_as_admin_and_succeed" file="/app/vendor/gammamatrix/playground-test/src/Feature/Http/Controllers/Resource/Playground/UnlockJsonTrait.php" line="69" class="Tests\Feature\Playground\Lead\Api\Http\Controllers\Playground\CampaignRouteTest" classname="Tests.Feature.Playground.Lead.Api.Http.Controllers.Playground.CampaignRouteTest" assertions="125" time="0.313153"/>
        <testcase name="test_json_unlock_as_admin_and_succeed_with_no_redirect" file="/app/vendor/gammamatrix/playground-test/src/Feature/Http/Controllers/Resource/Playground/UnlockJsonTrait.php" line="105" class="Tests\Feature\Playground\Lead\Api\Http\Controllers\Playground\CampaignRouteTest" classname="Tests.Feature.Playground.Lead.Api.Http.Controllers.Playground.CampaignRouteTest" assertions="125" time="0.301263"/>
        <testcase name="test_json_unlock_as_user_and_get_denied" file="/app/vendor/gammamatrix/playground-test/src/Feature/Http/Controllers/Resource/Playground/UnlockJsonTrait.php" line="146" class="Tests\Feature\Playground\Lead\Api\Http\Controllers\Playground\CampaignRouteTest" classname="Tests.Feature.Playground.Lead.Api.Http.Controllers.Playground.CampaignRouteTest" assertions="3" time="0.313925"/>
        <testcase name="test_json_guest_cannot_update" file="/app/vendor/gammamatrix/playground-test/src/Feature/Http/Controllers/Resource/Playground/UpdateJsonTrait.php" line="46" class="Tests\Feature\Playground\Lead\Api\Http\Controllers\Playground\CampaignRouteTest" classname="Tests.Feature.Playground.Lead.Api.Http.Controllers.Playground.CampaignRouteTest" assertions="1" time="0.289056"/>
        <testcase name="test_json_update_as_admin_without_payload_and_passes_validation" file="/app/vendor/gammamatrix/playground-test/src/Feature/Http/Controllers/Resource/Playground/UpdateJsonTrait.php" line="66" class="Tests\Feature\Playground\Lead\Api\Http\Controllers\Playground\CampaignRouteTest" classname="Tests.Feature.Playground.Lead.Api.Http.Controllers.Playground.CampaignRouteTest" assertions="2" time="0.319754"/>
        <testcase name="test_json_admin_can_update" file="/app/vendor/gammamatrix/playground-test/src/Feature/Http/Controllers/Resource/Playground/UpdateJsonTrait.php" line="114" class="Tests\Feature\Playground\Lead\Api\Http\Controllers\Playground\CampaignRouteTest" classname="Tests.Feature.Playground.Lead.Api.Http.Controllers.Playground.CampaignRouteTest" assertions="127" time="0.355913"/>
      </testsuite>
      <testsuite name="Tests\Feature\Playground\Lead\Api\Http\Controllers\Playground\GoalRouteTest" file="/app/tests/Feature/Http/Controllers/Playground/GoalRouteTest.php" tests="35" assertions="1205" errors="0" failures="0" skipped="0" time="10.583037">
        <testcase name="test_json_guest_cannot_get_create_info" file="/app/vendor/gammamatrix/playground-test/src/Feature/Http/Controllers/Resource/Playground/CreateJsonTrait.php" line="39" class="Tests\Feature\Playground\Lead\Api\Http\Controllers\Playground\GoalRouteTest" classname="Tests.Feature.Playground.Lead.Api.Http.Controllers.Playground.GoalRouteTest" assertions="1" time="0.280511"/>
        <testcase name="test_json_admin_can_get_create_info" file="/app/vendor/gammamatrix/playground-test/src/Feature/Http/Controllers/Resource/Playground/CreateJsonTrait.php" line="54" class="Tests\Feature\Playground\Lead\Api\Http\Controllers\Playground\GoalRouteTest" classname="Tests.Feature.Playground.Lead.Api.Http.Controllers.Playground.GoalRouteTest" assertions="123" time="0.315669"/>
        <testcase name="test_json_get_create_info_as_admin_with_invalid_parameter_and_fail_validation" file="/app/vendor/gammamatrix/playground-test/src/Feature/Http/Controllers/Resource/Playground/CreateJsonTrait.php" line="74" class="Tests\Feature\Playground\Lead\Api\Http\Controllers\Playground\GoalRouteTest" classname="Tests.Feature.Playground.Lead.Api.Http.Controllers.Playground.GoalRouteTest" assertions="4" time="0.312977"/>
        <testcase name="test_json_guest_cannot_destroy" file="/app/vendor/gammamatrix/playground-test/src/Feature/Http/Controllers/Resource/Playground/DestroyJsonTrait.php" line="32" class="Tests\Feature\Playground\Lead\Api\Http\Controllers\Playground\GoalRouteTest" classname="Tests.Feature.Playground.Lead.Api.Http.Controllers.Playground.GoalRouteTest" assertions="3" time="0.279223"/>
        <testcase name="test_json_destroy_as_admin_and_succeed" file="/app/vendor/gammamatrix/playground-test/src/Feature/Http/Controllers/Resource/Playground/DestroyJsonTrait.php" line="62" class="Tests\Feature\Playground\Lead\Api\Http\Controllers\Playground\GoalRouteTest" classname="Tests.Feature.Playground.Lead.Api.Http.Controllers.Playground.GoalRouteTest" assertions="5" time="0.304066"/>
        <testcase name="test_json_destroy_as_admin_and_succeed_with_force_delete" file="/app/vendor/gammamatrix/playground-test/src/Feature/Http/Controllers/Resource/Playground/DestroyJsonTrait.php" line="101" class="Tests\Feature\Playground\Lead\Api\Http\Controllers\Playground\GoalRouteTest" classname="Tests.Feature.Playground.Lead.Api.Http.Controllers.Playground.GoalRouteTest" assertions="4" time="0.297604"/>
        <testcase name="test_json_destroy_as_admin_and_succeed_with_no_content" file="/app/vendor/gammamatrix/playground-test/src/Feature/Http/Controllers/Resource/Playground/DestroyJsonTrait.php" line="133" class="Tests\Feature\Playground\Lead\Api\Http\Controllers\Playground\GoalRouteTest" classname="Tests.Feature.Playground.Lead.Api.Http.Controllers.Playground.GoalRouteTest" assertions="5" time="0.320702"/>
        <testcase name="test_json_destroy_as_admin_and_succeed_and_ignore_redirect" file="/app/vendor/gammamatrix/playground-test/src/Feature/Http/Controllers/Resource/Playground/DestroyJsonTrait.php" line="168" class="Tests\Feature\Playground\Lead\Api\Http\Controllers\Playground\GoalRouteTest" classname="Tests.Feature.Playground.Lead.Api.Http.Controllers.Playground.GoalRouteTest" assertions="5" time="0.311123"/>
        <testcase name="test_json_destroy_as_user_and_get_denied_and_no_force_delete_allowed" file="/app/vendor/gammamatrix/playground-test/src/Feature/Http/Controllers/Resource/Playground/DestroyJsonTrait.php" line="210" class="Tests\Feature\Playground\Lead\Api\Http\Controllers\Playground\GoalRouteTest" classname="Tests.Feature.Playground.Lead.Api.Http.Controllers.Playground.GoalRouteTest" assertions="3" time="0.294684"/>
        <testcase name="test_json_guest_cannot_get_edit_info" file="/app/vendor/gammamatrix/playground-test/src/Feature/Http/Controllers/Resource/Playground/EditJsonTrait.php" line="39" class="Tests\Feature\Playground\Lead\Api\Http\Controllers\Playground\GoalRouteTest" classname="Tests.Feature.Playground.Lead.Api.Http.Controllers.Playground.GoalRouteTest" assertions="1" time="0.283356"/>
        <testcase name="test_json_admin_can_get_edit_info" file="/app/vendor/gammamatrix/playground-test/src/Feature/Http/Controllers/Resource/Playground/EditJsonTrait.php" line="59" class="Tests\Feature\Playground\Lead\Api\Http\Controllers\Playground\GoalRouteTest" classname="Tests.Feature.Playground.Lead.Api.Http.Controllers.Playground.GoalRouteTest" assertions="4" time="0.309103"/>
        <testcase name="test_json_edit_as_admin_and_fail_validation_with_invalid_parameter" file="/app/vendor/gammamatrix/playground-test/src/Feature/Http/Controllers/Resource/Playground/EditJsonTrait.php" line="88" class="Tests\Feature\Playground\Lead\Api\Http\Controllers\Playground\GoalRouteTest" classname="Tests.Feature.Playground.Lead.Api.Http.Controllers.Playground.GoalRouteTest" assertions="4" time="0.314375"/>
        <testcase name="test_json_guest_cannot_get_index" file="/app/vendor/gammamatrix/playground-test/src/Feature/Http/Controllers/Resource/Playground/IndexJsonTrait.php" line="35" class="Tests\Feature\Playground\Lead\Api\Http\Controllers\Playground\GoalRouteTest" classname="Tests.Feature.Playground.Lead.Api.Http.Controllers.Playground.GoalRouteTest" assertions="1" time="0.295644"/>
        <testcase name="test_json_admin_can_get_index" file="/app/vendor/gammamatrix/playground-test/src/Feature/Http/Controllers/Resource/Playground/IndexJsonTrait.php" line="50" class="Tests\Feature\Playground\Lead\Api\Http\Controllers\Playground\GoalRouteTest" classname="Tests.Feature.Playground.Lead.Api.Http.Controllers.Playground.GoalRouteTest" assertions="127" time="0.313971"/>
        <testcase name="test_json_admin_can_get_index_with_filters" file="/app/vendor/gammamatrix/playground-test/src/Feature/Http/Controllers/Resource/Playground/IndexJsonTrait.php" line="86" class="Tests\Feature\Playground\Lead\Api\Http\Controllers\Playground\GoalRouteTest" classname="Tests.Feature.Playground.Lead.Api.Http.Controllers.Playground.GoalRouteTest" assertions="3" time="0.311968"/>
        <testcase name="test_json_guest_cannot_lock" file="/app/vendor/gammamatrix/playground-test/src/Feature/Http/Controllers/Resource/Playground/LockJsonTrait.php" line="37" class="Tests\Feature\Playground\Lead\Api\Http\Controllers\Playground\GoalRouteTest" classname="Tests.Feature.Playground.Lead.Api.Http.Controllers.Playground.GoalRouteTest" assertions="3" time="0.298892"/>
        <testcase name="test_json_lock_as_admin_and_succeed" file="/app/vendor/gammamatrix/playground-test/src/Feature/Http/Controllers/Resource/Playground/LockJsonTrait.php" line="67" class="Tests\Feature\Playground\Lead\Api\Http\Controllers\Playground\GoalRouteTest" classname="Tests.Feature.Playground.Lead.Api.Http.Controllers.Playground.GoalRouteTest" assertions="3" time="0.301746"/>
        <testcase name="test_json_lock_as_admin_and_succeed_with_no_redirect" file="/app/vendor/gammamatrix/playground-test/src/Feature/Http/Controllers/Resource/Playground/LockJsonTrait.php" line="99" class="Tests\Feature\Playground\Lead\Api\Http\Controllers\Playground\GoalRouteTest" classname="Tests.Feature.Playground.Lead.Api.Http.Controllers.Playground.GoalRouteTest" assertions="125" time="0.313268"/>
        <testcase name="test_json_lock_as_user_and_get_denied" file="/app/vendor/gammamatrix/playground-test/src/Feature/Http/Controllers/Resource/Playground/LockJsonTrait.php" line="144" class="Tests\Feature\Playground\Lead\Api\Http\Controllers\Playground\GoalRouteTest" classname="Tests.Feature.Playground.Lead.Api.Http.Controllers.Playground.GoalRouteTest" assertions="3" time="0.294952"/>
        <testcase name="test_json_guest_cannot_restore" file="/app/vendor/gammamatrix/playground-test/src/Feature/Http/Controllers/Resource/Playground/RestoreJsonTrait.php" line="33" class="Tests\Feature\Playground\Lead\Api\Http\Controllers\Playground\GoalRouteTest" classname="Tests.Feature.Playground.Lead.Api.Http.Controllers.Playground.GoalRouteTest" assertions="3" time="0.276901"/>
        <testcase name="test_json_restore_as_admin_and_succeed" file="/app/vendor/gammamatrix/playground-test/src/Feature/Http/Controllers/Resource/Playground/RestoreJsonTrait.php" line="65" class="Tests\Feature\Playground\Lead\Api\Http\Controllers\Playground\GoalRouteTest" classname="Tests.Feature.Playground.Lead.Api.Http.Controllers.Playground.GoalRouteTest" assertions="125" time="0.313326"/>
        <testcase name="test_json_restore_as_admin_and_succeed_with_no_redirect" file="/app/vendor/gammamatrix/playground-test/src/Feature/Http/Controllers/Resource/Playground/RestoreJsonTrait.php" line="101" class="Tests\Feature\Playground\Lead\Api\Http\Controllers\Playground\GoalRouteTest" classname="Tests.Feature.Playground.Lead.Api.Http.Controllers.Playground.GoalRouteTest" assertions="125" time="0.313445"/>
        <testcase name="test_json_restore_as_user_and_get_denied" file="/app/vendor/gammamatrix/playground-test/src/Feature/Http/Controllers/Resource/Playground/RestoreJsonTrait.php" line="144" class="Tests\Feature\Playground\Lead\Api\Http\Controllers\Playground\GoalRouteTest" classname="Tests.Feature.Playground.Lead.Api.Http.Controllers.Playground.GoalRouteTest" assertions="3" time="0.298103"/>
        <testcase name="test_json_guest_cannot_see_info" file="/app/vendor/gammamatrix/playground-test/src/Feature/Http/Controllers/Resource/Playground/ShowJsonTrait.php" line="30" class="Tests\Feature\Playground\Lead\Api\Http\Controllers\Playground\GoalRouteTest" classname="Tests.Feature.Playground.Lead.Api.Http.Controllers.Playground.GoalRouteTest" assertions="1" time="0.279025"/>
        <testcase name="test_json_show_info_for_admin" file="/app/vendor/gammamatrix/playground-test/src/Feature/Http/Controllers/Resource/Playground/ShowJsonTrait.php" line="50" class="Tests\Feature\Playground\Lead\Api\Http\Controllers\Playground\GoalRouteTest" classname="Tests.Feature.Playground.Lead.Api.Http.Controllers.Playground.GoalRouteTest" assertions="124" time="0.297436"/>
        <testcase name="test_json_guest_cannot_store" file="/app/vendor/gammamatrix/playground-test/src/Feature/Http/Controllers/Resource/Playground/StoreJsonTrait.php" line="44" class="Tests\Feature\Playground\Lead\Api\Http\Controllers\Playground\GoalRouteTest" classname="Tests.Feature.Playground.Lead.Api.Http.Controllers.Playground.GoalRouteTest" assertions="3" time="0.279804"/>
        <testcase name="test_json_store_as_admin_without_payload_and_fail_validation" file="/app/vendor/gammamatrix/playground-test/src/Feature/Http/Controllers/Resource/Playground/StoreJsonTrait.php" line="67" class="Tests\Feature\Playground\Lead\Api\Http\Controllers\Playground\GoalRouteTest" classname="Tests.Feature.Playground.Lead.Api.Http.Controllers.Playground.GoalRouteTest" assertions="5" time="0.299181"/>
        <testcase name="test_json_store_as_admin_and_succeed" file="/app/vendor/gammamatrix/playground-test/src/Feature/Http/Controllers/Resource/Playground/StoreJsonTrait.php" line="93" class="Tests\Feature\Playground\Lead\Api\Http\Controllers\Playground\GoalRouteTest" classname="Tests.Feature.Playground.Lead.Api.Http.Controllers.Playground.GoalRouteTest" assertions="3" time="0.324489"/>
        <testcase name="test_json_guest_cannot_unlock" file="/app/vendor/gammamatrix/playground-test/src/Feature/Http/Controllers/Resource/Playground/UnlockJsonTrait.php" line="37" class="Tests\Feature\Playground\Lead\Api\Http\Controllers\Playground\GoalRouteTest" classname="Tests.Feature.Playground.Lead.Api.Http.Controllers.Playground.GoalRouteTest" assertions="3" time="0.285174"/>
        <testcase name="test_json_unlock_as_admin_and_succeed" file="/app/vendor/gammamatrix/playground-test/src/Feature/Http/Controllers/Resource/Playground/UnlockJsonTrait.php" line="69" class="Tests\Feature\Playground\Lead\Api\Http\Controllers\Playground\GoalRouteTest" classname="Tests.Feature.Playground.Lead.Api.Http.Controllers.Playground.GoalRouteTest" assertions="125" time="0.299487"/>
        <testcase name="test_json_unlock_as_admin_and_succeed_with_no_redirect" file="/app/vendor/gammamatrix/playground-test/src/Feature/Http/Controllers/Resource/Playground/UnlockJsonTrait.php" line="105" class="Tests\Feature\Playground\Lead\Api\Http\Controllers\Playground\GoalRouteTest" classname="Tests.Feature.Playground.Lead.Api.Http.Controllers.Playground.GoalRouteTest" assertions="125" time="0.305851"/>
        <testcase name="test_json_unlock_as_user_and_get_denied" file="/app/vendor/gammamatrix/playground-test/src/Feature/Http/Controllers/Resource/Playground/UnlockJsonTrait.php" line="146" class="Tests\Feature\Playground\Lead\Api\Http\Controllers\Playground\GoalRouteTest" classname="Tests.Feature.Playground.Lead.Api.Http.Controllers.Playground.GoalRouteTest" assertions="3" time="0.297116"/>
        <testcase name="test_json_guest_cannot_update" file="/app/vendor/gammamatrix/playground-test/src/Feature/Http/Controllers/Resource/Playground/UpdateJsonTrait.php" line="46" class="Tests\Feature\Playground\Lead\Api\Http\Controllers\Playground\GoalRouteTest" classname="Tests.Feature.Playground.Lead.Api.Http.Controllers.Playground.GoalRouteTest" assertions="1" time="0.282811"/>
        <testcase name="test_json_update_as_admin_without_payload_and_passes_validation" file="/app/vendor/gammamatrix/playground-test/src/Feature/Http/Controllers/Resource/Playground/UpdateJsonTrait.php" line="66" class="Tests\Feature\Playground\Lead\Api\Http\Controllers\Playground\GoalRouteTest" classname="Tests.Feature.Playground.Lead.Api.Http.Controllers.Playground.GoalRouteTest" assertions="2" time="0.324452"/>
        <testcase name="test_json_admin_can_update" file="/app/vendor/gammamatrix/playground-test/src/Feature/Http/Controllers/Resource/Playground/UpdateJsonTrait.php" line="114" class="Tests\Feature\Playground\Lead\Api\Http\Controllers\Playground\GoalRouteTest" classname="Tests.Feature.Playground.Lead.Api.Http.Controllers.Playground.GoalRouteTest" assertions="127" time="0.352604"/>
      </testsuite>
      <testsuite name="Tests\Feature\Playground\Lead\Api\Http\Controllers\Playground\LeadRouteTest" file="/app/tests/Feature/Http/Controllers/Playground/LeadRouteTest.php" tests="35" assertions="1205" errors="0" failures="0" skipped="0" time="10.519021">
        <testcase name="test_json_guest_cannot_get_create_info" file="/app/vendor/gammamatrix/playground-test/src/Feature/Http/Controllers/Resource/Playground/CreateJsonTrait.php" line="39" class="Tests\Feature\Playground\Lead\Api\Http\Controllers\Playground\LeadRouteTest" classname="Tests.Feature.Playground.Lead.Api.Http.Controllers.Playground.LeadRouteTest" assertions="1" time="0.274818"/>
        <testcase name="test_json_admin_can_get_create_info" file="/app/vendor/gammamatrix/playground-test/src/Feature/Http/Controllers/Resource/Playground/CreateJsonTrait.php" line="54" class="Tests\Feature\Playground\Lead\Api\Http\Controllers\Playground\LeadRouteTest" classname="Tests.Feature.Playground.Lead.Api.Http.Controllers.Playground.LeadRouteTest" assertions="123" time="0.288938"/>
        <testcase name="test_json_get_create_info_as_admin_with_invalid_parameter_and_fail_validation" file="/app/vendor/gammamatrix/playground-test/src/Feature/Http/Controllers/Resource/Playground/CreateJsonTrait.php" line="74" class="Tests\Feature\Playground\Lead\Api\Http\Controllers\Playground\LeadRouteTest" classname="Tests.Feature.Playground.Lead.Api.Http.Controllers.Playground.LeadRouteTest" assertions="4" time="0.292858"/>
        <testcase name="test_json_guest_cannot_destroy" file="/app/vendor/gammamatrix/playground-test/src/Feature/Http/Controllers/Resource/Playground/DestroyJsonTrait.php" line="32" class="Tests\Feature\Playground\Lead\Api\Http\Controllers\Playground\LeadRouteTest" classname="Tests.Feature.Playground.Lead.Api.Http.Controllers.Playground.LeadRouteTest" assertions="3" time="0.280220"/>
        <testcase name="test_json_destroy_as_admin_and_succeed" file="/app/vendor/gammamatrix/playground-test/src/Feature/Http/Controllers/Resource/Playground/DestroyJsonTrait.php" line="62" class="Tests\Feature\Playground\Lead\Api\Http\Controllers\Playground\LeadRouteTest" classname="Tests.Feature.Playground.Lead.Api.Http.Controllers.Playground.LeadRouteTest" assertions="5" time="0.286405"/>
        <testcase name="test_json_destroy_as_admin_and_succeed_with_force_delete" file="/app/vendor/gammamatrix/playground-test/src/Feature/Http/Controllers/Resource/Playground/DestroyJsonTrait.php" line="101" class="Tests\Feature\Playground\Lead\Api\Http\Controllers\Playground\LeadRouteTest" classname="Tests.Feature.Playground.Lead.Api.Http.Controllers.Playground.LeadRouteTest" assertions="4" time="0.302573"/>
        <testcase name="test_json_destroy_as_admin_and_succeed_with_no_content" file="/app/vendor/gammamatrix/playground-test/src/Feature/Http/Controllers/Resource/Playground/DestroyJsonTrait.php" line="133" class="Tests\Feature\Playground\Lead\Api\Http\Controllers\Playground\LeadRouteTest" classname="Tests.Feature.Playground.Lead.Api.Http.Controllers.Playground.LeadRouteTest" assertions="5" time="0.301620"/>
        <testcase name="test_json_destroy_as_admin_and_succeed_and_ignore_redirect" file="/app/vendor/gammamatrix/playground-test/src/Feature/Http/Controllers/Resource/Playground/DestroyJsonTrait.php" line="168" class="Tests\Feature\Playground\Lead\Api\Http\Controllers\Playground\LeadRouteTest" classname="Tests.Feature.Playground.Lead.Api.Http.Controllers.Playground.LeadRouteTest" assertions="5" time="0.292498"/>
        <testcase name="test_json_destroy_as_user_and_get_denied_and_no_force_delete_allowed" file="/app/vendor/gammamatrix/playground-test/src/Feature/Http/Controllers/Resource/Playground/DestroyJsonTrait.php" line="210" class="Tests\Feature\Playground\Lead\Api\Http\Controllers\Playground\LeadRouteTest" classname="Tests.Feature.Playground.Lead.Api.Http.Controllers.Playground.LeadRouteTest" assertions="3" time="0.298479"/>
        <testcase name="test_json_guest_cannot_get_edit_info" file="/app/vendor/gammamatrix/playground-test/src/Feature/Http/Controllers/Resource/Playground/EditJsonTrait.php" line="39" class="Tests\Feature\Playground\Lead\Api\Http\Controllers\Playground\LeadRouteTest" classname="Tests.Feature.Playground.Lead.Api.Http.Controllers.Playground.LeadRouteTest" assertions="1" time="0.290761"/>
        <testcase name="test_json_admin_can_get_edit_info" file="/app/vendor/gammamatrix/playground-test/src/Feature/Http/Controllers/Resource/Playground/EditJsonTrait.php" line="59" class="Tests\Feature\Playground\Lead\Api\Http\Controllers\Playground\LeadRouteTest" classname="Tests.Feature.Playground.Lead.Api.Http.Controllers.Playground.LeadRouteTest" assertions="4" time="0.303335"/>
        <testcase name="test_json_edit_as_admin_and_fail_validation_with_invalid_parameter" file="/app/vendor/gammamatrix/playground-test/src/Feature/Http/Controllers/Resource/Playground/EditJsonTrait.php" line="88" class="Tests\Feature\Playground\Lead\Api\Http\Controllers\Playground\LeadRouteTest" classname="Tests.Feature.Playground.Lead.Api.Http.Controllers.Playground.LeadRouteTest" assertions="4" time="0.305306"/>
        <testcase name="test_json_guest_cannot_get_index" file="/app/vendor/gammamatrix/playground-test/src/Feature/Http/Controllers/Resource/Playground/IndexJsonTrait.php" line="35" class="Tests\Feature\Playground\Lead\Api\Http\Controllers\Playground\LeadRouteTest" classname="Tests.Feature.Playground.Lead.Api.Http.Controllers.Playground.LeadRouteTest" assertions="1" time="0.284841"/>
        <testcase name="test_json_admin_can_get_index" file="/app/vendor/gammamatrix/playground-test/src/Feature/Http/Controllers/Resource/Playground/IndexJsonTrait.php" line="50" class="Tests\Feature\Playground\Lead\Api\Http\Controllers\Playground\LeadRouteTest" classname="Tests.Feature.Playground.Lead.Api.Http.Controllers.Playground.LeadRouteTest" assertions="127" time="0.304753"/>
        <testcase name="test_json_admin_can_get_index_with_filters" file="/app/vendor/gammamatrix/playground-test/src/Feature/Http/Controllers/Resource/Playground/IndexJsonTrait.php" line="86" class="Tests\Feature\Playground\Lead\Api\Http\Controllers\Playground\LeadRouteTest" classname="Tests.Feature.Playground.Lead.Api.Http.Controllers.Playground.LeadRouteTest" assertions="3" time="0.304487"/>
        <testcase name="test_json_guest_cannot_lock" file="/app/vendor/gammamatrix/playground-test/src/Feature/Http/Controllers/Resource/Playground/LockJsonTrait.php" line="37" class="Tests\Feature\Playground\Lead\Api\Http\Controllers\Playground\LeadRouteTest" classname="Tests.Feature.Playground.Lead.Api.Http.Controllers.Playground.LeadRouteTest" assertions="3" time="0.281730"/>
        <testcase name="test_json_lock_as_admin_and_succeed" file="/app/vendor/gammamatrix/playground-test/src/Feature/Http/Controllers/Resource/Playground/LockJsonTrait.php" line="67" class="Tests\Feature\Playground\Lead\Api\Http\Controllers\Playground\LeadRouteTest" classname="Tests.Feature.Playground.Lead.Api.Http.Controllers.Playground.LeadRouteTest" assertions="3" time="0.311756"/>
        <testcase name="test_json_lock_as_admin_and_succeed_with_no_redirect" file="/app/vendor/gammamatrix/playground-test/src/Feature/Http/Controllers/Resource/Playground/LockJsonTrait.php" line="99" class="Tests\Feature\Playground\Lead\Api\Http\Controllers\Playground\LeadRouteTest" classname="Tests.Feature.Playground.Lead.Api.Http.Controllers.Playground.LeadRouteTest" assertions="125" time="0.300245"/>
        <testcase name="test_json_lock_as_user_and_get_denied" file="/app/vendor/gammamatrix/playground-test/src/Feature/Http/Controllers/Resource/Playground/LockJsonTrait.php" line="144" class="Tests\Feature\Playground\Lead\Api\Http\Controllers\Playground\LeadRouteTest" classname="Tests.Feature.Playground.Lead.Api.Http.Controllers.Playground.LeadRouteTest" assertions="3" time="0.301024"/>
        <testcase name="test_json_guest_cannot_restore" file="/app/vendor/gammamatrix/playground-test/src/Feature/Http/Controllers/Resource/Playground/RestoreJsonTrait.php" line="33" class="Tests\Feature\Playground\Lead\Api\Http\Controllers\Playground\LeadRouteTest" classname="Tests.Feature.Playground.Lead.Api.Http.Controllers.Playground.LeadRouteTest" assertions="3" time="0.296810"/>
        <testcase name="test_json_restore_as_admin_and_succeed" file="/app/vendor/gammamatrix/playground-test/src/Feature/Http/Controllers/Resource/Playground/RestoreJsonTrait.php" line="65" class="Tests\Feature\Playground\Lead\Api\Http\Controllers\Playground\LeadRouteTest" classname="Tests.Feature.Playground.Lead.Api.Http.Controllers.Playground.LeadRouteTest" assertions="125" time="0.300750"/>
        <testcase name="test_json_restore_as_admin_and_succeed_with_no_redirect" file="/app/vendor/gammamatrix/playground-test/src/Feature/Http/Controllers/Resource/Playground/RestoreJsonTrait.php" line="101" class="Tests\Feature\Playground\Lead\Api\Http\Controllers\Playground\LeadRouteTest" classname="Tests.Feature.Playground.Lead.Api.Http.Controllers.Playground.LeadRouteTest" assertions="125" time="0.303692"/>
        <testcase name="test_json_restore_as_user_and_get_denied" file="/app/vendor/gammamatrix/playground-test/src/Feature/Http/Controllers/Resource/Playground/RestoreJsonTrait.php" line="144" class="Tests\Feature\Playground\Lead\Api\Http\Controllers\Playground\LeadRouteTest" classname="Tests.Feature.Playground.Lead.Api.Http.Controllers.Playground.LeadRouteTest" assertions="3" time="0.295893"/>
        <testcase name="test_json_guest_cannot_see_info" file="/app/vendor/gammamatrix/playground-test/src/Feature/Http/Controllers/Resource/Playground/ShowJsonTrait.php" line="30" class="Tests\Feature\Playground\Lead\Api\Http\Controllers\Playground\LeadRouteTest" classname="Tests.Feature.Playground.Lead.Api.Http.Controllers.Playground.LeadRouteTest" assertions="1" time="0.315945"/>
        <testcase name="test_json_show_info_for_admin" file="/app/vendor/gammamatrix/playground-test/src/Feature/Http/Controllers/Resource/Playground/ShowJsonTrait.php" line="50" class="Tests\Feature\Playground\Lead\Api\Http\Controllers\Playground\LeadRouteTest" classname="Tests.Feature.Playground.Lead.Api.Http.Controllers.Playground.LeadRouteTest" assertions="124" time="0.300817"/>
        <testcase name="test_json_guest_cannot_store" file="/app/vendor/gammamatrix/playground-test/src/Feature/Http/Controllers/Resource/Playground/StoreJsonTrait.php" line="44" class="Tests\Feature\Playground\Lead\Api\Http\Controllers\Playground\LeadRouteTest" classname="Tests.Feature.Playground.Lead.Api.Http.Controllers.Playground.LeadRouteTest" assertions="3" time="0.296822"/>
        <testcase name="test_json_store_as_admin_without_payload_and_fail_validation" file="/app/vendor/gammamatrix/playground-test/src/Feature/Http/Controllers/Resource/Playground/StoreJsonTrait.php" line="67" class="Tests\Feature\Playground\Lead\Api\Http\Controllers\Playground\LeadRouteTest" classname="Tests.Feature.Playground.Lead.Api.Http.Controllers.Playground.LeadRouteTest" assertions="5" time="0.301796"/>
        <testcase name="test_json_store_as_admin_and_succeed" file="/app/vendor/gammamatrix/playground-test/src/Feature/Http/Controllers/Resource/Playground/StoreJsonTrait.php" line="93" class="Tests\Feature\Playground\Lead\Api\Http\Controllers\Playground\LeadRouteTest" classname="Tests.Feature.Playground.Lead.Api.Http.Controllers.Playground.LeadRouteTest" assertions="3" time="0.329720"/>
        <testcase name="test_json_guest_cannot_unlock" file="/app/vendor/gammamatrix/playground-test/src/Feature/Http/Controllers/Resource/Playground/UnlockJsonTrait.php" line="37" class="Tests\Feature\Playground\Lead\Api\Http\Controllers\Playground\LeadRouteTest" classname="Tests.Feature.Playground.Lead.Api.Http.Controllers.Playground.LeadRouteTest" assertions="3" time="0.287661"/>
        <testcase name="test_json_unlock_as_admin_and_succeed" file="/app/vendor/gammamatrix/playground-test/src/Feature/Http/Controllers/Resource/Playground/UnlockJsonTrait.php" line="69" class="Tests\Feature\Playground\Lead\Api\Http\Controllers\Playground\LeadRouteTest" classname="Tests.Feature.Playground.Lead.Api.Http.Controllers.Playground.LeadRouteTest" assertions="125" time="0.305187"/>
        <testcase name="test_json_unlock_as_admin_and_succeed_with_no_redirect" file="/app/vendor/gammamatrix/playground-test/src/Feature/Http/Controllers/Resource/Playground/UnlockJsonTrait.php" line="105" class="Tests\Feature\Playground\Lead\Api\Http\Controllers\Playground\LeadRouteTest" classname="Tests.Feature.Playground.Lead.Api.Http.Controllers.Playground.LeadRouteTest" assertions="125" time="0.303821"/>
        <testcase name="test_json_unlock_as_user_and_get_denied" file="/app/vendor/gammamatrix/playground-test/src/Feature/Http/Controllers/Resource/Playground/UnlockJsonTrait.php" line="146" class="Tests\Feature\Playground\Lead\Api\Http\Controllers\Playground\LeadRouteTest" classname="Tests.Feature.Playground.Lead.Api.Http.Controllers.Playground.LeadRouteTest" assertions="3" time="0.297528"/>
        <testcase name="test_json_guest_cannot_update" file="/app/vendor/gammamatrix/playground-test/src/Feature/Http/Controllers/Resource/Playground/UpdateJsonTrait.php" line="46" class="Tests\Feature\Playground\Lead\Api\Http\Controllers\Playground\LeadRouteTest" classname="Tests.Feature.Playground.Lead.Api.Http.Controllers.Playground.LeadRouteTest" assertions="1" time="0.309529"/>
        <testcase name="test_json_update_as_admin_without_payload_and_passes_validation" file="/app/vendor/gammamatrix/playground-test/src/Feature/Http/Controllers/Resource/Playground/UpdateJsonTrait.php" line="66" class="Tests\Feature\Playground\Lead\Api\Http\Controllers\Playground\LeadRouteTest" classname="Tests.Feature.Playground.Lead.Api.Http.Controllers.Playground.LeadRouteTest" assertions="2" time="0.319212"/>
        <testcase name="test_json_admin_can_update" file="/app/vendor/gammamatrix/playground-test/src/Feature/Http/Controllers/Resource/Playground/UpdateJsonTrait.php" line="114" class="Tests\Feature\Playground\Lead\Api\Http\Controllers\Playground\LeadRouteTest" classname="Tests.Feature.Playground.Lead.Api.Http.Controllers.Playground.LeadRouteTest" assertions="127" time="0.347193"/>
      </testsuite>
      <testsuite name="Tests\Feature\Playground\Lead\Api\Http\Controllers\Playground\OpportunityRouteTest" file="/app/tests/Feature/Http/Controllers/Playground/OpportunityRouteTest.php" tests="35" assertions="1205" errors="0" failures="0" skipped="0" time="10.619837">
        <testcase name="test_json_guest_cannot_get_create_info" file="/app/vendor/gammamatrix/playground-test/src/Feature/Http/Controllers/Resource/Playground/CreateJsonTrait.php" line="39" class="Tests\Feature\Playground\Lead\Api\Http\Controllers\Playground\OpportunityRouteTest" classname="Tests.Feature.Playground.Lead.Api.Http.Controllers.Playground.OpportunityRouteTest" assertions="1" time="0.292828"/>
        <testcase name="test_json_admin_can_get_create_info" file="/app/vendor/gammamatrix/playground-test/src/Feature/Http/Controllers/Resource/Playground/CreateJsonTrait.php" line="54" class="Tests\Feature\Playground\Lead\Api\Http\Controllers\Playground\OpportunityRouteTest" classname="Tests.Feature.Playground.Lead.Api.Http.Controllers.Playground.OpportunityRouteTest" assertions="123" time="0.294127"/>
        <testcase name="test_json_get_create_info_as_admin_with_invalid_parameter_and_fail_validation" file="/app/vendor/gammamatrix/playground-test/src/Feature/Http/Controllers/Resource/Playground/CreateJsonTrait.php" line="74" class="Tests\Feature\Playground\Lead\Api\Http\Controllers\Playground\OpportunityRouteTest" classname="Tests.Feature.Playground.Lead.Api.Http.Controllers.Playground.OpportunityRouteTest" assertions="4" time="0.285472"/>
        <testcase name="test_json_guest_cannot_destroy" file="/app/vendor/gammamatrix/playground-test/src/Feature/Http/Controllers/Resource/Playground/DestroyJsonTrait.php" line="32" class="Tests\Feature\Playground\Lead\Api\Http\Controllers\Playground\OpportunityRouteTest" classname="Tests.Feature.Playground.Lead.Api.Http.Controllers.Playground.OpportunityRouteTest" assertions="3" time="0.294822"/>
        <testcase name="test_json_destroy_as_admin_and_succeed" file="/app/vendor/gammamatrix/playground-test/src/Feature/Http/Controllers/Resource/Playground/DestroyJsonTrait.php" line="62" class="Tests\Feature\Playground\Lead\Api\Http\Controllers\Playground\OpportunityRouteTest" classname="Tests.Feature.Playground.Lead.Api.Http.Controllers.Playground.OpportunityRouteTest" assertions="5" time="0.288189"/>
        <testcase name="test_json_destroy_as_admin_and_succeed_with_force_delete" file="/app/vendor/gammamatrix/playground-test/src/Feature/Http/Controllers/Resource/Playground/DestroyJsonTrait.php" line="101" class="Tests\Feature\Playground\Lead\Api\Http\Controllers\Playground\OpportunityRouteTest" classname="Tests.Feature.Playground.Lead.Api.Http.Controllers.Playground.OpportunityRouteTest" assertions="4" time="0.289703"/>
        <testcase name="test_json_destroy_as_admin_and_succeed_with_no_content" file="/app/vendor/gammamatrix/playground-test/src/Feature/Http/Controllers/Resource/Playground/DestroyJsonTrait.php" line="133" class="Tests\Feature\Playground\Lead\Api\Http\Controllers\Playground\OpportunityRouteTest" classname="Tests.Feature.Playground.Lead.Api.Http.Controllers.Playground.OpportunityRouteTest" assertions="5" time="0.291394"/>
        <testcase name="test_json_destroy_as_admin_and_succeed_and_ignore_redirect" file="/app/vendor/gammamatrix/playground-test/src/Feature/Http/Controllers/Resource/Playground/DestroyJsonTrait.php" line="168" class="Tests\Feature\Playground\Lead\Api\Http\Controllers\Playground\OpportunityRouteTest" classname="Tests.Feature.Playground.Lead.Api.Http.Controllers.Playground.OpportunityRouteTest" assertions="5" time="0.302129"/>
        <testcase name="test_json_destroy_as_user_and_get_denied_and_no_force_delete_allowed" file="/app/vendor/gammamatrix/playground-test/src/Feature/Http/Controllers/Resource/Playground/DestroyJsonTrait.php" line="210" class="Tests\Feature\Playground\Lead\Api\Http\Controllers\Playground\OpportunityRouteTest" classname="Tests.Feature.Playground.Lead.Api.Http.Controllers.Playground.OpportunityRouteTest" assertions="3" time="0.286059"/>
        <testcase name="test_json_guest_cannot_get_edit_info" file="/app/vendor/gammamatrix/playground-test/src/Feature/Http/Controllers/Resource/Playground/EditJsonTrait.php" line="39" class="Tests\Feature\Playground\Lead\Api\Http\Controllers\Playground\OpportunityRouteTest" classname="Tests.Feature.Playground.Lead.Api.Http.Controllers.Playground.OpportunityRouteTest" assertions="1" time="0.287785"/>
        <testcase name="test_json_admin_can_get_edit_info" file="/app/vendor/gammamatrix/playground-test/src/Feature/Http/Controllers/Resource/Playground/EditJsonTrait.php" line="59" class="Tests\Feature\Playground\Lead\Api\Http\Controllers\Playground\OpportunityRouteTest" classname="Tests.Feature.Playground.Lead.Api.Http.Controllers.Playground.OpportunityRouteTest" assertions="4" time="0.345046"/>
        <testcase name="test_json_edit_as_admin_and_fail_validation_with_invalid_parameter" file="/app/vendor/gammamatrix/playground-test/src/Feature/Http/Controllers/Resource/Playground/EditJsonTrait.php" line="88" class="Tests\Feature\Playground\Lead\Api\Http\Controllers\Playground\OpportunityRouteTest" classname="Tests.Feature.Playground.Lead.Api.Http.Controllers.Playground.OpportunityRouteTest" assertions="4" time="0.300731"/>
        <testcase name="test_json_guest_cannot_get_index" file="/app/vendor/gammamatrix/playground-test/src/Feature/Http/Controllers/Resource/Playground/IndexJsonTrait.php" line="35" class="Tests\Feature\Playground\Lead\Api\Http\Controllers\Playground\OpportunityRouteTest" classname="Tests.Feature.Playground.Lead.Api.Http.Controllers.Playground.OpportunityRouteTest" assertions="1" time="0.286684"/>
        <testcase name="test_json_admin_can_get_index" file="/app/vendor/gammamatrix/playground-test/src/Feature/Http/Controllers/Resource/Playground/IndexJsonTrait.php" line="50" class="Tests\Feature\Playground\Lead\Api\Http\Controllers\Playground\OpportunityRouteTest" classname="Tests.Feature.Playground.Lead.Api.Http.Controllers.Playground.OpportunityRouteTest" assertions="127" time="0.299453"/>
        <testcase name="test_json_admin_can_get_index_with_filters" file="/app/vendor/gammamatrix/playground-test/src/Feature/Http/Controllers/Resource/Playground/IndexJsonTrait.php" line="86" class="Tests\Feature\Playground\Lead\Api\Http\Controllers\Playground\OpportunityRouteTest" classname="Tests.Feature.Playground.Lead.Api.Http.Controllers.Playground.OpportunityRouteTest" assertions="3" time="0.318880"/>
        <testcase name="test_json_guest_cannot_lock" file="/app/vendor/gammamatrix/playground-test/src/Feature/Http/Controllers/Resource/Playground/LockJsonTrait.php" line="37" class="Tests\Feature\Playground\Lead\Api\Http\Controllers\Playground\OpportunityRouteTest" classname="Tests.Feature.Playground.Lead.Api.Http.Controllers.Playground.OpportunityRouteTest" assertions="3" time="0.279172"/>
        <testcase name="test_json_lock_as_admin_and_succeed" file="/app/vendor/gammamatrix/playground-test/src/Feature/Http/Controllers/Resource/Playground/LockJsonTrait.php" line="67" class="Tests\Feature\Playground\Lead\Api\Http\Controllers\Playground\OpportunityRouteTest" classname="Tests.Feature.Playground.Lead.Api.Http.Controllers.Playground.OpportunityRouteTest" assertions="3" time="0.308321"/>
        <testcase name="test_json_lock_as_admin_and_succeed_with_no_redirect" file="/app/vendor/gammamatrix/playground-test/src/Feature/Http/Controllers/Resource/Playground/LockJsonTrait.php" line="99" class="Tests\Feature\Playground\Lead\Api\Http\Controllers\Playground\OpportunityRouteTest" classname="Tests.Feature.Playground.Lead.Api.Http.Controllers.Playground.OpportunityRouteTest" assertions="125" time="0.311506"/>
        <testcase name="test_json_lock_as_user_and_get_denied" file="/app/vendor/gammamatrix/playground-test/src/Feature/Http/Controllers/Resource/Playground/LockJsonTrait.php" line="144" class="Tests\Feature\Playground\Lead\Api\Http\Controllers\Playground\OpportunityRouteTest" classname="Tests.Feature.Playground.Lead.Api.Http.Controllers.Playground.OpportunityRouteTest" assertions="3" time="0.296305"/>
        <testcase name="test_json_guest_cannot_restore" file="/app/vendor/gammamatrix/playground-test/src/Feature/Http/Controllers/Resource/Playground/RestoreJsonTrait.php" line="33" class="Tests\Feature\Playground\Lead\Api\Http\Controllers\Playground\OpportunityRouteTest" classname="Tests.Feature.Playground.Lead.Api.Http.Controllers.Playground.OpportunityRouteTest" assertions="3" time="0.283898"/>
        <testcase name="test_json_restore_as_admin_and_succeed" file="/app/vendor/gammamatrix/playground-test/src/Feature/Http/Controllers/Resource/Playground/RestoreJsonTrait.php" line="65" class="Tests\Feature\Playground\Lead\Api\Http\Controllers\Playground\OpportunityRouteTest" classname="Tests.Feature.Playground.Lead.Api.Http.Controllers.Playground.OpportunityRouteTest" assertions="125" time="0.312899"/>
        <testcase name="test_json_restore_as_admin_and_succeed_with_no_redirect" file="/app/vendor/gammamatrix/playground-test/src/Feature/Http/Controllers/Resource/Playground/RestoreJsonTrait.php" line="101" class="Tests\Feature\Playground\Lead\Api\Http\Controllers\Playground\OpportunityRouteTest" classname="Tests.Feature.Playground.Lead.Api.Http.Controllers.Playground.OpportunityRouteTest" assertions="125" time="0.324399"/>
        <testcase name="test_json_restore_as_user_and_get_denied" file="/app/vendor/gammamatrix/playground-test/src/Feature/Http/Controllers/Resource/Playground/RestoreJsonTrait.php" line="144" class="Tests\Feature\Playground\Lead\Api\Http\Controllers\Playground\OpportunityRouteTest" classname="Tests.Feature.Playground.Lead.Api.Http.Controllers.Playground.OpportunityRouteTest" assertions="3" time="0.300081"/>
        <testcase name="test_json_guest_cannot_see_info" file="/app/vendor/gammamatrix/playground-test/src/Feature/Http/Controllers/Resource/Playground/ShowJsonTrait.php" line="30" class="Tests\Feature\Playground\Lead\Api\Http\Controllers\Playground\OpportunityRouteTest" classname="Tests.Feature.Playground.Lead.Api.Http.Controllers.Playground.OpportunityRouteTest" assertions="1" time="0.311449"/>
        <testcase name="test_json_show_info_for_admin" file="/app/vendor/gammamatrix/playground-test/src/Feature/Http/Controllers/Resource/Playground/ShowJsonTrait.php" line="50" class="Tests\Feature\Playground\Lead\Api\Http\Controllers\Playground\OpportunityRouteTest" classname="Tests.Feature.Playground.Lead.Api.Http.Controllers.Playground.OpportunityRouteTest" assertions="124" time="0.303447"/>
        <testcase name="test_json_guest_cannot_store" file="/app/vendor/gammamatrix/playground-test/src/Feature/Http/Controllers/Resource/Playground/StoreJsonTrait.php" line="44" class="Tests\Feature\Playground\Lead\Api\Http\Controllers\Playground\OpportunityRouteTest" classname="Tests.Feature.Playground.Lead.Api.Http.Controllers.Playground.OpportunityRouteTest" assertions="3" time="0.302943"/>
        <testcase name="test_json_store_as_admin_without_payload_and_fail_validation" file="/app/vendor/gammamatrix/playground-test/src/Feature/Http/Controllers/Resource/Playground/StoreJsonTrait.php" line="67" class="Tests\Feature\Playground\Lead\Api\Http\Controllers\Playground\OpportunityRouteTest" classname="Tests.Feature.Playground.Lead.Api.Http.Controllers.Playground.OpportunityRouteTest" assertions="5" time="0.296272"/>
        <testcase name="test_json_store_as_admin_and_succeed" file="/app/vendor/gammamatrix/playground-test/src/Feature/Http/Controllers/Resource/Playground/StoreJsonTrait.php" line="93" class="Tests\Feature\Playground\Lead\Api\Http\Controllers\Playground\OpportunityRouteTest" classname="Tests.Feature.Playground.Lead.Api.Http.Controllers.Playground.OpportunityRouteTest" assertions="3" time="0.328185"/>
        <testcase name="test_json_guest_cannot_unlock" file="/app/vendor/gammamatrix/playground-test/src/Feature/Http/Controllers/Resource/Playground/UnlockJsonTrait.php" line="37" class="Tests\Feature\Playground\Lead\Api\Http\Controllers\Playground\OpportunityRouteTest" classname="Tests.Feature.Playground.Lead.Api.Http.Controllers.Playground.OpportunityRouteTest" assertions="3" time="0.284244"/>
        <testcase name="test_json_unlock_as_admin_and_succeed" file="/app/vendor/gammamatrix/playground-test/src/Feature/Http/Controllers/Resource/Playground/UnlockJsonTrait.php" line="69" class="Tests\Feature\Playground\Lead\Api\Http\Controllers\Playground\OpportunityRouteTest" classname="Tests.Feature.Playground.Lead.Api.Http.Controllers.Playground.OpportunityRouteTest" assertions="125" time="0.321040"/>
        <testcase name="test_json_unlock_as_admin_and_succeed_with_no_redirect" file="/app/vendor/gammamatrix/playground-test/src/Feature/Http/Controllers/Resource/Playground/UnlockJsonTrait.php" line="105" class="Tests\Feature\Playground\Lead\Api\Http\Controllers\Playground\OpportunityRouteTest" classname="Tests.Feature.Playground.Lead.Api.Http.Controllers.Playground.OpportunityRouteTest" assertions="125" time="0.324617"/>
        <testcase name="test_json_unlock_as_user_and_get_denied" file="/app/vendor/gammamatrix/playground-test/src/Feature/Http/Controllers/Resource/Playground/UnlockJsonTrait.php" line="146" class="Tests\Feature\Playground\Lead\Api\Http\Controllers\Playground\OpportunityRouteTest" classname="Tests.Feature.Playground.Lead.Api.Http.Controllers.Playground.OpportunityRouteTest" assertions="3" time="0.300252"/>
        <testcase name="test_json_guest_cannot_update" file="/app/vendor/gammamatrix/playground-test/src/Feature/Http/Controllers/Resource/Playground/UpdateJsonTrait.php" line="46" class="Tests\Feature\Playground\Lead\Api\Http\Controllers\Playground\OpportunityRouteTest" classname="Tests.Feature.Playground.Lead.Api.Http.Controllers.Playground.OpportunityRouteTest" assertions="1" time="0.310756"/>
        <testcase name="test_json_update_as_admin_without_payload_and_passes_validation" file="/app/vendor/gammamatrix/playground-test/src/Feature/Http/Controllers/Resource/Playground/UpdateJsonTrait.php" line="66" class="Tests\Feature\Playground\Lead\Api\Http\Controllers\Playground\OpportunityRouteTest" classname="Tests.Feature.Playground.Lead.Api.Http.Controllers.Playground.OpportunityRouteTest" assertions="2" time="0.313025"/>
        <testcase name="test_json_admin_can_update" file="/app/vendor/gammamatrix/playground-test/src/Feature/Http/Controllers/Resource/Playground/UpdateJsonTrait.php" line="114" class="Tests\Feature\Playground\Lead\Api\Http\Controllers\Playground\OpportunityRouteTest" classname="Tests.Feature.Playground.Lead.Api.Http.Controllers.Playground.OpportunityRouteTest" assertions="127" time="0.343722"/>
      </testsuite>
      <testsuite name="Tests\Feature\Playground\Lead\Api\Http\Controllers\Playground\PlanRouteTest" file="/app/tests/Feature/Http/Controllers/Playground/PlanRouteTest.php" tests="35" assertions="1205" errors="0" failures="0" skipped="0" time="10.635245">
        <testcase name="test_json_guest_cannot_get_create_info" file="/app/vendor/gammamatrix/playground-test/src/Feature/Http/Controllers/Resource/Playground/CreateJsonTrait.php" line="39" class="Tests\Feature\Playground\Lead\Api\Http\Controllers\Playground\PlanRouteTest" classname="Tests.Feature.Playground.Lead.Api.Http.Controllers.Playground.PlanRouteTest" assertions="1" time="0.274103"/>
        <testcase name="test_json_admin_can_get_create_info" file="/app/vendor/gammamatrix/playground-test/src/Feature/Http/Controllers/Resource/Playground/CreateJsonTrait.php" line="54" class="Tests\Feature\Playground\Lead\Api\Http\Controllers\Playground\PlanRouteTest" classname="Tests.Feature.Playground.Lead.Api.Http.Controllers.Playground.PlanRouteTest" assertions="123" time="0.302017"/>
        <testcase name="test_json_get_create_info_as_admin_with_invalid_parameter_and_fail_validation" file="/app/vendor/gammamatrix/playground-test/src/Feature/Http/Controllers/Resource/Playground/CreateJsonTrait.php" line="74" class="Tests\Feature\Playground\Lead\Api\Http\Controllers\Playground\PlanRouteTest" classname="Tests.Feature.Playground.Lead.Api.Http.Controllers.Playground.PlanRouteTest" assertions="4" time="0.292805"/>
        <testcase name="test_json_guest_cannot_destroy" file="/app/vendor/gammamatrix/playground-test/src/Feature/Http/Controllers/Resource/Playground/DestroyJsonTrait.php" line="32" class="Tests\Feature\Playground\Lead\Api\Http\Controllers\Playground\PlanRouteTest" classname="Tests.Feature.Playground.Lead.Api.Http.Controllers.Playground.PlanRouteTest" assertions="3" time="0.289799"/>
        <testcase name="test_json_destroy_as_admin_and_succeed" file="/app/vendor/gammamatrix/playground-test/src/Feature/Http/Controllers/Resource/Playground/DestroyJsonTrait.php" line="62" class="Tests\Feature\Playground\Lead\Api\Http\Controllers\Playground\PlanRouteTest" classname="Tests.Feature.Playground.Lead.Api.Http.Controllers.Playground.PlanRouteTest" assertions="5" time="0.292644"/>
        <testcase name="test_json_destroy_as_admin_and_succeed_with_force_delete" file="/app/vendor/gammamatrix/playground-test/src/Feature/Http/Controllers/Resource/Playground/DestroyJsonTrait.php" line="101" class="Tests\Feature\Playground\Lead\Api\Http\Controllers\Playground\PlanRouteTest" classname="Tests.Feature.Playground.Lead.Api.Http.Controllers.Playground.PlanRouteTest" assertions="4" time="0.298936"/>
        <testcase name="test_json_destroy_as_admin_and_succeed_with_no_content" file="/app/vendor/gammamatrix/playground-test/src/Feature/Http/Controllers/Resource/Playground/DestroyJsonTrait.php" line="133" class="Tests\Feature\Playground\Lead\Api\Http\Controllers\Playground\PlanRouteTest" classname="Tests.Feature.Playground.Lead.Api.Http.Controllers.Playground.PlanRouteTest" assertions="5" time="0.296468"/>
        <testcase name="test_json_destroy_as_admin_and_succeed_and_ignore_redirect" file="/app/vendor/gammamatrix/playground-test/src/Feature/Http/Controllers/Resource/Playground/DestroyJsonTrait.php" line="168" class="Tests\Feature\Playground\Lead\Api\Http\Controllers\Playground\PlanRouteTest" classname="Tests.Feature.Playground.Lead.Api.Http.Controllers.Playground.PlanRouteTest" assertions="5" time="0.307802"/>
        <testcase name="test_json_destroy_as_user_and_get_denied_and_no_force_delete_allowed" file="/app/vendor/gammamatrix/playground-test/src/Feature/Http/Controllers/Resource/Playground/DestroyJsonTrait.php" line="210" class="Tests\Feature\Playground\Lead\Api\Http\Controllers\Playground\PlanRouteTest" classname="Tests.Feature.Playground.Lead.Api.Http.Controllers.Playground.PlanRouteTest" assertions="3" time="0.304247"/>
        <testcase name="test_json_guest_cannot_get_edit_info" file="/app/vendor/gammamatrix/playground-test/src/Feature/Http/Controllers/Resource/Playground/EditJsonTrait.php" line="39" class="Tests\Feature\Playground\Lead\Api\Http\Controllers\Playground\PlanRouteTest" classname="Tests.Feature.Playground.Lead.Api.Http.Controllers.Playground.PlanRouteTest" assertions="1" time="0.290168"/>
        <testcase name="test_json_admin_can_get_edit_info" file="/app/vendor/gammamatrix/playground-test/src/Feature/Http/Controllers/Resource/Playground/EditJsonTrait.php" line="59" class="Tests\Feature\Playground\Lead\Api\Http\Controllers\Playground\PlanRouteTest" classname="Tests.Feature.Playground.Lead.Api.Http.Controllers.Playground.PlanRouteTest" assertions="4" time="0.300766"/>
        <testcase name="test_json_edit_as_admin_and_fail_validation_with_invalid_parameter" file="/app/vendor/gammamatrix/playground-test/src/Feature/Http/Controllers/Resource/Playground/EditJsonTrait.php" line="88" class="Tests\Feature\Playground\Lead\Api\Http\Controllers\Playground\PlanRouteTest" classname="Tests.Feature.Playground.Lead.Api.Http.Controllers.Playground.PlanRouteTest" assertions="4" time="0.298826"/>
        <testcase name="test_json_guest_cannot_get_index" file="/app/vendor/gammamatrix/playground-test/src/Feature/Http/Controllers/Resource/Playground/IndexJsonTrait.php" line="35" class="Tests\Feature\Playground\Lead\Api\Http\Controllers\Playground\PlanRouteTest" classname="Tests.Feature.Playground.Lead.Api.Http.Controllers.Playground.PlanRouteTest" assertions="1" time="0.292718"/>
        <testcase name="test_json_admin_can_get_index" file="/app/vendor/gammamatrix/playground-test/src/Feature/Http/Controllers/Resource/Playground/IndexJsonTrait.php" line="50" class="Tests\Feature\Playground\Lead\Api\Http\Controllers\Playground\PlanRouteTest" classname="Tests.Feature.Playground.Lead.Api.Http.Controllers.Playground.PlanRouteTest" assertions="127" time="0.306035"/>
        <testcase name="test_json_admin_can_get_index_with_filters" file="/app/vendor/gammamatrix/playground-test/src/Feature/Http/Controllers/Resource/Playground/IndexJsonTrait.php" line="86" class="Tests\Feature\Playground\Lead\Api\Http\Controllers\Playground\PlanRouteTest" classname="Tests.Feature.Playground.Lead.Api.Http.Controllers.Playground.PlanRouteTest" assertions="3" time="0.323625"/>
        <testcase name="test_json_guest_cannot_lock" file="/app/vendor/gammamatrix/playground-test/src/Feature/Http/Controllers/Resource/Playground/LockJsonTrait.php" line="37" class="Tests\Feature\Playground\Lead\Api\Http\Controllers\Playground\PlanRouteTest" classname="Tests.Feature.Playground.Lead.Api.Http.Controllers.Playground.PlanRouteTest" assertions="3" time="0.280647"/>
        <testcase name="test_json_lock_as_admin_and_succeed" file="/app/vendor/gammamatrix/playground-test/src/Feature/Http/Controllers/Resource/Playground/LockJsonTrait.php" line="67" class="Tests\Feature\Playground\Lead\Api\Http\Controllers\Playground\PlanRouteTest" classname="Tests.Feature.Playground.Lead.Api.Http.Controllers.Playground.PlanRouteTest" assertions="3" time="0.298447"/>
        <testcase name="test_json_lock_as_admin_and_succeed_with_no_redirect" file="/app/vendor/gammamatrix/playground-test/src/Feature/Http/Controllers/Resource/Playground/LockJsonTrait.php" line="99" class="Tests\Feature\Playground\Lead\Api\Http\Controllers\Playground\PlanRouteTest" classname="Tests.Feature.Playground.Lead.Api.Http.Controllers.Playground.PlanRouteTest" assertions="125" time="0.305449"/>
        <testcase name="test_json_lock_as_user_and_get_denied" file="/app/vendor/gammamatrix/playground-test/src/Feature/Http/Controllers/Resource/Playground/LockJsonTrait.php" line="144" class="Tests\Feature\Playground\Lead\Api\Http\Controllers\Playground\PlanRouteTest" classname="Tests.Feature.Playground.Lead.Api.Http.Controllers.Playground.PlanRouteTest" assertions="3" time="0.302735"/>
        <testcase name="test_json_guest_cannot_restore" file="/app/vendor/gammamatrix/playground-test/src/Feature/Http/Controllers/Resource/Playground/RestoreJsonTrait.php" line="33" class="Tests\Feature\Playground\Lead\Api\Http\Controllers\Playground\PlanRouteTest" classname="Tests.Feature.Playground.Lead.Api.Http.Controllers.Playground.PlanRouteTest" assertions="3" time="0.298346"/>
        <testcase name="test_json_restore_as_admin_and_succeed" file="/app/vendor/gammamatrix/playground-test/src/Feature/Http/Controllers/Resource/Playground/RestoreJsonTrait.php" line="65" class="Tests\Feature\Playground\Lead\Api\Http\Controllers\Playground\PlanRouteTest" classname="Tests.Feature.Playground.Lead.Api.Http.Controllers.Playground.PlanRouteTest" assertions="125" time="0.336586"/>
        <testcase name="test_json_restore_as_admin_and_succeed_with_no_redirect" file="/app/vendor/gammamatrix/playground-test/src/Feature/Http/Controllers/Resource/Playground/RestoreJsonTrait.php" line="101" class="Tests\Feature\Playground\Lead\Api\Http\Controllers\Playground\PlanRouteTest" classname="Tests.Feature.Playground.Lead.Api.Http.Controllers.Playground.PlanRouteTest" assertions="125" time="0.311992"/>
        <testcase name="test_json_restore_as_user_and_get_denied" file="/app/vendor/gammamatrix/playground-test/src/Feature/Http/Controllers/Resource/Playground/RestoreJsonTrait.php" line="144" class="Tests\Feature\Playground\Lead\Api\Http\Controllers\Playground\PlanRouteTest" classname="Tests.Feature.Playground.Lead.Api.Http.Controllers.Playground.PlanRouteTest" assertions="3" time="0.293812"/>
        <testcase name="test_json_guest_cannot_see_info" file="/app/vendor/gammamatrix/playground-test/src/Feature/Http/Controllers/Resource/Playground/ShowJsonTrait.php" line="30" class="Tests\Feature\Playground\Lead\Api\Http\Controllers\Playground\PlanRouteTest" classname="Tests.Feature.Playground.Lead.Api.Http.Controllers.Playground.PlanRouteTest" assertions="1" time="0.288627"/>
        <testcase name="test_json_show_info_for_admin" file="/app/vendor/gammamatrix/playground-test/src/Feature/Http/Controllers/Resource/Playground/ShowJsonTrait.php" line="50" class="Tests\Feature\Playground\Lead\Api\Http\Controllers\Playground\PlanRouteTest" classname="Tests.Feature.Playground.Lead.Api.Http.Controllers.Playground.PlanRouteTest" assertions="124" time="0.307832"/>
        <testcase name="test_json_guest_cannot_store" file="/app/vendor/gammamatrix/playground-test/src/Feature/Http/Controllers/Resource/Playground/StoreJsonTrait.php" line="44" class="Tests\Feature\Playground\Lead\Api\Http\Controllers\Playground\PlanRouteTest" classname="Tests.Feature.Playground.Lead.Api.Http.Controllers.Playground.PlanRouteTest" assertions="3" time="0.315682"/>
        <testcase name="test_json_store_as_admin_without_payload_and_fail_validation" file="/app/vendor/gammamatrix/playground-test/src/Feature/Http/Controllers/Resource/Playground/StoreJsonTrait.php" line="67" class="Tests\Feature\Playground\Lead\Api\Http\Controllers\Playground\PlanRouteTest" classname="Tests.Feature.Playground.Lead.Api.Http.Controllers.Playground.PlanRouteTest" assertions="5" time="0.300887"/>
        <testcase name="test_json_store_as_admin_and_succeed" file="/app/vendor/gammamatrix/playground-test/src/Feature/Http/Controllers/Resource/Playground/StoreJsonTrait.php" line="93" class="Tests\Feature\Playground\Lead\Api\Http\Controllers\Playground\PlanRouteTest" classname="Tests.Feature.Playground.Lead.Api.Http.Controllers.Playground.PlanRouteTest" assertions="3" time="0.336639"/>
        <testcase name="test_json_guest_cannot_unlock" file="/app/vendor/gammamatrix/playground-test/src/Feature/Http/Controllers/Resource/Playground/UnlockJsonTrait.php" line="37" class="Tests\Feature\Playground\Lead\Api\Http\Controllers\Playground\PlanRouteTest" classname="Tests.Feature.Playground.Lead.Api.Http.Controllers.Playground.PlanRouteTest" assertions="3" time="0.299737"/>
        <testcase name="test_json_unlock_as_admin_and_succeed" file="/app/vendor/gammamatrix/playground-test/src/Feature/Http/Controllers/Resource/Playground/UnlockJsonTrait.php" line="69" class="Tests\Feature\Playground\Lead\Api\Http\Controllers\Playground\PlanRouteTest" classname="Tests.Feature.Playground.Lead.Api.Http.Controllers.Playground.PlanRouteTest" assertions="125" time="0.316879"/>
        <testcase name="test_json_unlock_as_admin_and_succeed_with_no_redirect" file="/app/vendor/gammamatrix/playground-test/src/Feature/Http/Controllers/Resource/Playground/UnlockJsonTrait.php" line="105" class="Tests\Feature\Playground\Lead\Api\Http\Controllers\Playground\PlanRouteTest" classname="Tests.Feature.Playground.Lead.Api.Http.Controllers.Playground.PlanRouteTest" assertions="125" time="0.310820"/>
        <testcase name="test_json_unlock_as_user_and_get_denied" file="/app/vendor/gammamatrix/playground-test/src/Feature/Http/Controllers/Resource/Playground/UnlockJsonTrait.php" line="146" class="Tests\Feature\Playground\Lead\Api\Http\Controllers\Playground\PlanRouteTest" classname="Tests.Feature.Playground.Lead.Api.Http.Controllers.Playground.PlanRouteTest" assertions="3" time="0.302730"/>
        <testcase name="test_json_guest_cannot_update" file="/app/vendor/gammamatrix/playground-test/src/Feature/Http/Controllers/Resource/Playground/UpdateJsonTrait.php" line="46" class="Tests\Feature\Playground\Lead\Api\Http\Controllers\Playground\PlanRouteTest" classname="Tests.Feature.Playground.Lead.Api.Http.Controllers.Playground.PlanRouteTest" assertions="1" time="0.288100"/>
        <testcase name="test_json_update_as_admin_without_payload_and_passes_validation" file="/app/vendor/gammamatrix/playground-test/src/Feature/Http/Controllers/Resource/Playground/UpdateJsonTrait.php" line="66" class="Tests\Feature\Playground\Lead\Api\Http\Controllers\Playground\PlanRouteTest" classname="Tests.Feature.Playground.Lead.Api.Http.Controllers.Playground.PlanRouteTest" assertions="2" time="0.309424"/>
        <testcase name="test_json_admin_can_update" file="/app/vendor/gammamatrix/playground-test/src/Feature/Http/Controllers/Resource/Playground/UpdateJsonTrait.php" line="114" class="Tests\Feature\Playground\Lead\Api\Http\Controllers\Playground\PlanRouteTest" classname="Tests.Feature.Playground.Lead.Api.Http.Controllers.Playground.PlanRouteTest" assertions="127" time="0.358915"/>
      </testsuite>
      <testsuite name="Tests\Feature\Playground\Lead\Api\Http\Controllers\Playground\RegionRouteTest" file="/app/tests/Feature/Http/Controllers/Playground/RegionRouteTest.php" tests="35" assertions="1205" errors="0" failures="0" skipped="0" time="10.636445">
        <testcase name="test_json_guest_cannot_get_create_info" file="/app/vendor/gammamatrix/playground-test/src/Feature/Http/Controllers/Resource/Playground/CreateJsonTrait.php" line="39" class="Tests\Feature\Playground\Lead\Api\Http\Controllers\Playground\RegionRouteTest" classname="Tests.Feature.Playground.Lead.Api.Http.Controllers.Playground.RegionRouteTest" assertions="1" time="0.280436"/>
        <testcase name="test_json_admin_can_get_create_info" file="/app/vendor/gammamatrix/playground-test/src/Feature/Http/Controllers/Resource/Playground/CreateJsonTrait.php" line="54" class="Tests\Feature\Playground\Lead\Api\Http\Controllers\Playground\RegionRouteTest" classname="Tests.Feature.Playground.Lead.Api.Http.Controllers.Playground.RegionRouteTest" assertions="123" time="0.293642"/>
        <testcase name="test_json_get_create_info_as_admin_with_invalid_parameter_and_fail_validation" file="/app/vendor/gammamatrix/playground-test/src/Feature/Http/Controllers/Resource/Playground/CreateJsonTrait.php" line="74" class="Tests\Feature\Playground\Lead\Api\Http\Controllers\Playground\RegionRouteTest" classname="Tests.Feature.Playground.Lead.Api.Http.Controllers.Playground.RegionRouteTest" assertions="4" time="0.292994"/>
        <testcase name="test_json_guest_cannot_destroy" file="/app/vendor/gammamatrix/playground-test/src/Feature/Http/Controllers/Resource/Playground/DestroyJsonTrait.php" line="32" class="Tests\Feature\Playground\Lead\Api\Http\Controllers\Playground\RegionRouteTest" classname="Tests.Feature.Playground.Lead.Api.Http.Controllers.Playground.RegionRouteTest" assertions="3" time="0.307848"/>
        <testcase name="test_json_destroy_as_admin_and_succeed" file="/app/vendor/gammamatrix/playground-test/src/Feature/Http/Controllers/Resource/Playground/DestroyJsonTrait.php" line="62" class="Tests\Feature\Playground\Lead\Api\Http\Controllers\Playground\RegionRouteTest" classname="Tests.Feature.Playground.Lead.Api.Http.Controllers.Playground.RegionRouteTest" assertions="5" time="0.290538"/>
        <testcase name="test_json_destroy_as_admin_and_succeed_with_force_delete" file="/app/vendor/gammamatrix/playground-test/src/Feature/Http/Controllers/Resource/Playground/DestroyJsonTrait.php" line="101" class="Tests\Feature\Playground\Lead\Api\Http\Controllers\Playground\RegionRouteTest" classname="Tests.Feature.Playground.Lead.Api.Http.Controllers.Playground.RegionRouteTest" assertions="4" time="0.301848"/>
        <testcase name="test_json_destroy_as_admin_and_succeed_with_no_content" file="/app/vendor/gammamatrix/playground-test/src/Feature/Http/Controllers/Resource/Playground/DestroyJsonTrait.php" line="133" class="Tests\Feature\Playground\Lead\Api\Http\Controllers\Playground\RegionRouteTest" classname="Tests.Feature.Playground.Lead.Api.Http.Controllers.Playground.RegionRouteTest" assertions="5" time="0.301618"/>
        <testcase name="test_json_destroy_as_admin_and_succeed_and_ignore_redirect" file="/app/vendor/gammamatrix/playground-test/src/Feature/Http/Controllers/Resource/Playground/DestroyJsonTrait.php" line="168" class="Tests\Feature\Playground\Lead\Api\Http\Controllers\Playground\RegionRouteTest" classname="Tests.Feature.Playground.Lead.Api.Http.Controllers.Playground.RegionRouteTest" assertions="5" time="0.289072"/>
        <testcase name="test_json_destroy_as_user_and_get_denied_and_no_force_delete_allowed" file="/app/vendor/gammamatrix/playground-test/src/Feature/Http/Controllers/Resource/Playground/DestroyJsonTrait.php" line="210" class="Tests\Feature\Playground\Lead\Api\Http\Controllers\Playground\RegionRouteTest" classname="Tests.Feature.Playground.Lead.Api.Http.Controllers.Playground.RegionRouteTest" assertions="3" time="0.294528"/>
        <testcase name="test_json_guest_cannot_get_edit_info" file="/app/vendor/gammamatrix/playground-test/src/Feature/Http/Controllers/Resource/Playground/EditJsonTrait.php" line="39" class="Tests\Feature\Playground\Lead\Api\Http\Controllers\Playground\RegionRouteTest" classname="Tests.Feature.Playground.Lead.Api.Http.Controllers.Playground.RegionRouteTest" assertions="1" time="0.288401"/>
        <testcase name="test_json_admin_can_get_edit_info" file="/app/vendor/gammamatrix/playground-test/src/Feature/Http/Controllers/Resource/Playground/EditJsonTrait.php" line="59" class="Tests\Feature\Playground\Lead\Api\Http\Controllers\Playground\RegionRouteTest" classname="Tests.Feature.Playground.Lead.Api.Http.Controllers.Playground.RegionRouteTest" assertions="4" time="0.326981"/>
        <testcase name="test_json_edit_as_admin_and_fail_validation_with_invalid_parameter" file="/app/vendor/gammamatrix/playground-test/src/Feature/Http/Controllers/Resource/Playground/EditJsonTrait.php" line="88" class="Tests\Feature\Playground\Lead\Api\Http\Controllers\Playground\RegionRouteTest" classname="Tests.Feature.Playground.Lead.Api.Http.Controllers.Playground.RegionRouteTest" assertions="4" time="0.314445"/>
        <testcase name="test_json_guest_cannot_get_index" file="/app/vendor/gammamatrix/playground-test/src/Feature/Http/Controllers/Resource/Playground/IndexJsonTrait.php" line="35" class="Tests\Feature\Playground\Lead\Api\Http\Controllers\Playground\RegionRouteTest" classname="Tests.Feature.Playground.Lead.Api.Http.Controllers.Playground.RegionRouteTest" assertions="1" time="0.291033"/>
        <testcase name="test_json_admin_can_get_index" file="/app/vendor/gammamatrix/playground-test/src/Feature/Http/Controllers/Resource/Playground/IndexJsonTrait.php" line="50" class="Tests\Feature\Playground\Lead\Api\Http\Controllers\Playground\RegionRouteTest" classname="Tests.Feature.Playground.Lead.Api.Http.Controllers.Playground.RegionRouteTest" assertions="127" time="0.310466"/>
        <testcase name="test_json_admin_can_get_index_with_filters" file="/app/vendor/gammamatrix/playground-test/src/Feature/Http/Controllers/Resource/Playground/IndexJsonTrait.php" line="86" class="Tests\Feature\Playground\Lead\Api\Http\Controllers\Playground\RegionRouteTest" classname="Tests.Feature.Playground.Lead.Api.Http.Controllers.Playground.RegionRouteTest" assertions="3" time="0.311852"/>
        <testcase name="test_json_guest_cannot_lock" file="/app/vendor/gammamatrix/playground-test/src/Feature/Http/Controllers/Resource/Playground/LockJsonTrait.php" line="37" class="Tests\Feature\Playground\Lead\Api\Http\Controllers\Playground\RegionRouteTest" classname="Tests.Feature.Playground.Lead.Api.Http.Controllers.Playground.RegionRouteTest" assertions="3" time="0.282342"/>
        <testcase name="test_json_lock_as_admin_and_succeed" file="/app/vendor/gammamatrix/playground-test/src/Feature/Http/Controllers/Resource/Playground/LockJsonTrait.php" line="67" class="Tests\Feature\Playground\Lead\Api\Http\Controllers\Playground\RegionRouteTest" classname="Tests.Feature.Playground.Lead.Api.Http.Controllers.Playground.RegionRouteTest" assertions="3" time="0.315789"/>
        <testcase name="test_json_lock_as_admin_and_succeed_with_no_redirect" file="/app/vendor/gammamatrix/playground-test/src/Feature/Http/Controllers/Resource/Playground/LockJsonTrait.php" line="99" class="Tests\Feature\Playground\Lead\Api\Http\Controllers\Playground\RegionRouteTest" classname="Tests.Feature.Playground.Lead.Api.Http.Controllers.Playground.RegionRouteTest" assertions="125" time="0.309795"/>
        <testcase name="test_json_lock_as_user_and_get_denied" file="/app/vendor/gammamatrix/playground-test/src/Feature/Http/Controllers/Resource/Playground/LockJsonTrait.php" line="144" class="Tests\Feature\Playground\Lead\Api\Http\Controllers\Playground\RegionRouteTest" classname="Tests.Feature.Playground.Lead.Api.Http.Controllers.Playground.RegionRouteTest" assertions="3" time="0.307876"/>
        <testcase name="test_json_guest_cannot_restore" file="/app/vendor/gammamatrix/playground-test/src/Feature/Http/Controllers/Resource/Playground/RestoreJsonTrait.php" line="33" class="Tests\Feature\Playground\Lead\Api\Http\Controllers\Playground\RegionRouteTest" classname="Tests.Feature.Playground.Lead.Api.Http.Controllers.Playground.RegionRouteTest" assertions="3" time="0.291263"/>
        <testcase name="test_json_restore_as_admin_and_succeed" file="/app/vendor/gammamatrix/playground-test/src/Feature/Http/Controllers/Resource/Playground/RestoreJsonTrait.php" line="65" class="Tests\Feature\Playground\Lead\Api\Http\Controllers\Playground\RegionRouteTest" classname="Tests.Feature.Playground.Lead.Api.Http.Controllers.Playground.RegionRouteTest" assertions="125" time="0.301833"/>
        <testcase name="test_json_restore_as_admin_and_succeed_with_no_redirect" file="/app/vendor/gammamatrix/playground-test/src/Feature/Http/Controllers/Resource/Playground/RestoreJsonTrait.php" line="101" class="Tests\Feature\Playground\Lead\Api\Http\Controllers\Playground\RegionRouteTest" classname="Tests.Feature.Playground.Lead.Api.Http.Controllers.Playground.RegionRouteTest" assertions="125" time="0.319906"/>
        <testcase name="test_json_restore_as_user_and_get_denied" file="/app/vendor/gammamatrix/playground-test/src/Feature/Http/Controllers/Resource/Playground/RestoreJsonTrait.php" line="144" class="Tests\Feature\Playground\Lead\Api\Http\Controllers\Playground\RegionRouteTest" classname="Tests.Feature.Playground.Lead.Api.Http.Controllers.Playground.RegionRouteTest" assertions="3" time="0.302972"/>
        <testcase name="test_json_guest_cannot_see_info" file="/app/vendor/gammamatrix/playground-test/src/Feature/Http/Controllers/Resource/Playground/ShowJsonTrait.php" line="30" class="Tests\Feature\Playground\Lead\Api\Http\Controllers\Playground\RegionRouteTest" classname="Tests.Feature.Playground.Lead.Api.Http.Controllers.Playground.RegionRouteTest" assertions="1" time="0.286560"/>
        <testcase name="test_json_show_info_for_admin" file="/app/vendor/gammamatrix/playground-test/src/Feature/Http/Controllers/Resource/Playground/ShowJsonTrait.php" line="50" class="Tests\Feature\Playground\Lead\Api\Http\Controllers\Playground\RegionRouteTest" classname="Tests.Feature.Playground.Lead.Api.Http.Controllers.Playground.RegionRouteTest" assertions="124" time="0.296410"/>
        <testcase name="test_json_guest_cannot_store" file="/app/vendor/gammamatrix/playground-test/src/Feature/Http/Controllers/Resource/Playground/StoreJsonTrait.php" line="44" class="Tests\Feature\Playground\Lead\Api\Http\Controllers\Playground\RegionRouteTest" classname="Tests.Feature.Playground.Lead.Api.Http.Controllers.Playground.RegionRouteTest" assertions="3" time="0.290564"/>
        <testcase name="test_json_store_as_admin_without_payload_and_fail_validation" file="/app/vendor/gammamatrix/playground-test/src/Feature/Http/Controllers/Resource/Playground/StoreJsonTrait.php" line="67" class="Tests\Feature\Playground\Lead\Api\Http\Controllers\Playground\RegionRouteTest" classname="Tests.Feature.Playground.Lead.Api.Http.Controllers.Playground.RegionRouteTest" assertions="5" time="0.304304"/>
        <testcase name="test_json_store_as_admin_and_succeed" file="/app/vendor/gammamatrix/playground-test/src/Feature/Http/Controllers/Resource/Playground/StoreJsonTrait.php" line="93" class="Tests\Feature\Playground\Lead\Api\Http\Controllers\Playground\RegionRouteTest" classname="Tests.Feature.Playground.Lead.Api.Http.Controllers.Playground.RegionRouteTest" assertions="3" time="0.320248"/>
        <testcase name="test_json_guest_cannot_unlock" file="/app/vendor/gammamatrix/playground-test/src/Feature/Http/Controllers/Resource/Playground/UnlockJsonTrait.php" line="37" class="Tests\Feature\Playground\Lead\Api\Http\Controllers\Playground\RegionRouteTest" classname="Tests.Feature.Playground.Lead.Api.Http.Controllers.Playground.RegionRouteTest" assertions="3" time="0.282947"/>
        <testcase name="test_json_unlock_as_admin_and_succeed" file="/app/vendor/gammamatrix/playground-test/src/Feature/Http/Controllers/Resource/Playground/UnlockJsonTrait.php" line="69" class="Tests\Feature\Playground\Lead\Api\Http\Controllers\Playground\RegionRouteTest" classname="Tests.Feature.Playground.Lead.Api.Http.Controllers.Playground.RegionRouteTest" assertions="125" time="0.318980"/>
        <testcase name="test_json_unlock_as_admin_and_succeed_with_no_redirect" file="/app/vendor/gammamatrix/playground-test/src/Feature/Http/Controllers/Resource/Playground/UnlockJsonTrait.php" line="105" class="Tests\Feature\Playground\Lead\Api\Http\Controllers\Playground\RegionRouteTest" classname="Tests.Feature.Playground.Lead.Api.Http.Controllers.Playground.RegionRouteTest" assertions="125" time="0.307452"/>
        <testcase name="test_json_unlock_as_user_and_get_denied" file="/app/vendor/gammamatrix/playground-test/src/Feature/Http/Controllers/Resource/Playground/UnlockJsonTrait.php" line="146" class="Tests\Feature\Playground\Lead\Api\Http\Controllers\Playground\RegionRouteTest" classname="Tests.Feature.Playground.Lead.Api.Http.Controllers.Playground.RegionRouteTest" assertions="3" time="0.300848"/>
        <testcase name="test_json_guest_cannot_update" file="/app/vendor/gammamatrix/playground-test/src/Feature/Http/Controllers/Resource/Playground/UpdateJsonTrait.php" line="46" class="Tests\Feature\Playground\Lead\Api\Http\Controllers\Playground\RegionRouteTest" classname="Tests.Feature.Playground.Lead.Api.Http.Controllers.Playground.RegionRouteTest" assertions="1" time="0.296099"/>
        <testcase name="test_json_update_as_admin_without_payload_and_passes_validation" file="/app/vendor/gammamatrix/playground-test/src/Feature/Http/Controllers/Resource/Playground/UpdateJsonTrait.php" line="66" class="Tests\Feature\Playground\Lead\Api\Http\Controllers\Playground\RegionRouteTest" classname="Tests.Feature.Playground.Lead.Api.Http.Controllers.Playground.RegionRouteTest" assertions="2" time="0.322128"/>
        <testcase name="test_json_admin_can_update" file="/app/vendor/gammamatrix/playground-test/src/Feature/Http/Controllers/Resource/Playground/UpdateJsonTrait.php" line="114" class="Tests\Feature\Playground\Lead\Api\Http\Controllers\Playground\RegionRouteTest" classname="Tests.Feature.Playground.Lead.Api.Http.Controllers.Playground.RegionRouteTest" assertions="127" time="0.382424"/>
      </testsuite>
      <testsuite name="Tests\Feature\Playground\Lead\Api\Http\Controllers\Playground\ReportRouteTest" file="/app/tests/Feature/Http/Controllers/Playground/ReportRouteTest.php" tests="35" assertions="1205" errors="0" failures="0" skipped="0" time="10.804562">
        <testcase name="test_json_guest_cannot_get_create_info" file="/app/vendor/gammamatrix/playground-test/src/Feature/Http/Controllers/Resource/Playground/CreateJsonTrait.php" line="39" class="Tests\Feature\Playground\Lead\Api\Http\Controllers\Playground\ReportRouteTest" classname="Tests.Feature.Playground.Lead.Api.Http.Controllers.Playground.ReportRouteTest" assertions="1" time="0.281574"/>
        <testcase name="test_json_admin_can_get_create_info" file="/app/vendor/gammamatrix/playground-test/src/Feature/Http/Controllers/Resource/Playground/CreateJsonTrait.php" line="54" class="Tests\Feature\Playground\Lead\Api\Http\Controllers\Playground\ReportRouteTest" classname="Tests.Feature.Playground.Lead.Api.Http.Controllers.Playground.ReportRouteTest" assertions="123" time="0.323667"/>
        <testcase name="test_json_get_create_info_as_admin_with_invalid_parameter_and_fail_validation" file="/app/vendor/gammamatrix/playground-test/src/Feature/Http/Controllers/Resource/Playground/CreateJsonTrait.php" line="74" class="Tests\Feature\Playground\Lead\Api\Http\Controllers\Playground\ReportRouteTest" classname="Tests.Feature.Playground.Lead.Api.Http.Controllers.Playground.ReportRouteTest" assertions="4" time="0.331278"/>
        <testcase name="test_json_guest_cannot_destroy" file="/app/vendor/gammamatrix/playground-test/src/Feature/Http/Controllers/Resource/Playground/DestroyJsonTrait.php" line="32" class="Tests\Feature\Playground\Lead\Api\Http\Controllers\Playground\ReportRouteTest" classname="Tests.Feature.Playground.Lead.Api.Http.Controllers.Playground.ReportRouteTest" assertions="3" time="0.322836"/>
        <testcase name="test_json_destroy_as_admin_and_succeed" file="/app/vendor/gammamatrix/playground-test/src/Feature/Http/Controllers/Resource/Playground/DestroyJsonTrait.php" line="62" class="Tests\Feature\Playground\Lead\Api\Http\Controllers\Playground\ReportRouteTest" classname="Tests.Feature.Playground.Lead.Api.Http.Controllers.Playground.ReportRouteTest" assertions="5" time="0.315617"/>
        <testcase name="test_json_destroy_as_admin_and_succeed_with_force_delete" file="/app/vendor/gammamatrix/playground-test/src/Feature/Http/Controllers/Resource/Playground/DestroyJsonTrait.php" line="101" class="Tests\Feature\Playground\Lead\Api\Http\Controllers\Playground\ReportRouteTest" classname="Tests.Feature.Playground.Lead.Api.Http.Controllers.Playground.ReportRouteTest" assertions="4" time="0.312577"/>
        <testcase name="test_json_destroy_as_admin_and_succeed_with_no_content" file="/app/vendor/gammamatrix/playground-test/src/Feature/Http/Controllers/Resource/Playground/DestroyJsonTrait.php" line="133" class="Tests\Feature\Playground\Lead\Api\Http\Controllers\Playground\ReportRouteTest" classname="Tests.Feature.Playground.Lead.Api.Http.Controllers.Playground.ReportRouteTest" assertions="5" time="0.307199"/>
        <testcase name="test_json_destroy_as_admin_and_succeed_and_ignore_redirect" file="/app/vendor/gammamatrix/playground-test/src/Feature/Http/Controllers/Resource/Playground/DestroyJsonTrait.php" line="168" class="Tests\Feature\Playground\Lead\Api\Http\Controllers\Playground\ReportRouteTest" classname="Tests.Feature.Playground.Lead.Api.Http.Controllers.Playground.ReportRouteTest" assertions="5" time="0.308518"/>
        <testcase name="test_json_destroy_as_user_and_get_denied_and_no_force_delete_allowed" file="/app/vendor/gammamatrix/playground-test/src/Feature/Http/Controllers/Resource/Playground/DestroyJsonTrait.php" line="210" class="Tests\Feature\Playground\Lead\Api\Http\Controllers\Playground\ReportRouteTest" classname="Tests.Feature.Playground.Lead.Api.Http.Controllers.Playground.ReportRouteTest" assertions="3" time="0.292197"/>
        <testcase name="test_json_guest_cannot_get_edit_info" file="/app/vendor/gammamatrix/playground-test/src/Feature/Http/Controllers/Resource/Playground/EditJsonTrait.php" line="39" class="Tests\Feature\Playground\Lead\Api\Http\Controllers\Playground\ReportRouteTest" classname="Tests.Feature.Playground.Lead.Api.Http.Controllers.Playground.ReportRouteTest" assertions="1" time="0.285220"/>
        <testcase name="test_json_admin_can_get_edit_info" file="/app/vendor/gammamatrix/playground-test/src/Feature/Http/Controllers/Resource/Playground/EditJsonTrait.php" line="59" class="Tests\Feature\Playground\Lead\Api\Http\Controllers\Playground\ReportRouteTest" classname="Tests.Feature.Playground.Lead.Api.Http.Controllers.Playground.ReportRouteTest" assertions="4" time="0.311668"/>
        <testcase name="test_json_edit_as_admin_and_fail_validation_with_invalid_parameter" file="/app/vendor/gammamatrix/playground-test/src/Feature/Http/Controllers/Resource/Playground/EditJsonTrait.php" line="88" class="Tests\Feature\Playground\Lead\Api\Http\Controllers\Playground\ReportRouteTest" classname="Tests.Feature.Playground.Lead.Api.Http.Controllers.Playground.ReportRouteTest" assertions="4" time="0.307067"/>
        <testcase name="test_json_guest_cannot_get_index" file="/app/vendor/gammamatrix/playground-test/src/Feature/Http/Controllers/Resource/Playground/IndexJsonTrait.php" line="35" class="Tests\Feature\Playground\Lead\Api\Http\Controllers\Playground\ReportRouteTest" classname="Tests.Feature.Playground.Lead.Api.Http.Controllers.Playground.ReportRouteTest" assertions="1" time="0.288088"/>
        <testcase name="test_json_admin_can_get_index" file="/app/vendor/gammamatrix/playground-test/src/Feature/Http/Controllers/Resource/Playground/IndexJsonTrait.php" line="50" class="Tests\Feature\Playground\Lead\Api\Http\Controllers\Playground\ReportRouteTest" classname="Tests.Feature.Playground.Lead.Api.Http.Controllers.Playground.ReportRouteTest" assertions="127" time="0.316584"/>
        <testcase name="test_json_admin_can_get_index_with_filters" file="/app/vendor/gammamatrix/playground-test/src/Feature/Http/Controllers/Resource/Playground/IndexJsonTrait.php" line="86" class="Tests\Feature\Playground\Lead\Api\Http\Controllers\Playground\ReportRouteTest" classname="Tests.Feature.Playground.Lead.Api.Http.Controllers.Playground.ReportRouteTest" assertions="3" time="0.323042"/>
        <testcase name="test_json_guest_cannot_lock" file="/app/vendor/gammamatrix/playground-test/src/Feature/Http/Controllers/Resource/Playground/LockJsonTrait.php" line="37" class="Tests\Feature\Playground\Lead\Api\Http\Controllers\Playground\ReportRouteTest" classname="Tests.Feature.Playground.Lead.Api.Http.Controllers.Playground.ReportRouteTest" assertions="3" time="0.291305"/>
        <testcase name="test_json_lock_as_admin_and_succeed" file="/app/vendor/gammamatrix/playground-test/src/Feature/Http/Controllers/Resource/Playground/LockJsonTrait.php" line="67" class="Tests\Feature\Playground\Lead\Api\Http\Controllers\Playground\ReportRouteTest" classname="Tests.Feature.Playground.Lead.Api.Http.Controllers.Playground.ReportRouteTest" assertions="3" time="0.322112"/>
        <testcase name="test_json_lock_as_admin_and_succeed_with_no_redirect" file="/app/vendor/gammamatrix/playground-test/src/Feature/Http/Controllers/Resource/Playground/LockJsonTrait.php" line="99" class="Tests\Feature\Playground\Lead\Api\Http\Controllers\Playground\ReportRouteTest" classname="Tests.Feature.Playground.Lead.Api.Http.Controllers.Playground.ReportRouteTest" assertions="125" time="0.310585"/>
        <testcase name="test_json_lock_as_user_and_get_denied" file="/app/vendor/gammamatrix/playground-test/src/Feature/Http/Controllers/Resource/Playground/LockJsonTrait.php" line="144" class="Tests\Feature\Playground\Lead\Api\Http\Controllers\Playground\ReportRouteTest" classname="Tests.Feature.Playground.Lead.Api.Http.Controllers.Playground.ReportRouteTest" assertions="3" time="0.307115"/>
        <testcase name="test_json_guest_cannot_restore" file="/app/vendor/gammamatrix/playground-test/src/Feature/Http/Controllers/Resource/Playground/RestoreJsonTrait.php" line="33" class="Tests\Feature\Playground\Lead\Api\Http\Controllers\Playground\ReportRouteTest" classname="Tests.Feature.Playground.Lead.Api.Http.Controllers.Playground.ReportRouteTest" assertions="3" time="0.292360"/>
        <testcase name="test_json_restore_as_admin_and_succeed" file="/app/vendor/gammamatrix/playground-test/src/Feature/Http/Controllers/Resource/Playground/RestoreJsonTrait.php" line="65" class="Tests\Feature\Playground\Lead\Api\Http\Controllers\Playground\ReportRouteTest" classname="Tests.Feature.Playground.Lead.Api.Http.Controllers.Playground.ReportRouteTest" assertions="125" time="0.317063"/>
        <testcase name="test_json_restore_as_admin_and_succeed_with_no_redirect" file="/app/vendor/gammamatrix/playground-test/src/Feature/Http/Controllers/Resource/Playground/RestoreJsonTrait.php" line="101" class="Tests\Feature\Playground\Lead\Api\Http\Controllers\Playground\ReportRouteTest" classname="Tests.Feature.Playground.Lead.Api.Http.Controllers.Playground.ReportRouteTest" assertions="125" time="0.308352"/>
        <testcase name="test_json_restore_as_user_and_get_denied" file="/app/vendor/gammamatrix/playground-test/src/Feature/Http/Controllers/Resource/Playground/RestoreJsonTrait.php" line="144" class="Tests\Feature\Playground\Lead\Api\Http\Controllers\Playground\ReportRouteTest" classname="Tests.Feature.Playground.Lead.Api.Http.Controllers.Playground.ReportRouteTest" assertions="3" time="0.300851"/>
        <testcase name="test_json_guest_cannot_see_info" file="/app/vendor/gammamatrix/playground-test/src/Feature/Http/Controllers/Resource/Playground/ShowJsonTrait.php" line="30" class="Tests\Feature\Playground\Lead\Api\Http\Controllers\Playground\ReportRouteTest" classname="Tests.Feature.Playground.Lead.Api.Http.Controllers.Playground.ReportRouteTest" assertions="1" time="0.299897"/>
        <testcase name="test_json_show_info_for_admin" file="/app/vendor/gammamatrix/playground-test/src/Feature/Http/Controllers/Resource/Playground/ShowJsonTrait.php" line="50" class="Tests\Feature\Playground\Lead\Api\Http\Controllers\Playground\ReportRouteTest" classname="Tests.Feature.Playground.Lead.Api.Http.Controllers.Playground.ReportRouteTest" assertions="124" time="0.310379"/>
        <testcase name="test_json_guest_cannot_store" file="/app/vendor/gammamatrix/playground-test/src/Feature/Http/Controllers/Resource/Playground/StoreJsonTrait.php" line="44" class="Tests\Feature\Playground\Lead\Api\Http\Controllers\Playground\ReportRouteTest" classname="Tests.Feature.Playground.Lead.Api.Http.Controllers.Playground.ReportRouteTest" assertions="3" time="0.285638"/>
        <testcase name="test_json_store_as_admin_without_payload_and_fail_validation" file="/app/vendor/gammamatrix/playground-test/src/Feature/Http/Controllers/Resource/Playground/StoreJsonTrait.php" line="67" class="Tests\Feature\Playground\Lead\Api\Http\Controllers\Playground\ReportRouteTest" classname="Tests.Feature.Playground.Lead.Api.Http.Controllers.Playground.ReportRouteTest" assertions="5" time="0.291905"/>
        <testcase name="test_json_store_as_admin_and_succeed" file="/app/vendor/gammamatrix/playground-test/src/Feature/Http/Controllers/Resource/Playground/StoreJsonTrait.php" line="93" class="Tests\Feature\Playground\Lead\Api\Http\Controllers\Playground\ReportRouteTest" classname="Tests.Feature.Playground.Lead.Api.Http.Controllers.Playground.ReportRouteTest" assertions="3" time="0.325446"/>
        <testcase name="test_json_guest_cannot_unlock" file="/app/vendor/gammamatrix/playground-test/src/Feature/Http/Controllers/Resource/Playground/UnlockJsonTrait.php" line="37" class="Tests\Feature\Playground\Lead\Api\Http\Controllers\Playground\ReportRouteTest" classname="Tests.Feature.Playground.Lead.Api.Http.Controllers.Playground.ReportRouteTest" assertions="3" time="0.283336"/>
        <testcase name="test_json_unlock_as_admin_and_succeed" file="/app/vendor/gammamatrix/playground-test/src/Feature/Http/Controllers/Resource/Playground/UnlockJsonTrait.php" line="69" class="Tests\Feature\Playground\Lead\Api\Http\Controllers\Playground\ReportRouteTest" classname="Tests.Feature.Playground.Lead.Api.Http.Controllers.Playground.ReportRouteTest" assertions="125" time="0.322259"/>
        <testcase name="test_json_unlock_as_admin_and_succeed_with_no_redirect" file="/app/vendor/gammamatrix/playground-test/src/Feature/Http/Controllers/Resource/Playground/UnlockJsonTrait.php" line="105" class="Tests\Feature\Playground\Lead\Api\Http\Controllers\Playground\ReportRouteTest" classname="Tests.Feature.Playground.Lead.Api.Http.Controllers.Playground.ReportRouteTest" assertions="125" time="0.329660"/>
        <testcase name="test_json_unlock_as_user_and_get_denied" file="/app/vendor/gammamatrix/playground-test/src/Feature/Http/Controllers/Resource/Playground/UnlockJsonTrait.php" line="146" class="Tests\Feature\Playground\Lead\Api\Http\Controllers\Playground\ReportRouteTest" classname="Tests.Feature.Playground.Lead.Api.Http.Controllers.Playground.ReportRouteTest" assertions="3" time="0.293154"/>
        <testcase name="test_json_guest_cannot_update" file="/app/vendor/gammamatrix/playground-test/src/Feature/Http/Controllers/Resource/Playground/UpdateJsonTrait.php" line="46" class="Tests\Feature\Playground\Lead\Api\Http\Controllers\Playground\ReportRouteTest" classname="Tests.Feature.Playground.Lead.Api.Http.Controllers.Playground.ReportRouteTest" assertions="1" time="0.287375"/>
        <testcase name="test_json_update_as_admin_without_payload_and_passes_validation" file="/app/vendor/gammamatrix/playground-test/src/Feature/Http/Controllers/Resource/Playground/UpdateJsonTrait.php" line="66" class="Tests\Feature\Playground\Lead\Api\Http\Controllers\Playground\ReportRouteTest" classname="Tests.Feature.Playground.Lead.Api.Http.Controllers.Playground.ReportRouteTest" assertions="2" time="0.323694"/>
        <testcase name="test_json_admin_can_update" file="/app/vendor/gammamatrix/playground-test/src/Feature/Http/Controllers/Resource/Playground/UpdateJsonTrait.php" line="114" class="Tests\Feature\Playground\Lead\Api\Http\Controllers\Playground\ReportRouteTest" classname="Tests.Feature.Playground.Lead.Api.Http.Controllers.Playground.ReportRouteTest" assertions="127" time="0.374944"/>
      </testsuite>
      <testsuite name="Tests\Feature\Playground\Lead\Api\Http\Controllers\Playground\SourceRouteTest" file="/app/tests/Feature/Http/Controllers/Playground/SourceRouteTest.php" tests="35" assertions="1205" errors="0" failures="0" skipped="0" time="10.739948">
        <testcase name="test_json_guest_cannot_get_create_info" file="/app/vendor/gammamatrix/playground-test/src/Feature/Http/Controllers/Resource/Playground/CreateJsonTrait.php" line="39" class="Tests\Feature\Playground\Lead\Api\Http\Controllers\Playground\SourceRouteTest" classname="Tests.Feature.Playground.Lead.Api.Http.Controllers.Playground.SourceRouteTest" assertions="1" time="0.278606"/>
        <testcase name="test_json_admin_can_get_create_info" file="/app/vendor/gammamatrix/playground-test/src/Feature/Http/Controllers/Resource/Playground/CreateJsonTrait.php" line="54" class="Tests\Feature\Playground\Lead\Api\Http\Controllers\Playground\SourceRouteTest" classname="Tests.Feature.Playground.Lead.Api.Http.Controllers.Playground.SourceRouteTest" assertions="123" time="0.302630"/>
        <testcase name="test_json_get_create_info_as_admin_with_invalid_parameter_and_fail_validation" file="/app/vendor/gammamatrix/playground-test/src/Feature/Http/Controllers/Resource/Playground/CreateJsonTrait.php" line="74" class="Tests\Feature\Playground\Lead\Api\Http\Controllers\Playground\SourceRouteTest" classname="Tests.Feature.Playground.Lead.Api.Http.Controllers.Playground.SourceRouteTest" assertions="4" time="0.299231"/>
        <testcase name="test_json_guest_cannot_destroy" file="/app/vendor/gammamatrix/playground-test/src/Feature/Http/Controllers/Resource/Playground/DestroyJsonTrait.php" line="32" class="Tests\Feature\Playground\Lead\Api\Http\Controllers\Playground\SourceRouteTest" classname="Tests.Feature.Playground.Lead.Api.Http.Controllers.Playground.SourceRouteTest" assertions="3" time="0.279442"/>
        <testcase name="test_json_destroy_as_admin_and_succeed" file="/app/vendor/gammamatrix/playground-test/src/Feature/Http/Controllers/Resource/Playground/DestroyJsonTrait.php" line="62" class="Tests\Feature\Playground\Lead\Api\Http\Controllers\Playground\SourceRouteTest" classname="Tests.Feature.Playground.Lead.Api.Http.Controllers.Playground.SourceRouteTest" assertions="5" time="0.303814"/>
        <testcase name="test_json_destroy_as_admin_and_succeed_with_force_delete" file="/app/vendor/gammamatrix/playground-test/src/Feature/Http/Controllers/Resource/Playground/DestroyJsonTrait.php" line="101" class="Tests\Feature\Playground\Lead\Api\Http\Controllers\Playground\SourceRouteTest" classname="Tests.Feature.Playground.Lead.Api.Http.Controllers.Playground.SourceRouteTest" assertions="4" time="0.306723"/>
        <testcase name="test_json_destroy_as_admin_and_succeed_with_no_content" file="/app/vendor/gammamatrix/playground-test/src/Feature/Http/Controllers/Resource/Playground/DestroyJsonTrait.php" line="133" class="Tests\Feature\Playground\Lead\Api\Http\Controllers\Playground\SourceRouteTest" classname="Tests.Feature.Playground.Lead.Api.Http.Controllers.Playground.SourceRouteTest" assertions="5" time="0.294784"/>
        <testcase name="test_json_destroy_as_admin_and_succeed_and_ignore_redirect" file="/app/vendor/gammamatrix/playground-test/src/Feature/Http/Controllers/Resource/Playground/DestroyJsonTrait.php" line="168" class="Tests\Feature\Playground\Lead\Api\Http\Controllers\Playground\SourceRouteTest" classname="Tests.Feature.Playground.Lead.Api.Http.Controllers.Playground.SourceRouteTest" assertions="5" time="0.311623"/>
        <testcase name="test_json_destroy_as_user_and_get_denied_and_no_force_delete_allowed" file="/app/vendor/gammamatrix/playground-test/src/Feature/Http/Controllers/Resource/Playground/DestroyJsonTrait.php" line="210" class="Tests\Feature\Playground\Lead\Api\Http\Controllers\Playground\SourceRouteTest" classname="Tests.Feature.Playground.Lead.Api.Http.Controllers.Playground.SourceRouteTest" assertions="3" time="0.293763"/>
        <testcase name="test_json_guest_cannot_get_edit_info" file="/app/vendor/gammamatrix/playground-test/src/Feature/Http/Controllers/Resource/Playground/EditJsonTrait.php" line="39" class="Tests\Feature\Playground\Lead\Api\Http\Controllers\Playground\SourceRouteTest" classname="Tests.Feature.Playground.Lead.Api.Http.Controllers.Playground.SourceRouteTest" assertions="1" time="0.281378"/>
        <testcase name="test_json_admin_can_get_edit_info" file="/app/vendor/gammamatrix/playground-test/src/Feature/Http/Controllers/Resource/Playground/EditJsonTrait.php" line="59" class="Tests\Feature\Playground\Lead\Api\Http\Controllers\Playground\SourceRouteTest" classname="Tests.Feature.Playground.Lead.Api.Http.Controllers.Playground.SourceRouteTest" assertions="4" time="0.306981"/>
        <testcase name="test_json_edit_as_admin_and_fail_validation_with_invalid_parameter" file="/app/vendor/gammamatrix/playground-test/src/Feature/Http/Controllers/Resource/Playground/EditJsonTrait.php" line="88" class="Tests\Feature\Playground\Lead\Api\Http\Controllers\Playground\SourceRouteTest" classname="Tests.Feature.Playground.Lead.Api.Http.Controllers.Playground.SourceRouteTest" assertions="4" time="0.315608"/>
        <testcase name="test_json_guest_cannot_get_index" file="/app/vendor/gammamatrix/playground-test/src/Feature/Http/Controllers/Resource/Playground/IndexJsonTrait.php" line="35" class="Tests\Feature\Playground\Lead\Api\Http\Controllers\Playground\SourceRouteTest" classname="Tests.Feature.Playground.Lead.Api.Http.Controllers.Playground.SourceRouteTest" assertions="1" time="0.287590"/>
        <testcase name="test_json_admin_can_get_index" file="/app/vendor/gammamatrix/playground-test/src/Feature/Http/Controllers/Resource/Playground/IndexJsonTrait.php" line="50" class="Tests\Feature\Playground\Lead\Api\Http\Controllers\Playground\SourceRouteTest" classname="Tests.Feature.Playground.Lead.Api.Http.Controllers.Playground.SourceRouteTest" assertions="127" time="0.322059"/>
        <testcase name="test_json_admin_can_get_index_with_filters" file="/app/vendor/gammamatrix/playground-test/src/Feature/Http/Controllers/Resource/Playground/IndexJsonTrait.php" line="86" class="Tests\Feature\Playground\Lead\Api\Http\Controllers\Playground\SourceRouteTest" classname="Tests.Feature.Playground.Lead.Api.Http.Controllers.Playground.SourceRouteTest" assertions="3" time="0.318603"/>
        <testcase name="test_json_guest_cannot_lock" file="/app/vendor/gammamatrix/playground-test/src/Feature/Http/Controllers/Resource/Playground/LockJsonTrait.php" line="37" class="Tests\Feature\Playground\Lead\Api\Http\Controllers\Playground\SourceRouteTest" classname="Tests.Feature.Playground.Lead.Api.Http.Controllers.Playground.SourceRouteTest" assertions="3" time="0.283354"/>
        <testcase name="test_json_lock_as_admin_and_succeed" file="/app/vendor/gammamatrix/playground-test/src/Feature/Http/Controllers/Resource/Playground/LockJsonTrait.php" line="67" class="Tests\Feature\Playground\Lead\Api\Http\Controllers\Playground\SourceRouteTest" classname="Tests.Feature.Playground.Lead.Api.Http.Controllers.Playground.SourceRouteTest" assertions="3" time="0.315775"/>
        <testcase name="test_json_lock_as_admin_and_succeed_with_no_redirect" file="/app/vendor/gammamatrix/playground-test/src/Feature/Http/Controllers/Resource/Playground/LockJsonTrait.php" line="99" class="Tests\Feature\Playground\Lead\Api\Http\Controllers\Playground\SourceRouteTest" classname="Tests.Feature.Playground.Lead.Api.Http.Controllers.Playground.SourceRouteTest" assertions="125" time="0.331108"/>
        <testcase name="test_json_lock_as_user_and_get_denied" file="/app/vendor/gammamatrix/playground-test/src/Feature/Http/Controllers/Resource/Playground/LockJsonTrait.php" line="144" class="Tests\Feature\Playground\Lead\Api\Http\Controllers\Playground\SourceRouteTest" classname="Tests.Feature.Playground.Lead.Api.Http.Controllers.Playground.SourceRouteTest" assertions="3" time="0.323602"/>
        <testcase name="test_json_guest_cannot_restore" file="/app/vendor/gammamatrix/playground-test/src/Feature/Http/Controllers/Resource/Playground/RestoreJsonTrait.php" line="33" class="Tests\Feature\Playground\Lead\Api\Http\Controllers\Playground\SourceRouteTest" classname="Tests.Feature.Playground.Lead.Api.Http.Controllers.Playground.SourceRouteTest" assertions="3" time="0.293180"/>
        <testcase name="test_json_restore_as_admin_and_succeed" file="/app/vendor/gammamatrix/playground-test/src/Feature/Http/Controllers/Resource/Playground/RestoreJsonTrait.php" line="65" class="Tests\Feature\Playground\Lead\Api\Http\Controllers\Playground\SourceRouteTest" classname="Tests.Feature.Playground.Lead.Api.Http.Controllers.Playground.SourceRouteTest" assertions="125" time="0.325070"/>
        <testcase name="test_json_restore_as_admin_and_succeed_with_no_redirect" file="/app/vendor/gammamatrix/playground-test/src/Feature/Http/Controllers/Resource/Playground/RestoreJsonTrait.php" line="101" class="Tests\Feature\Playground\Lead\Api\Http\Controllers\Playground\SourceRouteTest" classname="Tests.Feature.Playground.Lead.Api.Http.Controllers.Playground.SourceRouteTest" assertions="125" time="0.319751"/>
        <testcase name="test_json_restore_as_user_and_get_denied" file="/app/vendor/gammamatrix/playground-test/src/Feature/Http/Controllers/Resource/Playground/RestoreJsonTrait.php" line="144" class="Tests\Feature\Playground\Lead\Api\Http\Controllers\Playground\SourceRouteTest" classname="Tests.Feature.Playground.Lead.Api.Http.Controllers.Playground.SourceRouteTest" assertions="3" time="0.301400"/>
        <testcase name="test_json_guest_cannot_see_info" file="/app/vendor/gammamatrix/playground-test/src/Feature/Http/Controllers/Resource/Playground/ShowJsonTrait.php" line="30" class="Tests\Feature\Playground\Lead\Api\Http\Controllers\Playground\SourceRouteTest" classname="Tests.Feature.Playground.Lead.Api.Http.Controllers.Playground.SourceRouteTest" assertions="1" time="0.285970"/>
        <testcase name="test_json_show_info_for_admin" file="/app/vendor/gammamatrix/playground-test/src/Feature/Http/Controllers/Resource/Playground/ShowJsonTrait.php" line="50" class="Tests\Feature\Playground\Lead\Api\Http\Controllers\Playground\SourceRouteTest" classname="Tests.Feature.Playground.Lead.Api.Http.Controllers.Playground.SourceRouteTest" assertions="124" time="0.317297"/>
        <testcase name="test_json_guest_cannot_store" file="/app/vendor/gammamatrix/playground-test/src/Feature/Http/Controllers/Resource/Playground/StoreJsonTrait.php" line="44" class="Tests\Feature\Playground\Lead\Api\Http\Controllers\Playground\SourceRouteTest" classname="Tests.Feature.Playground.Lead.Api.Http.Controllers.Playground.SourceRouteTest" assertions="3" time="0.296167"/>
        <testcase name="test_json_store_as_admin_without_payload_and_fail_validation" file="/app/vendor/gammamatrix/playground-test/src/Feature/Http/Controllers/Resource/Playground/StoreJsonTrait.php" line="67" class="Tests\Feature\Playground\Lead\Api\Http\Controllers\Playground\SourceRouteTest" classname="Tests.Feature.Playground.Lead.Api.Http.Controllers.Playground.SourceRouteTest" assertions="5" time="0.303150"/>
        <testcase name="test_json_store_as_admin_and_succeed" file="/app/vendor/gammamatrix/playground-test/src/Feature/Http/Controllers/Resource/Playground/StoreJsonTrait.php" line="93" class="Tests\Feature\Playground\Lead\Api\Http\Controllers\Playground\SourceRouteTest" classname="Tests.Feature.Playground.Lead.Api.Http.Controllers.Playground.SourceRouteTest" assertions="3" time="0.344326"/>
        <testcase name="test_json_guest_cannot_unlock" file="/app/vendor/gammamatrix/playground-test/src/Feature/Http/Controllers/Resource/Playground/UnlockJsonTrait.php" line="37" class="Tests\Feature\Playground\Lead\Api\Http\Controllers\Playground\SourceRouteTest" classname="Tests.Feature.Playground.Lead.Api.Http.Controllers.Playground.SourceRouteTest" assertions="3" time="0.305551"/>
        <testcase name="test_json_unlock_as_admin_and_succeed" file="/app/vendor/gammamatrix/playground-test/src/Feature/Http/Controllers/Resource/Playground/UnlockJsonTrait.php" line="69" class="Tests\Feature\Playground\Lead\Api\Http\Controllers\Playground\SourceRouteTest" classname="Tests.Feature.Playground.Lead.Api.Http.Controllers.Playground.SourceRouteTest" assertions="125" time="0.313653"/>
        <testcase name="test_json_unlock_as_admin_and_succeed_with_no_redirect" file="/app/vendor/gammamatrix/playground-test/src/Feature/Http/Controllers/Resource/Playground/UnlockJsonTrait.php" line="105" class="Tests\Feature\Playground\Lead\Api\Http\Controllers\Playground\SourceRouteTest" classname="Tests.Feature.Playground.Lead.Api.Http.Controllers.Playground.SourceRouteTest" assertions="125" time="0.312298"/>
        <testcase name="test_json_unlock_as_user_and_get_denied" file="/app/vendor/gammamatrix/playground-test/src/Feature/Http/Controllers/Resource/Playground/UnlockJsonTrait.php" line="146" class="Tests\Feature\Playground\Lead\Api\Http\Controllers\Playground\SourceRouteTest" classname="Tests.Feature.Playground.Lead.Api.Http.Controllers.Playground.SourceRouteTest" assertions="3" time="0.308081"/>
        <testcase name="test_json_guest_cannot_update" file="/app/vendor/gammamatrix/playground-test/src/Feature/Http/Controllers/Resource/Playground/UpdateJsonTrait.php" line="46" class="Tests\Feature\Playground\Lead\Api\Http\Controllers\Playground\SourceRouteTest" classname="Tests.Feature.Playground.Lead.Api.Http.Controllers.Playground.SourceRouteTest" assertions="1" time="0.280782"/>
        <testcase name="test_json_update_as_admin_without_payload_and_passes_validation" file="/app/vendor/gammamatrix/playground-test/src/Feature/Http/Controllers/Resource/Playground/UpdateJsonTrait.php" line="66" class="Tests\Feature\Playground\Lead\Api\Http\Controllers\Playground\SourceRouteTest" classname="Tests.Feature.Playground.Lead.Api.Http.Controllers.Playground.SourceRouteTest" assertions="2" time="0.319261"/>
        <testcase name="test_json_admin_can_update" file="/app/vendor/gammamatrix/playground-test/src/Feature/Http/Controllers/Resource/Playground/UpdateJsonTrait.php" line="114" class="Tests\Feature\Playground\Lead\Api\Http\Controllers\Playground\SourceRouteTest" classname="Tests.Feature.Playground.Lead.Api.Http.Controllers.Playground.SourceRouteTest" assertions="127" time="0.357339"/>
      </testsuite>
      <testsuite name="Tests\Feature\Playground\Lead\Api\Http\Controllers\Playground\TaskRouteTest" file="/app/tests/Feature/Http/Controllers/Playground/TaskRouteTest.php" tests="35" assertions="1205" errors="0" failures="0" skipped="0" time="10.492343">
        <testcase name="test_json_guest_cannot_get_create_info" file="/app/vendor/gammamatrix/playground-test/src/Feature/Http/Controllers/Resource/Playground/CreateJsonTrait.php" line="39" class="Tests\Feature\Playground\Lead\Api\Http\Controllers\Playground\TaskRouteTest" classname="Tests.Feature.Playground.Lead.Api.Http.Controllers.Playground.TaskRouteTest" assertions="1" time="0.277025"/>
        <testcase name="test_json_admin_can_get_create_info" file="/app/vendor/gammamatrix/playground-test/src/Feature/Http/Controllers/Resource/Playground/CreateJsonTrait.php" line="54" class="Tests\Feature\Playground\Lead\Api\Http\Controllers\Playground\TaskRouteTest" classname="Tests.Feature.Playground.Lead.Api.Http.Controllers.Playground.TaskRouteTest" assertions="123" time="0.288351"/>
        <testcase name="test_json_get_create_info_as_admin_with_invalid_parameter_and_fail_validation" file="/app/vendor/gammamatrix/playground-test/src/Feature/Http/Controllers/Resource/Playground/CreateJsonTrait.php" line="74" class="Tests\Feature\Playground\Lead\Api\Http\Controllers\Playground\TaskRouteTest" classname="Tests.Feature.Playground.Lead.Api.Http.Controllers.Playground.TaskRouteTest" assertions="4" time="0.308255"/>
        <testcase name="test_json_guest_cannot_destroy" file="/app/vendor/gammamatrix/playground-test/src/Feature/Http/Controllers/Resource/Playground/DestroyJsonTrait.php" line="32" class="Tests\Feature\Playground\Lead\Api\Http\Controllers\Playground\TaskRouteTest" classname="Tests.Feature.Playground.Lead.Api.Http.Controllers.Playground.TaskRouteTest" assertions="3" time="0.277633"/>
        <testcase name="test_json_destroy_as_admin_and_succeed" file="/app/vendor/gammamatrix/playground-test/src/Feature/Http/Controllers/Resource/Playground/DestroyJsonTrait.php" line="62" class="Tests\Feature\Playground\Lead\Api\Http\Controllers\Playground\TaskRouteTest" classname="Tests.Feature.Playground.Lead.Api.Http.Controllers.Playground.TaskRouteTest" assertions="5" time="0.288675"/>
        <testcase name="test_json_destroy_as_admin_and_succeed_with_force_delete" file="/app/vendor/gammamatrix/playground-test/src/Feature/Http/Controllers/Resource/Playground/DestroyJsonTrait.php" line="101" class="Tests\Feature\Playground\Lead\Api\Http\Controllers\Playground\TaskRouteTest" classname="Tests.Feature.Playground.Lead.Api.Http.Controllers.Playground.TaskRouteTest" assertions="4" time="0.291057"/>
        <testcase name="test_json_destroy_as_admin_and_succeed_with_no_content" file="/app/vendor/gammamatrix/playground-test/src/Feature/Http/Controllers/Resource/Playground/DestroyJsonTrait.php" line="133" class="Tests\Feature\Playground\Lead\Api\Http\Controllers\Playground\TaskRouteTest" classname="Tests.Feature.Playground.Lead.Api.Http.Controllers.Playground.TaskRouteTest" assertions="5" time="0.285728"/>
        <testcase name="test_json_destroy_as_admin_and_succeed_and_ignore_redirect" file="/app/vendor/gammamatrix/playground-test/src/Feature/Http/Controllers/Resource/Playground/DestroyJsonTrait.php" line="168" class="Tests\Feature\Playground\Lead\Api\Http\Controllers\Playground\TaskRouteTest" classname="Tests.Feature.Playground.Lead.Api.Http.Controllers.Playground.TaskRouteTest" assertions="5" time="0.291409"/>
        <testcase name="test_json_destroy_as_user_and_get_denied_and_no_force_delete_allowed" file="/app/vendor/gammamatrix/playground-test/src/Feature/Http/Controllers/Resource/Playground/DestroyJsonTrait.php" line="210" class="Tests\Feature\Playground\Lead\Api\Http\Controllers\Playground\TaskRouteTest" classname="Tests.Feature.Playground.Lead.Api.Http.Controllers.Playground.TaskRouteTest" assertions="3" time="0.292016"/>
        <testcase name="test_json_guest_cannot_get_edit_info" file="/app/vendor/gammamatrix/playground-test/src/Feature/Http/Controllers/Resource/Playground/EditJsonTrait.php" line="39" class="Tests\Feature\Playground\Lead\Api\Http\Controllers\Playground\TaskRouteTest" classname="Tests.Feature.Playground.Lead.Api.Http.Controllers.Playground.TaskRouteTest" assertions="1" time="0.280297"/>
        <testcase name="test_json_admin_can_get_edit_info" file="/app/vendor/gammamatrix/playground-test/src/Feature/Http/Controllers/Resource/Playground/EditJsonTrait.php" line="59" class="Tests\Feature\Playground\Lead\Api\Http\Controllers\Playground\TaskRouteTest" classname="Tests.Feature.Playground.Lead.Api.Http.Controllers.Playground.TaskRouteTest" assertions="4" time="0.300857"/>
        <testcase name="test_json_edit_as_admin_and_fail_validation_with_invalid_parameter" file="/app/vendor/gammamatrix/playground-test/src/Feature/Http/Controllers/Resource/Playground/EditJsonTrait.php" line="88" class="Tests\Feature\Playground\Lead\Api\Http\Controllers\Playground\TaskRouteTest" classname="Tests.Feature.Playground.Lead.Api.Http.Controllers.Playground.TaskRouteTest" assertions="4" time="0.304783"/>
        <testcase name="test_json_guest_cannot_get_index" file="/app/vendor/gammamatrix/playground-test/src/Feature/Http/Controllers/Resource/Playground/IndexJsonTrait.php" line="35" class="Tests\Feature\Playground\Lead\Api\Http\Controllers\Playground\TaskRouteTest" classname="Tests.Feature.Playground.Lead.Api.Http.Controllers.Playground.TaskRouteTest" assertions="1" time="0.281772"/>
        <testcase name="test_json_admin_can_get_index" file="/app/vendor/gammamatrix/playground-test/src/Feature/Http/Controllers/Resource/Playground/IndexJsonTrait.php" line="50" class="Tests\Feature\Playground\Lead\Api\Http\Controllers\Playground\TaskRouteTest" classname="Tests.Feature.Playground.Lead.Api.Http.Controllers.Playground.TaskRouteTest" assertions="127" time="0.300638"/>
        <testcase name="test_json_admin_can_get_index_with_filters" file="/app/vendor/gammamatrix/playground-test/src/Feature/Http/Controllers/Resource/Playground/IndexJsonTrait.php" line="86" class="Tests\Feature\Playground\Lead\Api\Http\Controllers\Playground\TaskRouteTest" classname="Tests.Feature.Playground.Lead.Api.Http.Controllers.Playground.TaskRouteTest" assertions="3" time="0.323473"/>
        <testcase name="test_json_guest_cannot_lock" file="/app/vendor/gammamatrix/playground-test/src/Feature/Http/Controllers/Resource/Playground/LockJsonTrait.php" line="37" class="Tests\Feature\Playground\Lead\Api\Http\Controllers\Playground\TaskRouteTest" classname="Tests.Feature.Playground.Lead.Api.Http.Controllers.Playground.TaskRouteTest" assertions="3" time="0.287049"/>
        <testcase name="test_json_lock_as_admin_and_succeed" file="/app/vendor/gammamatrix/playground-test/src/Feature/Http/Controllers/Resource/Playground/LockJsonTrait.php" line="67" class="Tests\Feature\Playground\Lead\Api\Http\Controllers\Playground\TaskRouteTest" classname="Tests.Feature.Playground.Lead.Api.Http.Controllers.Playground.TaskRouteTest" assertions="3" time="0.301114"/>
        <testcase name="test_json_lock_as_admin_and_succeed_with_no_redirect" file="/app/vendor/gammamatrix/playground-test/src/Feature/Http/Controllers/Resource/Playground/LockJsonTrait.php" line="99" class="Tests\Feature\Playground\Lead\Api\Http\Controllers\Playground\TaskRouteTest" classname="Tests.Feature.Playground.Lead.Api.Http.Controllers.Playground.TaskRouteTest" assertions="125" time="0.300285"/>
        <testcase name="test_json_lock_as_user_and_get_denied" file="/app/vendor/gammamatrix/playground-test/src/Feature/Http/Controllers/Resource/Playground/LockJsonTrait.php" line="144" class="Tests\Feature\Playground\Lead\Api\Http\Controllers\Playground\TaskRouteTest" classname="Tests.Feature.Playground.Lead.Api.Http.Controllers.Playground.TaskRouteTest" assertions="3" time="0.298946"/>
        <testcase name="test_json_guest_cannot_restore" file="/app/vendor/gammamatrix/playground-test/src/Feature/Http/Controllers/Resource/Playground/RestoreJsonTrait.php" line="33" class="Tests\Feature\Playground\Lead\Api\Http\Controllers\Playground\TaskRouteTest" classname="Tests.Feature.Playground.Lead.Api.Http.Controllers.Playground.TaskRouteTest" assertions="3" time="0.298303"/>
        <testcase name="test_json_restore_as_admin_and_succeed" file="/app/vendor/gammamatrix/playground-test/src/Feature/Http/Controllers/Resource/Playground/RestoreJsonTrait.php" line="65" class="Tests\Feature\Playground\Lead\Api\Http\Controllers\Playground\TaskRouteTest" classname="Tests.Feature.Playground.Lead.Api.Http.Controllers.Playground.TaskRouteTest" assertions="125" time="0.306136"/>
        <testcase name="test_json_restore_as_admin_and_succeed_with_no_redirect" file="/app/vendor/gammamatrix/playground-test/src/Feature/Http/Controllers/Resource/Playground/RestoreJsonTrait.php" line="101" class="Tests\Feature\Playground\Lead\Api\Http\Controllers\Playground\TaskRouteTest" classname="Tests.Feature.Playground.Lead.Api.Http.Controllers.Playground.TaskRouteTest" assertions="125" time="0.300064"/>
        <testcase name="test_json_restore_as_user_and_get_denied" file="/app/vendor/gammamatrix/playground-test/src/Feature/Http/Controllers/Resource/Playground/RestoreJsonTrait.php" line="144" class="Tests\Feature\Playground\Lead\Api\Http\Controllers\Playground\TaskRouteTest" classname="Tests.Feature.Playground.Lead.Api.Http.Controllers.Playground.TaskRouteTest" assertions="3" time="0.301278"/>
        <testcase name="test_json_guest_cannot_see_info" file="/app/vendor/gammamatrix/playground-test/src/Feature/Http/Controllers/Resource/Playground/ShowJsonTrait.php" line="30" class="Tests\Feature\Playground\Lead\Api\Http\Controllers\Playground\TaskRouteTest" classname="Tests.Feature.Playground.Lead.Api.Http.Controllers.Playground.TaskRouteTest" assertions="1" time="0.279731"/>
        <testcase name="test_json_show_info_for_admin" file="/app/vendor/gammamatrix/playground-test/src/Feature/Http/Controllers/Resource/Playground/ShowJsonTrait.php" line="50" class="Tests\Feature\Playground\Lead\Api\Http\Controllers\Playground\TaskRouteTest" classname="Tests.Feature.Playground.Lead.Api.Http.Controllers.Playground.TaskRouteTest" assertions="124" time="0.346283"/>
        <testcase name="test_json_guest_cannot_store" file="/app/vendor/gammamatrix/playground-test/src/Feature/Http/Controllers/Resource/Playground/StoreJsonTrait.php" line="44" class="Tests\Feature\Playground\Lead\Api\Http\Controllers\Playground\TaskRouteTest" classname="Tests.Feature.Playground.Lead.Api.Http.Controllers.Playground.TaskRouteTest" assertions="3" time="0.281452"/>
        <testcase name="test_json_store_as_admin_without_payload_and_fail_validation" file="/app/vendor/gammamatrix/playground-test/src/Feature/Http/Controllers/Resource/Playground/StoreJsonTrait.php" line="67" class="Tests\Feature\Playground\Lead\Api\Http\Controllers\Playground\TaskRouteTest" classname="Tests.Feature.Playground.Lead.Api.Http.Controllers.Playground.TaskRouteTest" assertions="5" time="0.305741"/>
        <testcase name="test_json_store_as_admin_and_succeed" file="/app/vendor/gammamatrix/playground-test/src/Feature/Http/Controllers/Resource/Playground/StoreJsonTrait.php" line="93" class="Tests\Feature\Playground\Lead\Api\Http\Controllers\Playground\TaskRouteTest" classname="Tests.Feature.Playground.Lead.Api.Http.Controllers.Playground.TaskRouteTest" assertions="3" time="0.315962"/>
        <testcase name="test_json_guest_cannot_unlock" file="/app/vendor/gammamatrix/playground-test/src/Feature/Http/Controllers/Resource/Playground/UnlockJsonTrait.php" line="37" class="Tests\Feature\Playground\Lead\Api\Http\Controllers\Playground\TaskRouteTest" classname="Tests.Feature.Playground.Lead.Api.Http.Controllers.Playground.TaskRouteTest" assertions="3" time="0.287522"/>
        <testcase name="test_json_unlock_as_admin_and_succeed" file="/app/vendor/gammamatrix/playground-test/src/Feature/Http/Controllers/Resource/Playground/UnlockJsonTrait.php" line="69" class="Tests\Feature\Playground\Lead\Api\Http\Controllers\Playground\TaskRouteTest" classname="Tests.Feature.Playground.Lead.Api.Http.Controllers.Playground.TaskRouteTest" assertions="125" time="0.316231"/>
        <testcase name="test_json_unlock_as_admin_and_succeed_with_no_redirect" file="/app/vendor/gammamatrix/playground-test/src/Feature/Http/Controllers/Resource/Playground/UnlockJsonTrait.php" line="105" class="Tests\Feature\Playground\Lead\Api\Http\Controllers\Playground\TaskRouteTest" classname="Tests.Feature.Playground.Lead.Api.Http.Controllers.Playground.TaskRouteTest" assertions="125" time="0.312629"/>
        <testcase name="test_json_unlock_as_user_and_get_denied" file="/app/vendor/gammamatrix/playground-test/src/Feature/Http/Controllers/Resource/Playground/UnlockJsonTrait.php" line="146" class="Tests\Feature\Playground\Lead\Api\Http\Controllers\Playground\TaskRouteTest" classname="Tests.Feature.Playground.Lead.Api.Http.Controllers.Playground.TaskRouteTest" assertions="3" time="0.310222"/>
        <testcase name="test_json_guest_cannot_update" file="/app/vendor/gammamatrix/playground-test/src/Feature/Http/Controllers/Resource/Playground/UpdateJsonTrait.php" line="46" class="Tests\Feature\Playground\Lead\Api\Http\Controllers\Playground\TaskRouteTest" classname="Tests.Feature.Playground.Lead.Api.Http.Controllers.Playground.TaskRouteTest" assertions="1" time="0.295189"/>
        <testcase name="test_json_update_as_admin_without_payload_and_passes_validation" file="/app/vendor/gammamatrix/playground-test/src/Feature/Http/Controllers/Resource/Playground/UpdateJsonTrait.php" line="66" class="Tests\Feature\Playground\Lead\Api\Http\Controllers\Playground\TaskRouteTest" classname="Tests.Feature.Playground.Lead.Api.Http.Controllers.Playground.TaskRouteTest" assertions="2" time="0.311491"/>
        <testcase name="test_json_admin_can_update" file="/app/vendor/gammamatrix/playground-test/src/Feature/Http/Controllers/Resource/Playground/UpdateJsonTrait.php" line="114" class="Tests\Feature\Playground\Lead\Api\Http\Controllers\Playground\TaskRouteTest" classname="Tests.Feature.Playground.Lead.Api.Http.Controllers.Playground.TaskRouteTest" assertions="127" time="0.344748"/>
      </testsuite>
      <testsuite name="Tests\Feature\Playground\Lead\Api\Http\Controllers\Playground\TeamRouteTest" file="/app/tests/Feature/Http/Controllers/Playground/TeamRouteTest.php" tests="35" assertions="1205" errors="0" failures="0" skipped="0" time="10.597280">
        <testcase name="test_json_guest_cannot_get_create_info" file="/app/vendor/gammamatrix/playground-test/src/Feature/Http/Controllers/Resource/Playground/CreateJsonTrait.php" line="39" class="Tests\Feature\Playground\Lead\Api\Http\Controllers\Playground\TeamRouteTest" classname="Tests.Feature.Playground.Lead.Api.Http.Controllers.Playground.TeamRouteTest" assertions="1" time="0.306882"/>
        <testcase name="test_json_admin_can_get_create_info" file="/app/vendor/gammamatrix/playground-test/src/Feature/Http/Controllers/Resource/Playground/CreateJsonTrait.php" line="54" class="Tests\Feature\Playground\Lead\Api\Http\Controllers\Playground\TeamRouteTest" classname="Tests.Feature.Playground.Lead.Api.Http.Controllers.Playground.TeamRouteTest" assertions="123" time="0.298782"/>
        <testcase name="test_json_get_create_info_as_admin_with_invalid_parameter_and_fail_validation" file="/app/vendor/gammamatrix/playground-test/src/Feature/Http/Controllers/Resource/Playground/CreateJsonTrait.php" line="74" class="Tests\Feature\Playground\Lead\Api\Http\Controllers\Playground\TeamRouteTest" classname="Tests.Feature.Playground.Lead.Api.Http.Controllers.Playground.TeamRouteTest" assertions="4" time="0.288188"/>
        <testcase name="test_json_guest_cannot_destroy" file="/app/vendor/gammamatrix/playground-test/src/Feature/Http/Controllers/Resource/Playground/DestroyJsonTrait.php" line="32" class="Tests\Feature\Playground\Lead\Api\Http\Controllers\Playground\TeamRouteTest" classname="Tests.Feature.Playground.Lead.Api.Http.Controllers.Playground.TeamRouteTest" assertions="3" time="0.289164"/>
        <testcase name="test_json_destroy_as_admin_and_succeed" file="/app/vendor/gammamatrix/playground-test/src/Feature/Http/Controllers/Resource/Playground/DestroyJsonTrait.php" line="62" class="Tests\Feature\Playground\Lead\Api\Http\Controllers\Playground\TeamRouteTest" classname="Tests.Feature.Playground.Lead.Api.Http.Controllers.Playground.TeamRouteTest" assertions="5" time="0.295126"/>
        <testcase name="test_json_destroy_as_admin_and_succeed_with_force_delete" file="/app/vendor/gammamatrix/playground-test/src/Feature/Http/Controllers/Resource/Playground/DestroyJsonTrait.php" line="101" class="Tests\Feature\Playground\Lead\Api\Http\Controllers\Playground\TeamRouteTest" classname="Tests.Feature.Playground.Lead.Api.Http.Controllers.Playground.TeamRouteTest" assertions="4" time="0.287582"/>
        <testcase name="test_json_destroy_as_admin_and_succeed_with_no_content" file="/app/vendor/gammamatrix/playground-test/src/Feature/Http/Controllers/Resource/Playground/DestroyJsonTrait.php" line="133" class="Tests\Feature\Playground\Lead\Api\Http\Controllers\Playground\TeamRouteTest" classname="Tests.Feature.Playground.Lead.Api.Http.Controllers.Playground.TeamRouteTest" assertions="5" time="0.289583"/>
        <testcase name="test_json_destroy_as_admin_and_succeed_and_ignore_redirect" file="/app/vendor/gammamatrix/playground-test/src/Feature/Http/Controllers/Resource/Playground/DestroyJsonTrait.php" line="168" class="Tests\Feature\Playground\Lead\Api\Http\Controllers\Playground\TeamRouteTest" classname="Tests.Feature.Playground.Lead.Api.Http.Controllers.Playground.TeamRouteTest" assertions="5" time="0.310637"/>
        <testcase name="test_json_destroy_as_user_and_get_denied_and_no_force_delete_allowed" file="/app/vendor/gammamatrix/playground-test/src/Feature/Http/Controllers/Resource/Playground/DestroyJsonTrait.php" line="210" class="Tests\Feature\Playground\Lead\Api\Http\Controllers\Playground\TeamRouteTest" classname="Tests.Feature.Playground.Lead.Api.Http.Controllers.Playground.TeamRouteTest" assertions="3" time="0.295634"/>
        <testcase name="test_json_guest_cannot_get_edit_info" file="/app/vendor/gammamatrix/playground-test/src/Feature/Http/Controllers/Resource/Playground/EditJsonTrait.php" line="39" class="Tests\Feature\Playground\Lead\Api\Http\Controllers\Playground\TeamRouteTest" classname="Tests.Feature.Playground.Lead.Api.Http.Controllers.Playground.TeamRouteTest" assertions="1" time="0.296917"/>
        <testcase name="test_json_admin_can_get_edit_info" file="/app/vendor/gammamatrix/playground-test/src/Feature/Http/Controllers/Resource/Playground/EditJsonTrait.php" line="59" class="Tests\Feature\Playground\Lead\Api\Http\Controllers\Playground\TeamRouteTest" classname="Tests.Feature.Playground.Lead.Api.Http.Controllers.Playground.TeamRouteTest" assertions="4" time="0.343817"/>
        <testcase name="test_json_edit_as_admin_and_fail_validation_with_invalid_parameter" file="/app/vendor/gammamatrix/playground-test/src/Feature/Http/Controllers/Resource/Playground/EditJsonTrait.php" line="88" class="Tests\Feature\Playground\Lead\Api\Http\Controllers\Playground\TeamRouteTest" classname="Tests.Feature.Playground.Lead.Api.Http.Controllers.Playground.TeamRouteTest" assertions="4" time="0.307952"/>
        <testcase name="test_json_guest_cannot_get_index" file="/app/vendor/gammamatrix/playground-test/src/Feature/Http/Controllers/Resource/Playground/IndexJsonTrait.php" line="35" class="Tests\Feature\Playground\Lead\Api\Http\Controllers\Playground\TeamRouteTest" classname="Tests.Feature.Playground.Lead.Api.Http.Controllers.Playground.TeamRouteTest" assertions="1" time="0.282030"/>
        <testcase name="test_json_admin_can_get_index" file="/app/vendor/gammamatrix/playground-test/src/Feature/Http/Controllers/Resource/Playground/IndexJsonTrait.php" line="50" class="Tests\Feature\Playground\Lead\Api\Http\Controllers\Playground\TeamRouteTest" classname="Tests.Feature.Playground.Lead.Api.Http.Controllers.Playground.TeamRouteTest" assertions="127" time="0.309442"/>
        <testcase name="test_json_admin_can_get_index_with_filters" file="/app/vendor/gammamatrix/playground-test/src/Feature/Http/Controllers/Resource/Playground/IndexJsonTrait.php" line="86" class="Tests\Feature\Playground\Lead\Api\Http\Controllers\Playground\TeamRouteTest" classname="Tests.Feature.Playground.Lead.Api.Http.Controllers.Playground.TeamRouteTest" assertions="3" time="0.305277"/>
        <testcase name="test_json_guest_cannot_lock" file="/app/vendor/gammamatrix/playground-test/src/Feature/Http/Controllers/Resource/Playground/LockJsonTrait.php" line="37" class="Tests\Feature\Playground\Lead\Api\Http\Controllers\Playground\TeamRouteTest" classname="Tests.Feature.Playground.Lead.Api.Http.Controllers.Playground.TeamRouteTest" assertions="3" time="0.284585"/>
        <testcase name="test_json_lock_as_admin_and_succeed" file="/app/vendor/gammamatrix/playground-test/src/Feature/Http/Controllers/Resource/Playground/LockJsonTrait.php" line="67" class="Tests\Feature\Playground\Lead\Api\Http\Controllers\Playground\TeamRouteTest" classname="Tests.Feature.Playground.Lead.Api.Http.Controllers.Playground.TeamRouteTest" assertions="3" time="0.301355"/>
        <testcase name="test_json_lock_as_admin_and_succeed_with_no_redirect" file="/app/vendor/gammamatrix/playground-test/src/Feature/Http/Controllers/Resource/Playground/LockJsonTrait.php" line="99" class="Tests\Feature\Playground\Lead\Api\Http\Controllers\Playground\TeamRouteTest" classname="Tests.Feature.Playground.Lead.Api.Http.Controllers.Playground.TeamRouteTest" assertions="125" time="0.310814"/>
        <testcase name="test_json_lock_as_user_and_get_denied" file="/app/vendor/gammamatrix/playground-test/src/Feature/Http/Controllers/Resource/Playground/LockJsonTrait.php" line="144" class="Tests\Feature\Playground\Lead\Api\Http\Controllers\Playground\TeamRouteTest" classname="Tests.Feature.Playground.Lead.Api.Http.Controllers.Playground.TeamRouteTest" assertions="3" time="0.288865"/>
        <testcase name="test_json_guest_cannot_restore" file="/app/vendor/gammamatrix/playground-test/src/Feature/Http/Controllers/Resource/Playground/RestoreJsonTrait.php" line="33" class="Tests\Feature\Playground\Lead\Api\Http\Controllers\Playground\TeamRouteTest" classname="Tests.Feature.Playground.Lead.Api.Http.Controllers.Playground.TeamRouteTest" assertions="3" time="0.286553"/>
        <testcase name="test_json_restore_as_admin_and_succeed" file="/app/vendor/gammamatrix/playground-test/src/Feature/Http/Controllers/Resource/Playground/RestoreJsonTrait.php" line="65" class="Tests\Feature\Playground\Lead\Api\Http\Controllers\Playground\TeamRouteTest" classname="Tests.Feature.Playground.Lead.Api.Http.Controllers.Playground.TeamRouteTest" assertions="125" time="0.316376"/>
        <testcase name="test_json_restore_as_admin_and_succeed_with_no_redirect" file="/app/vendor/gammamatrix/playground-test/src/Feature/Http/Controllers/Resource/Playground/RestoreJsonTrait.php" line="101" class="Tests\Feature\Playground\Lead\Api\Http\Controllers\Playground\TeamRouteTest" classname="Tests.Feature.Playground.Lead.Api.Http.Controllers.Playground.TeamRouteTest" assertions="125" time="0.306186"/>
        <testcase name="test_json_restore_as_user_and_get_denied" file="/app/vendor/gammamatrix/playground-test/src/Feature/Http/Controllers/Resource/Playground/RestoreJsonTrait.php" line="144" class="Tests\Feature\Playground\Lead\Api\Http\Controllers\Playground\TeamRouteTest" classname="Tests.Feature.Playground.Lead.Api.Http.Controllers.Playground.TeamRouteTest" assertions="3" time="0.301372"/>
        <testcase name="test_json_guest_cannot_see_info" file="/app/vendor/gammamatrix/playground-test/src/Feature/Http/Controllers/Resource/Playground/ShowJsonTrait.php" line="30" class="Tests\Feature\Playground\Lead\Api\Http\Controllers\Playground\TeamRouteTest" classname="Tests.Feature.Playground.Lead.Api.Http.Controllers.Playground.TeamRouteTest" assertions="1" time="0.295108"/>
        <testcase name="test_json_show_info_for_admin" file="/app/vendor/gammamatrix/playground-test/src/Feature/Http/Controllers/Resource/Playground/ShowJsonTrait.php" line="50" class="Tests\Feature\Playground\Lead\Api\Http\Controllers\Playground\TeamRouteTest" classname="Tests.Feature.Playground.Lead.Api.Http.Controllers.Playground.TeamRouteTest" assertions="124" time="0.305619"/>
        <testcase name="test_json_guest_cannot_store" file="/app/vendor/gammamatrix/playground-test/src/Feature/Http/Controllers/Resource/Playground/StoreJsonTrait.php" line="44" class="Tests\Feature\Playground\Lead\Api\Http\Controllers\Playground\TeamRouteTest" classname="Tests.Feature.Playground.Lead.Api.Http.Controllers.Playground.TeamRouteTest" assertions="3" time="0.280505"/>
        <testcase name="test_json_store_as_admin_without_payload_and_fail_validation" file="/app/vendor/gammamatrix/playground-test/src/Feature/Http/Controllers/Resource/Playground/StoreJsonTrait.php" line="67" class="Tests\Feature\Playground\Lead\Api\Http\Controllers\Playground\TeamRouteTest" classname="Tests.Feature.Playground.Lead.Api.Http.Controllers.Playground.TeamRouteTest" assertions="5" time="0.297244"/>
        <testcase name="test_json_store_as_admin_and_succeed" file="/app/vendor/gammamatrix/playground-test/src/Feature/Http/Controllers/Resource/Playground/StoreJsonTrait.php" line="93" class="Tests\Feature\Playground\Lead\Api\Http\Controllers\Playground\TeamRouteTest" classname="Tests.Feature.Playground.Lead.Api.Http.Controllers.Playground.TeamRouteTest" assertions="3" time="0.331532"/>
        <testcase name="test_json_guest_cannot_unlock" file="/app/vendor/gammamatrix/playground-test/src/Feature/Http/Controllers/Resource/Playground/UnlockJsonTrait.php" line="37" class="Tests\Feature\Playground\Lead\Api\Http\Controllers\Playground\TeamRouteTest" classname="Tests.Feature.Playground.Lead.Api.Http.Controllers.Playground.TeamRouteTest" assertions="3" time="0.301095"/>
        <testcase name="test_json_unlock_as_admin_and_succeed" file="/app/vendor/gammamatrix/playground-test/src/Feature/Http/Controllers/Resource/Playground/UnlockJsonTrait.php" line="69" class="Tests\Feature\Playground\Lead\Api\Http\Controllers\Playground\TeamRouteTest" classname="Tests.Feature.Playground.Lead.Api.Http.Controllers.Playground.TeamRouteTest" assertions="125" time="0.309986"/>
        <testcase name="test_json_unlock_as_admin_and_succeed_with_no_redirect" file="/app/vendor/gammamatrix/playground-test/src/Feature/Http/Controllers/Resource/Playground/UnlockJsonTrait.php" line="105" class="Tests\Feature\Playground\Lead\Api\Http\Controllers\Playground\TeamRouteTest" classname="Tests.Feature.Playground.Lead.Api.Http.Controllers.Playground.TeamRouteTest" assertions="125" time="0.311271"/>
        <testcase name="test_json_unlock_as_user_and_get_denied" file="/app/vendor/gammamatrix/playground-test/src/Feature/Http/Controllers/Resource/Playground/UnlockJsonTrait.php" line="146" class="Tests\Feature\Playground\Lead\Api\Http\Controllers\Playground\TeamRouteTest" classname="Tests.Feature.Playground.Lead.Api.Http.Controllers.Playground.TeamRouteTest" assertions="3" time="0.303389"/>
        <testcase name="test_json_guest_cannot_update" file="/app/vendor/gammamatrix/playground-test/src/Feature/Http/Controllers/Resource/Playground/UpdateJsonTrait.php" line="46" class="Tests\Feature\Playground\Lead\Api\Http\Controllers\Playground\TeamRouteTest" classname="Tests.Feature.Playground.Lead.Api.Http.Controllers.Playground.TeamRouteTest" assertions="1" time="0.286072"/>
        <testcase name="test_json_update_as_admin_without_payload_and_passes_validation" file="/app/vendor/gammamatrix/playground-test/src/Feature/Http/Controllers/Resource/Playground/UpdateJsonTrait.php" line="66" class="Tests\Feature\Playground\Lead\Api\Http\Controllers\Playground\TeamRouteTest" classname="Tests.Feature.Playground.Lead.Api.Http.Controllers.Playground.TeamRouteTest" assertions="2" time="0.333815"/>
        <testcase name="test_json_admin_can_update" file="/app/vendor/gammamatrix/playground-test/src/Feature/Http/Controllers/Resource/Playground/UpdateJsonTrait.php" line="114" class="Tests\Feature\Playground\Lead\Api\Http\Controllers\Playground\TeamRouteTest" classname="Tests.Feature.Playground.Lead.Api.Http.Controllers.Playground.TeamRouteTest" assertions="127" time="0.338524"/>
      </testsuite>
      <testsuite name="Tests\Feature\Playground\Lead\Api\Http\Controllers\Playground\TeammateRouteTest" file="/app/tests/Feature/Http/Controllers/Playground/TeammateRouteTest.php" tests="35" assertions="1205" errors="0" failures="0" skipped="0" time="10.555211">
        <testcase name="test_json_guest_cannot_get_create_info" file="/app/vendor/gammamatrix/playground-test/src/Feature/Http/Controllers/Resource/Playground/CreateJsonTrait.php" line="39" class="Tests\Feature\Playground\Lead\Api\Http\Controllers\Playground\TeammateRouteTest" classname="Tests.Feature.Playground.Lead.Api.Http.Controllers.Playground.TeammateRouteTest" assertions="1" time="0.266557"/>
        <testcase name="test_json_admin_can_get_create_info" file="/app/vendor/gammamatrix/playground-test/src/Feature/Http/Controllers/Resource/Playground/CreateJsonTrait.php" line="54" class="Tests\Feature\Playground\Lead\Api\Http\Controllers\Playground\TeammateRouteTest" classname="Tests.Feature.Playground.Lead.Api.Http.Controllers.Playground.TeammateRouteTest" assertions="123" time="0.292645"/>
        <testcase name="test_json_get_create_info_as_admin_with_invalid_parameter_and_fail_validation" file="/app/vendor/gammamatrix/playground-test/src/Feature/Http/Controllers/Resource/Playground/CreateJsonTrait.php" line="74" class="Tests\Feature\Playground\Lead\Api\Http\Controllers\Playground\TeammateRouteTest" classname="Tests.Feature.Playground.Lead.Api.Http.Controllers.Playground.TeammateRouteTest" assertions="4" time="0.283013"/>
        <testcase name="test_json_guest_cannot_destroy" file="/app/vendor/gammamatrix/playground-test/src/Feature/Http/Controllers/Resource/Playground/DestroyJsonTrait.php" line="32" class="Tests\Feature\Playground\Lead\Api\Http\Controllers\Playground\TeammateRouteTest" classname="Tests.Feature.Playground.Lead.Api.Http.Controllers.Playground.TeammateRouteTest" assertions="3" time="0.276331"/>
        <testcase name="test_json_destroy_as_admin_and_succeed" file="/app/vendor/gammamatrix/playground-test/src/Feature/Http/Controllers/Resource/Playground/DestroyJsonTrait.php" line="62" class="Tests\Feature\Playground\Lead\Api\Http\Controllers\Playground\TeammateRouteTest" classname="Tests.Feature.Playground.Lead.Api.Http.Controllers.Playground.TeammateRouteTest" assertions="5" time="0.294271"/>
        <testcase name="test_json_destroy_as_admin_and_succeed_with_force_delete" file="/app/vendor/gammamatrix/playground-test/src/Feature/Http/Controllers/Resource/Playground/DestroyJsonTrait.php" line="101" class="Tests\Feature\Playground\Lead\Api\Http\Controllers\Playground\TeammateRouteTest" classname="Tests.Feature.Playground.Lead.Api.Http.Controllers.Playground.TeammateRouteTest" assertions="4" time="0.295862"/>
        <testcase name="test_json_destroy_as_admin_and_succeed_with_no_content" file="/app/vendor/gammamatrix/playground-test/src/Feature/Http/Controllers/Resource/Playground/DestroyJsonTrait.php" line="133" class="Tests\Feature\Playground\Lead\Api\Http\Controllers\Playground\TeammateRouteTest" classname="Tests.Feature.Playground.Lead.Api.Http.Controllers.Playground.TeammateRouteTest" assertions="5" time="0.298566"/>
        <testcase name="test_json_destroy_as_admin_and_succeed_and_ignore_redirect" file="/app/vendor/gammamatrix/playground-test/src/Feature/Http/Controllers/Resource/Playground/DestroyJsonTrait.php" line="168" class="Tests\Feature\Playground\Lead\Api\Http\Controllers\Playground\TeammateRouteTest" classname="Tests.Feature.Playground.Lead.Api.Http.Controllers.Playground.TeammateRouteTest" assertions="5" time="0.299019"/>
        <testcase name="test_json_destroy_as_user_and_get_denied_and_no_force_delete_allowed" file="/app/vendor/gammamatrix/playground-test/src/Feature/Http/Controllers/Resource/Playground/DestroyJsonTrait.php" line="210" class="Tests\Feature\Playground\Lead\Api\Http\Controllers\Playground\TeammateRouteTest" classname="Tests.Feature.Playground.Lead.Api.Http.Controllers.Playground.TeammateRouteTest" assertions="3" time="0.294202"/>
        <testcase name="test_json_guest_cannot_get_edit_info" file="/app/vendor/gammamatrix/playground-test/src/Feature/Http/Controllers/Resource/Playground/EditJsonTrait.php" line="39" class="Tests\Feature\Playground\Lead\Api\Http\Controllers\Playground\TeammateRouteTest" classname="Tests.Feature.Playground.Lead.Api.Http.Controllers.Playground.TeammateRouteTest" assertions="1" time="0.278772"/>
        <testcase name="test_json_admin_can_get_edit_info" file="/app/vendor/gammamatrix/playground-test/src/Feature/Http/Controllers/Resource/Playground/EditJsonTrait.php" line="59" class="Tests\Feature\Playground\Lead\Api\Http\Controllers\Playground\TeammateRouteTest" classname="Tests.Feature.Playground.Lead.Api.Http.Controllers.Playground.TeammateRouteTest" assertions="4" time="0.305029"/>
        <testcase name="test_json_edit_as_admin_and_fail_validation_with_invalid_parameter" file="/app/vendor/gammamatrix/playground-test/src/Feature/Http/Controllers/Resource/Playground/EditJsonTrait.php" line="88" class="Tests\Feature\Playground\Lead\Api\Http\Controllers\Playground\TeammateRouteTest" classname="Tests.Feature.Playground.Lead.Api.Http.Controllers.Playground.TeammateRouteTest" assertions="4" time="0.302390"/>
        <testcase name="test_json_guest_cannot_get_index" file="/app/vendor/gammamatrix/playground-test/src/Feature/Http/Controllers/Resource/Playground/IndexJsonTrait.php" line="35" class="Tests\Feature\Playground\Lead\Api\Http\Controllers\Playground\TeammateRouteTest" classname="Tests.Feature.Playground.Lead.Api.Http.Controllers.Playground.TeammateRouteTest" assertions="1" time="0.287326"/>
        <testcase name="test_json_admin_can_get_index" file="/app/vendor/gammamatrix/playground-test/src/Feature/Http/Controllers/Resource/Playground/IndexJsonTrait.php" line="50" class="Tests\Feature\Playground\Lead\Api\Http\Controllers\Playground\TeammateRouteTest" classname="Tests.Feature.Playground.Lead.Api.Http.Controllers.Playground.TeammateRouteTest" assertions="127" time="0.299816"/>
        <testcase name="test_json_admin_can_get_index_with_filters" file="/app/vendor/gammamatrix/playground-test/src/Feature/Http/Controllers/Resource/Playground/IndexJsonTrait.php" line="86" class="Tests\Feature\Playground\Lead\Api\Http\Controllers\Playground\TeammateRouteTest" classname="Tests.Feature.Playground.Lead.Api.Http.Controllers.Playground.TeammateRouteTest" assertions="3" time="0.315758"/>
        <testcase name="test_json_guest_cannot_lock" file="/app/vendor/gammamatrix/playground-test/src/Feature/Http/Controllers/Resource/Playground/LockJsonTrait.php" line="37" class="Tests\Feature\Playground\Lead\Api\Http\Controllers\Playground\TeammateRouteTest" classname="Tests.Feature.Playground.Lead.Api.Http.Controllers.Playground.TeammateRouteTest" assertions="3" time="0.303055"/>
        <testcase name="test_json_lock_as_admin_and_succeed" file="/app/vendor/gammamatrix/playground-test/src/Feature/Http/Controllers/Resource/Playground/LockJsonTrait.php" line="67" class="Tests\Feature\Playground\Lead\Api\Http\Controllers\Playground\TeammateRouteTest" classname="Tests.Feature.Playground.Lead.Api.Http.Controllers.Playground.TeammateRouteTest" assertions="3" time="0.307323"/>
        <testcase name="test_json_lock_as_admin_and_succeed_with_no_redirect" file="/app/vendor/gammamatrix/playground-test/src/Feature/Http/Controllers/Resource/Playground/LockJsonTrait.php" line="99" class="Tests\Feature\Playground\Lead\Api\Http\Controllers\Playground\TeammateRouteTest" classname="Tests.Feature.Playground.Lead.Api.Http.Controllers.Playground.TeammateRouteTest" assertions="125" time="0.302242"/>
        <testcase name="test_json_lock_as_user_and_get_denied" file="/app/vendor/gammamatrix/playground-test/src/Feature/Http/Controllers/Resource/Playground/LockJsonTrait.php" line="144" class="Tests\Feature\Playground\Lead\Api\Http\Controllers\Playground\TeammateRouteTest" classname="Tests.Feature.Playground.Lead.Api.Http.Controllers.Playground.TeammateRouteTest" assertions="3" time="0.299032"/>
        <testcase name="test_json_guest_cannot_restore" file="/app/vendor/gammamatrix/playground-test/src/Feature/Http/Controllers/Resource/Playground/RestoreJsonTrait.php" line="33" class="Tests\Feature\Playground\Lead\Api\Http\Controllers\Playground\TeammateRouteTest" classname="Tests.Feature.Playground.Lead.Api.Http.Controllers.Playground.TeammateRouteTest" assertions="3" time="0.283122"/>
        <testcase name="test_json_restore_as_admin_and_succeed" file="/app/vendor/gammamatrix/playground-test/src/Feature/Http/Controllers/Resource/Playground/RestoreJsonTrait.php" line="65" class="Tests\Feature\Playground\Lead\Api\Http\Controllers\Playground\TeammateRouteTest" classname="Tests.Feature.Playground.Lead.Api.Http.Controllers.Playground.TeammateRouteTest" assertions="125" time="0.311328"/>
        <testcase name="test_json_restore_as_admin_and_succeed_with_no_redirect" file="/app/vendor/gammamatrix/playground-test/src/Feature/Http/Controllers/Resource/Playground/RestoreJsonTrait.php" line="101" class="Tests\Feature\Playground\Lead\Api\Http\Controllers\Playground\TeammateRouteTest" classname="Tests.Feature.Playground.Lead.Api.Http.Controllers.Playground.TeammateRouteTest" assertions="125" time="0.334255"/>
        <testcase name="test_json_restore_as_user_and_get_denied" file="/app/vendor/gammamatrix/playground-test/src/Feature/Http/Controllers/Resource/Playground/RestoreJsonTrait.php" line="144" class="Tests\Feature\Playground\Lead\Api\Http\Controllers\Playground\TeammateRouteTest" classname="Tests.Feature.Playground.Lead.Api.Http.Controllers.Playground.TeammateRouteTest" assertions="3" time="0.321707"/>
        <testcase name="test_json_guest_cannot_see_info" file="/app/vendor/gammamatrix/playground-test/src/Feature/Http/Controllers/Resource/Playground/ShowJsonTrait.php" line="30" class="Tests\Feature\Playground\Lead\Api\Http\Controllers\Playground\TeammateRouteTest" classname="Tests.Feature.Playground.Lead.Api.Http.Controllers.Playground.TeammateRouteTest" assertions="1" time="0.281254"/>
        <testcase name="test_json_show_info_for_admin" file="/app/vendor/gammamatrix/playground-test/src/Feature/Http/Controllers/Resource/Playground/ShowJsonTrait.php" line="50" class="Tests\Feature\Playground\Lead\Api\Http\Controllers\Playground\TeammateRouteTest" classname="Tests.Feature.Playground.Lead.Api.Http.Controllers.Playground.TeammateRouteTest" assertions="124" time="0.301820"/>
        <testcase name="test_json_guest_cannot_store" file="/app/vendor/gammamatrix/playground-test/src/Feature/Http/Controllers/Resource/Playground/StoreJsonTrait.php" line="44" class="Tests\Feature\Playground\Lead\Api\Http\Controllers\Playground\TeammateRouteTest" classname="Tests.Feature.Playground.Lead.Api.Http.Controllers.Playground.TeammateRouteTest" assertions="3" time="0.283971"/>
        <testcase name="test_json_store_as_admin_without_payload_and_fail_validation" file="/app/vendor/gammamatrix/playground-test/src/Feature/Http/Controllers/Resource/Playground/StoreJsonTrait.php" line="67" class="Tests\Feature\Playground\Lead\Api\Http\Controllers\Playground\TeammateRouteTest" classname="Tests.Feature.Playground.Lead.Api.Http.Controllers.Playground.TeammateRouteTest" assertions="5" time="0.297171"/>
        <testcase name="test_json_store_as_admin_and_succeed" file="/app/vendor/gammamatrix/playground-test/src/Feature/Http/Controllers/Resource/Playground/StoreJsonTrait.php" line="93" class="Tests\Feature\Playground\Lead\Api\Http\Controllers\Playground\TeammateRouteTest" classname="Tests.Feature.Playground.Lead.Api.Http.Controllers.Playground.TeammateRouteTest" assertions="3" time="0.325318"/>
        <testcase name="test_json_guest_cannot_unlock" file="/app/vendor/gammamatrix/playground-test/src/Feature/Http/Controllers/Resource/Playground/UnlockJsonTrait.php" line="37" class="Tests\Feature\Playground\Lead\Api\Http\Controllers\Playground\TeammateRouteTest" classname="Tests.Feature.Playground.Lead.Api.Http.Controllers.Playground.TeammateRouteTest" assertions="3" time="0.322177"/>
        <testcase name="test_json_unlock_as_admin_and_succeed" file="/app/vendor/gammamatrix/playground-test/src/Feature/Http/Controllers/Resource/Playground/UnlockJsonTrait.php" line="69" class="Tests\Feature\Playground\Lead\Api\Http\Controllers\Playground\TeammateRouteTest" classname="Tests.Feature.Playground.Lead.Api.Http.Controllers.Playground.TeammateRouteTest" assertions="125" time="0.304612"/>
        <testcase name="test_json_unlock_as_admin_and_succeed_with_no_redirect" file="/app/vendor/gammamatrix/playground-test/src/Feature/Http/Controllers/Resource/Playground/UnlockJsonTrait.php" line="105" class="Tests\Feature\Playground\Lead\Api\Http\Controllers\Playground\TeammateRouteTest" classname="Tests.Feature.Playground.Lead.Api.Http.Controllers.Playground.TeammateRouteTest" assertions="125" time="0.304225"/>
        <testcase name="test_json_unlock_as_user_and_get_denied" file="/app/vendor/gammamatrix/playground-test/src/Feature/Http/Controllers/Resource/Playground/UnlockJsonTrait.php" line="146" class="Tests\Feature\Playground\Lead\Api\Http\Controllers\Playground\TeammateRouteTest" classname="Tests.Feature.Playground.Lead.Api.Http.Controllers.Playground.TeammateRouteTest" assertions="3" time="0.307105"/>
        <testcase name="test_json_guest_cannot_update" file="/app/vendor/gammamatrix/playground-test/src/Feature/Http/Controllers/Resource/Playground/UpdateJsonTrait.php" line="46" class="Tests\Feature\Playground\Lead\Api\Http\Controllers\Playground\TeammateRouteTest" classname="Tests.Feature.Playground.Lead.Api.Http.Controllers.Playground.TeammateRouteTest" assertions="1" time="0.299563"/>
        <testcase name="test_json_update_as_admin_without_payload_and_passes_validation" file="/app/vendor/gammamatrix/playground-test/src/Feature/Http/Controllers/Resource/Playground/UpdateJsonTrait.php" line="66" class="Tests\Feature\Playground\Lead\Api\Http\Controllers\Playground\TeammateRouteTest" classname="Tests.Feature.Playground.Lead.Api.Http.Controllers.Playground.TeammateRouteTest" assertions="2" time="0.327784"/>
        <testcase name="test_json_admin_can_update" file="/app/vendor/gammamatrix/playground-test/src/Feature/Http/Controllers/Resource/Playground/UpdateJsonTrait.php" line="114" class="Tests\Feature\Playground\Lead\Api\Http\Controllers\Playground\TeammateRouteTest" classname="Tests.Feature.Playground.Lead.Api.Http.Controllers.Playground.TeammateRouteTest" assertions="127" time="0.348591"/>
      </testsuite>
      <testsuite name="Tests\Feature\Playground\Lead\Api\Http\Requests\FormRequest\InstanceTest" file="/app/tests/Feature/Http/Requests/FormRequest/InstanceTest.php" tests="1" assertions="1" errors="0" failures="0" skipped="0" time="0.264277">
        <testcase name="test_form_request_authorize_with_admin" file="/app/tests/Feature/Http/Requests/FormRequest/InstanceTest.php" line="23" class="Tests\Feature\Playground\Lead\Api\Http\Requests\FormRequest\InstanceTest" classname="Tests.Feature.Playground.Lead.Api.Http.Requests.FormRequest.InstanceTest" assertions="1" time="0.264277"/>
      </testsuite>
    </testsuite>
  </testsuite>
</testsuites>
